Archive member included to satisfy reference by file (symbol)

/usr/lib/gap_riscv_toolchain/bin/../lib/gcc/riscv32-unknown-elf/7.1.1/rv32imcxgap8/ilp32/libgcc.a(_bswapsi2.o)
                              /module/UART_rw/BUILD/GAP8_V2/GCC_RISCV_FREERTOS//gap_sdk/rtos/pmsis/pmsis_bsp/fs/lfs/lfs.o (__bswapsi2)
/usr/lib/gap_riscv_toolchain/bin/../lib/gcc/riscv32-unknown-elf/7.1.1/rv32imcxgap8/ilp32/libgcc.a(_divdi3.o)
                              /module/UART_rw/BUILD/GAP8_V2/GCC_RISCV_FREERTOS//gap_sdk/rtos/freeRTOS/vendors/gwt/pmsis/backend/pmsis_backend_native_task_api.o (__divdi3)
/usr/lib/gap_riscv_toolchain/bin/../lib/gcc/riscv32-unknown-elf/7.1.1/rv32imcxgap8/ilp32/libgcc.a(_udivdi3.o)
                              /module/UART_rw/BUILD/GAP8_V2/GCC_RISCV_FREERTOS//gap_sdk/rtos/freeRTOS/vendors/gwt/pmsis/backend/pmsis_backend_native_task_api.o (__udivdi3)
/usr/lib/gap_riscv_toolchain/bin/../lib/gcc/riscv32-unknown-elf/7.1.1/rv32imcxgap8/ilp32/libgcc.a(adddf3.o)
                              /module/UART_rw/BUILD/GAP8_V2/GCC_RISCV_FREERTOS//gap_sdk/rtos/freeRTOS/vendors/gwt/libs/printf/printf.o (__adddf3)
/usr/lib/gap_riscv_toolchain/bin/../lib/gcc/riscv32-unknown-elf/7.1.1/rv32imcxgap8/ilp32/libgcc.a(divdf3.o)
                              /module/UART_rw/BUILD/GAP8_V2/GCC_RISCV_FREERTOS//gap_sdk/rtos/freeRTOS/vendors/gwt/libs/printf/printf.o (__divdf3)
/usr/lib/gap_riscv_toolchain/bin/../lib/gcc/riscv32-unknown-elf/7.1.1/rv32imcxgap8/ilp32/libgcc.a(eqdf2.o)
                              /module/UART_rw/BUILD/GAP8_V2/GCC_RISCV_FREERTOS//gap_sdk/rtos/freeRTOS/vendors/gwt/libs/printf/printf.o (__nedf2)
/usr/lib/gap_riscv_toolchain/bin/../lib/gcc/riscv32-unknown-elf/7.1.1/rv32imcxgap8/ilp32/libgcc.a(gedf2.o)
                              /module/UART_rw/BUILD/GAP8_V2/GCC_RISCV_FREERTOS//gap_sdk/rtos/freeRTOS/vendors/gwt/libs/printf/printf.o (__gedf2)
/usr/lib/gap_riscv_toolchain/bin/../lib/gcc/riscv32-unknown-elf/7.1.1/rv32imcxgap8/ilp32/libgcc.a(ledf2.o)
                              /module/UART_rw/BUILD/GAP8_V2/GCC_RISCV_FREERTOS//gap_sdk/rtos/freeRTOS/vendors/gwt/libs/printf/printf.o (__ltdf2)
/usr/lib/gap_riscv_toolchain/bin/../lib/gcc/riscv32-unknown-elf/7.1.1/rv32imcxgap8/ilp32/libgcc.a(muldf3.o)
                              /module/UART_rw/BUILD/GAP8_V2/GCC_RISCV_FREERTOS//gap_sdk/rtos/freeRTOS/vendors/gwt/libs/printf/printf.o (__muldf3)
/usr/lib/gap_riscv_toolchain/bin/../lib/gcc/riscv32-unknown-elf/7.1.1/rv32imcxgap8/ilp32/libgcc.a(subdf3.o)
                              /module/UART_rw/BUILD/GAP8_V2/GCC_RISCV_FREERTOS//gap_sdk/rtos/freeRTOS/vendors/gwt/libs/printf/printf.o (__subdf3)
/usr/lib/gap_riscv_toolchain/bin/../lib/gcc/riscv32-unknown-elf/7.1.1/rv32imcxgap8/ilp32/libgcc.a(fixdfsi.o)
                              /module/UART_rw/BUILD/GAP8_V2/GCC_RISCV_FREERTOS//gap_sdk/rtos/freeRTOS/vendors/gwt/libs/printf/printf.o (__fixdfsi)
/usr/lib/gap_riscv_toolchain/bin/../lib/gcc/riscv32-unknown-elf/7.1.1/rv32imcxgap8/ilp32/libgcc.a(fixunsdfsi.o)
                              /module/UART_rw/BUILD/GAP8_V2/GCC_RISCV_FREERTOS//gap_sdk/rtos/freeRTOS/vendors/gwt/libs/printf/printf.o (__fixunsdfsi)
/usr/lib/gap_riscv_toolchain/bin/../lib/gcc/riscv32-unknown-elf/7.1.1/rv32imcxgap8/ilp32/libgcc.a(floatsidf.o)
                              /module/UART_rw/BUILD/GAP8_V2/GCC_RISCV_FREERTOS//gap_sdk/rtos/freeRTOS/vendors/gwt/libs/printf/printf.o (__floatsidf)
/usr/lib/gap_riscv_toolchain/bin/../lib/gcc/riscv32-unknown-elf/7.1.1/rv32imcxgap8/ilp32/libgcc.a(floatunsidf.o)
                              /module/UART_rw/BUILD/GAP8_V2/GCC_RISCV_FREERTOS//gap_sdk/rtos/freeRTOS/vendors/gwt/libs/printf/printf.o (__floatunsidf)
/usr/lib/gap_riscv_toolchain/bin/../lib/gcc/riscv32-unknown-elf/7.1.1/rv32imcxgap8/ilp32/libgcc.a(divsf3.o)
                              /module/UART_rw/BUILD/GAP8_V2/GCC_RISCV_FREERTOS//gap_sdk/rtos/freeRTOS/vendors/gwt/gap8/pmsis/drivers/timer/timer.o (__divsf3)
/usr/lib/gap_riscv_toolchain/bin/../lib/gcc/riscv32-unknown-elf/7.1.1/rv32imcxgap8/ilp32/libgcc.a(mulsf3.o)
                              /module/UART_rw/BUILD/GAP8_V2/GCC_RISCV_FREERTOS//gap_sdk/rtos/freeRTOS/vendors/gwt/gap8/pmsis/drivers/timer/timer.o (__mulsf3)
/usr/lib/gap_riscv_toolchain/bin/../lib/gcc/riscv32-unknown-elf/7.1.1/rv32imcxgap8/ilp32/libgcc.a(fixunssfsi.o)
                              /module/UART_rw/BUILD/GAP8_V2/GCC_RISCV_FREERTOS//gap_sdk/rtos/freeRTOS/vendors/gwt/gap8/pmsis/drivers/timer/timer.o (__fixunssfsi)
/usr/lib/gap_riscv_toolchain/bin/../lib/gcc/riscv32-unknown-elf/7.1.1/rv32imcxgap8/ilp32/libgcc.a(floatunsisf.o)
                              /module/UART_rw/BUILD/GAP8_V2/GCC_RISCV_FREERTOS//gap_sdk/rtos/freeRTOS/vendors/gwt/gap8/pmsis/drivers/timer/timer.o (__floatunsisf)
/usr/lib/gap_riscv_toolchain/bin/../lib/gcc/riscv32-unknown-elf/7.1.1/rv32imcxgap8/ilp32/libgcc.a(_clz.o)
[...]
Memory Configuration

Name             Origin             Length             Attributes
FC_tcdm          0x000000001b000000 0x0000000000004000
fc_tcdm_aliased  0x0000000000000004 0x0000000000003ffc
L2               0x000000001c000000 0x0000000000080000
L1_sram          0x0000000010000000 0x0000000000010000
*default*        0x0000000000000000 0xffffffffffffffff

Linker script and memory map

LOAD /module/UART_rw/BUILD/GAP8_V2/GCC_RISCV_FREERTOS/UART_rw.o
LOAD /module/UART_rw/BUILD/GAP8_V2/GCC_RISCV_FREERTOS/../lib/cpx/src/com.o
LOAD /module/UART_rw/BUILD/GAP8_V2/GCC_RISCV_FREERTOS/../lib/cpx/src/cpx.o
LOAD /module/UART_rw/BUILD/GAP8_V2/GCC_RISCV_FREERTOS//gap_sdk/libs/gap_lib/jpeg/dct.o
LOAD /module/UART_rw/BUILD/GAP8_V2/GCC_RISCV_FREERTOS//gap_sdk/libs/gap_lib/jpeg/jpeg_constants.o
LOAD /module/UART_rw/BUILD/GAP8_V2/GCC_RISCV_FREERTOS//gap_sdk/libs/gap_lib/jpeg/jpeg_encoder.o
LOAD /module/UART_rw/BUILD/GAP8_V2/GCC_RISCV_FREERTOS//gap_sdk/libs/gap_lib/jpeg/cluster.o
LOAD /module/UART_rw/BUILD/GAP8_V2/GCC_RISCV_FREERTOS//gap_sdk/rtos/freeRTOS/vendors/gwt/gap8/src/device/gap8_iet.o
LOAD /module/UART_rw/BUILD/GAP8_V2/GCC_RISCV_FREERTOS//gap_sdk/rtos/freeRTOS/vendors/gwt/gap8/src/device/startup_gap8.o
LOAD /module/UART_rw/BUILD/GAP8_V2/GCC_RISCV_FREERTOS//gap_sdk/rtos/freeRTOS/vendors/gwt/gap8/pmsis/cluster/drivers/cluster_synchronisation/cluster_core.o
LOAD /module/UART_rw/BUILD/GAP8_V2/GCC_RISCV_FREERTOS//gap_sdk/rtos/freeRTOS/vendors/gwt/gap8/pmsis/util/asm_util.o
LOAD /module/UART_rw/BUILD/GAP8_V2/GCC_RISCV_FREERTOS//gap_sdk/rtos/freeRTOS/freertos_kernel/portable/GCC/RI5CY-GAP8/port_asm.o
LOAD /module/UART_rw/BUILD/GAP8_V2/GCC_RISCV_FREERTOS//gap_sdk/rtos/freeRTOS/vendors/gwt/gap8/src/device/system_gap8.o
LOAD /module/UART_rw/BUILD/GAP8_V2/GCC_RISCV_FREERTOS//gap_sdk/rtos/freeRTOS/vendors/gwt/gap8/src/device/gap8_it.o
LOAD /module/UART_rw/BUILD/GAP8_V2/GCC_RISCV_FREERTOS//gap_sdk/rtos/freeRTOS/vendors/gwt/gap8/src/driver/gap_io.o
LOAD /module/UART_rw/BUILD/GAP8_V2/GCC_RISCV_FREERTOS//gap_sdk/rtos/freeRTOS/vendors/gwt/libs/src/stdlib.o
LOAD /module/UART_rw/BUILD/GAP8_V2/GCC_RISCV_FREERTOS//gap_sdk/rtos/freeRTOS/vendors/gwt/libs/src/errno.o
LOAD /module/UART_rw/BUILD/GAP8_V2/GCC_RISCV_FREERTOS//gap_sdk/rtos/freeRTOS/vendors/gwt/libs/src/string.o
LOAD /module/UART_rw/BUILD/GAP8_V2/GCC_RISCV_FREERTOS//gap_sdk/rtos/freeRTOS/vendors/gwt/gap8/pmsis/cluster/malloc/cl_malloc.o
LOAD /module/UART_rw/BUILD/GAP8_V2/GCC_RISCV_FREERTOS//gap_sdk/rtos/freeRTOS/vendors/gwt/gap8/pmsis/cluster/drivers/cluster_synchronisation/cl_to_fc_delegate.o
LOAD /module/UART_rw/BUILD/GAP8_V2/GCC_RISCV_FREERTOS//gap_sdk/rtos/freeRTOS/vendors/gwt/gap8/pmsis/cluster/drivers/cluster_synchronisation/fc_to_cl_delegate.o
LOAD /module/UART_rw/BUILD/GAP8_V2/GCC_RISCV_FREERTOS//gap_sdk/rtos/freeRTOS/vendors/gwt/gap8/pmsis/cluster/drivers/cluster_team/cl_team.o
LOAD /module/UART_rw/BUILD/GAP8_V2/GCC_RISCV_FREERTOS//gap_sdk/rtos/freeRTOS/vendors/gwt/gap8/pmsis/cluster/drivers/delegate/hyperbus/hyperbus_cl_internal.o
LOAD /module/UART_rw/BUILD/GAP8_V2/GCC_RISCV_FREERTOS//gap_sdk/rtos/freeRTOS/vendors/gwt/gap8/pmsis/cluster/drivers/delegate/uart/uart_cl_internal.o
LOAD /module/UART_rw/BUILD/GAP8_V2/GCC_RISCV_FREERTOS//gap_sdk/rtos/freeRTOS/vendors/gwt/gap8/pmsis/cluster/drivers/dma/cl_dma_irq.o
LOAD /module/UART_rw/BUILD/GAP8_V2/GCC_RISCV_FREERTOS//gap_sdk/rtos/freeRTOS/vendors/gwt/gap8/pmsis/drivers/fc_event/fc_event.o
LOAD /module/UART_rw/BUILD/GAP8_V2/GCC_RISCV_FREERTOS//gap_sdk/rtos/freeRTOS/vendors/gwt/gap8/pmsis/drivers/fll/fll.o
LOAD /module/UART_rw/BUILD/GAP8_V2/GCC_RISCV_FREERTOS//gap_sdk/rtos/freeRTOS/vendors/gwt/gap8/pmsis/drivers/gpio/gpio.o
LOAD /module/UART_rw/BUILD/GAP8_V2/GCC_RISCV_FREERTOS//gap_sdk/rtos/freeRTOS/vendors/gwt/gap8/pmsis/drivers/pad/pad.o
LOAD /module/UART_rw/BUILD/GAP8_V2/GCC_RISCV_FREERTOS//gap_sdk/rtos/freeRTOS/vendors/gwt/gap8/pmsis/drivers/pmu/pmu.o
LOAD /module/UART_rw/BUILD/GAP8_V2/GCC_RISCV_FREERTOS//gap_sdk/rtos/freeRTOS/vendors/gwt/gap8/pmsis/drivers/pmu/pmu_internal.o
LOAD /module/UART_rw/BUILD/GAP8_V2/GCC_RISCV_FREERTOS//gap_sdk/rtos/freeRTOS/vendors/gwt/gap8/pmsis/drivers/pwm/pwm.o
LOAD /module/UART_rw/BUILD/GAP8_V2/GCC_RISCV_FREERTOS//gap_sdk/rtos/freeRTOS/vendors/gwt/gap8/pmsis/drivers/pwm/pwm_internal.o
LOAD /module/UART_rw/BUILD/GAP8_V2/GCC_RISCV_FREERTOS//gap_sdk/rtos/freeRTOS/vendors/gwt/gap8/pmsis/drivers/rtc/rtc.o
LOAD /module/UART_rw/BUILD/GAP8_V2/GCC_RISCV_FREERTOS//gap_sdk/rtos/freeRTOS/vendors/gwt/gap8/pmsis/drivers/rtc/rtc_internal.o
LOAD /module/UART_rw/BUILD/GAP8_V2/GCC_RISCV_FREERTOS//gap_sdk/rtos/freeRTOS/vendors/gwt/gap8/pmsis/drivers/timer/timer.o
LOAD /module/UART_rw/BUILD/GAP8_V2/GCC_RISCV_FREERTOS//gap_sdk/rtos/freeRTOS/vendors/gwt/gap8/pmsis/drivers/udma/hyperbus/hyperbus.o
LOAD /module/UART_rw/BUILD/GAP8_V2/GCC_RISCV_FREERTOS//gap_sdk/rtos/freeRTOS/vendors/gwt/gap8/pmsis/drivers/udma/hyperbus/hyperbus_internal.o
LOAD /module/UART_rw/BUILD/GAP8_V2/GCC_RISCV_FREERTOS//gap_sdk/rtos/freeRTOS/vendors/gwt/gap8/pmsis/drivers/udma/cpi/cpi.o
LOAD /module/UART_rw/BUILD/GAP8_V2/GCC_RISCV_FREERTOS//gap_sdk/rtos/freeRTOS/vendors/gwt/gap8/pmsis/drivers/udma/cpi/cpi_internal.o
LOAD /module/UART_rw/BUILD/GAP8_V2/GCC_RISCV_FREERTOS//gap_sdk/rtos/freeRTOS/vendors/gwt/gap8/pmsis/drivers/udma/dmacpy/dmacpy.o
LOAD /module/UART_rw/BUILD/GAP8_V2/GCC_RISCV_FREERTOS//gap_sdk/rtos/freeRTOS/vendors/gwt/gap8/pmsis/drivers/udma/dmacpy/dmacpy_internal.o
LOAD /module/UART_rw/BUILD/GAP8_V2/GCC_RISCV_FREERTOS//gap_sdk/rtos/freeRTOS/vendors/gwt/gap8/pmsis/drivers/udma/i2c/i2c.o
LOAD /module/UART_rw/BUILD/GAP8_V2/GCC_RISCV_FREERTOS//gap_sdk/rtos/freeRTOS/vendors/gwt/gap8/pmsis/drivers/udma/i2c/i2c_internal.o
LOAD /module/UART_rw/BUILD/GAP8_V2/GCC_RISCV_FREERTOS//gap_sdk/rtos/freeRTOS/vendors/gwt/gap8/pmsis/drivers/udma/i2s/i2s.o
LOAD /module/UART_rw/BUILD/GAP8_V2/GCC_RISCV_FREERTOS//gap_sdk/rtos/freeRTOS/vendors/gwt/gap8/pmsis/drivers/udma/i2s/i2s_internal.o
LOAD /module/UART_rw/BUILD/GAP8_V2/GCC_RISCV_FREERTOS//gap_sdk/rtos/freeRTOS/vendors/gwt/gap8/pmsis/drivers/udma/spi/spi.o
LOAD /module/UART_rw/BUILD/GAP8_V2/GCC_RISCV_FREERTOS//gap_sdk/rtos/freeRTOS/vendors/gwt/gap8/pmsis/drivers/udma/spi/spi_internal.o
LOAD /module/UART_rw/BUILD/GAP8_V2/GCC_RISCV_FREERTOS//gap_sdk/rtos/freeRTOS/vendors/gwt/gap8/pmsis/drivers/udma/uart/uart.o
LOAD /module/UART_rw/BUILD/GAP8_V2/GCC_RISCV_FREERTOS//gap_sdk/rtos/freeRTOS/vendors/gwt/gap8/pmsis/drivers/udma/uart/uart_internal.o
LOAD /module/UART_rw/BUILD/GAP8_V2/GCC_RISCV_FREERTOS//gap_sdk/rtos/pmsis/pmsis_bsp/flash/flash.o
LOAD /module/UART_rw/BUILD/GAP8_V2/GCC_RISCV_FREERTOS//gap_sdk/rtos/pmsis/pmsis_bsp/partition/partition.o
LOAD /module/UART_rw/BUILD/GAP8_V2/GCC_RISCV_FREERTOS//gap_sdk/rtos/pmsis/pmsis_bsp/partition/flash_partition.o
LOAD /module/UART_rw/BUILD/GAP8_V2/GCC_RISCV_FREERTOS//gap_sdk/rtos/pmsis/pmsis_bsp/crc/md5.o
LOAD /module/UART_rw/BUILD/GAP8_V2/GCC_RISCV_FREERTOS//gap_sdk/rtos/pmsis/pmsis_bsp/fs/fs.o
LOAD /module/UART_rw/BUILD/GAP8_V2/GCC_RISCV_FREERTOS//gap_sdk/rtos/pmsis/pmsis_bsp/fs/lfs/lfs.o
LOAD /module/UART_rw/BUILD/GAP8_V2/GCC_RISCV_FREERTOS//gap_sdk/rtos/pmsis/pmsis_bsp/fs/lfs/lfs_util.o
LOAD /module/UART_rw/BUILD/GAP8_V2/GCC_RISCV_FREERTOS//gap_sdk/rtos/pmsis/pmsis_bsp/fs/lfs/pi_lfs.o
LOAD /module/UART_rw/BUILD/GAP8_V2/GCC_RISCV_FREERTOS//gap_sdk/rtos/pmsis/pmsis_bsp/fs/read_fs/read_fs.o
LOAD /module/UART_rw/BUILD/GAP8_V2/GCC_RISCV_FREERTOS//gap_sdk/rtos/pmsis/pmsis_bsp/fs/host_fs/semihost.o
LOAD /module/UART_rw/BUILD/GAP8_V2/GCC_RISCV_FREERTOS//gap_sdk/rtos/pmsis/pmsis_bsp/fs/host_fs/host_fs.o
LOAD /module/UART_rw/BUILD/GAP8_V2/GCC_RISCV_FREERTOS//gap_sdk/rtos/pmsis/pmsis_bsp/ota/ota.o
LOAD /module/UART_rw/BUILD/GAP8_V2/GCC_RISCV_FREERTOS//gap_sdk/rtos/pmsis/pmsis_bsp/ota/ota_utility.o
LOAD /module/UART_rw/BUILD/GAP8_V2/GCC_RISCV_FREERTOS//gap_sdk/rtos/pmsis/pmsis_bsp/ota/updater.o
LOAD /module/UART_rw/BUILD/GAP8_V2/GCC_RISCV_FREERTOS//gap_sdk/rtos/pmsis/pmsis_bsp/bootloader/bootloader_utility.o
LOAD /module/UART_rw/BUILD/GAP8_V2/GCC_RISCV_FREERTOS//gap_sdk/rtos/pmsis/pmsis_bsp/bsp/ai_deck.o
LOAD /module/UART_rw/BUILD/GAP8_V2/GCC_RISCV_FREERTOS//gap_sdk/rtos/pmsis/pmsis_bsp/camera/camera.o
LOAD /module/UART_rw/BUILD/GAP8_V2/GCC_RISCV_FREERTOS//gap_sdk/rtos/pmsis/pmsis_bsp/camera/himax/himax.o
LOAD /module/UART_rw/BUILD/GAP8_V2/GCC_RISCV_FREERTOS//gap_sdk/rtos/pmsis/pmsis_bsp/flash/hyperflash/hyperflash.o
LOAD /module/UART_rw/BUILD/GAP8_V2/GCC_RISCV_FREERTOS//gap_sdk/rtos/pmsis/pmsis_bsp/ram/hyperram/hyperram.o
LOAD /module/UART_rw/BUILD/GAP8_V2/GCC_RISCV_FREERTOS//gap_sdk/rtos/pmsis/pmsis_bsp/ram/spiram/spiram.o
LOAD /module/UART_rw/BUILD/GAP8_V2/GCC_RISCV_FREERTOS//gap_sdk/rtos/pmsis/pmsis_bsp/flash/spiflash/spiflash.o
LOAD /module/UART_rw/BUILD/GAP8_V2/GCC_RISCV_FREERTOS//gap_sdk/rtos/pmsis/pmsis_bsp/ram/ram.o
LOAD /module/UART_rw/BUILD/GAP8_V2/GCC_RISCV_FREERTOS//gap_sdk/rtos/pmsis/pmsis_bsp/ram/alloc_extern.o
LOAD /module/UART_rw/BUILD/GAP8_V2/GCC_RISCV_FREERTOS//gap_sdk/rtos/freeRTOS/vendors/gwt/pmsis/rtos/pi_log.o
LOAD /module/UART_rw/BUILD/GAP8_V2/GCC_RISCV_FREERTOS//gap_sdk/rtos/freeRTOS/vendors/gwt/pmsis/rtos/event_kernel/event_kernel.o
LOAD /module/UART_rw/BUILD/GAP8_V2/GCC_RISCV_FREERTOS//gap_sdk/rtos/freeRTOS/vendors/gwt/pmsis/rtos/malloc/cl_l1_malloc.o
LOAD /module/UART_rw/BUILD/GAP8_V2/GCC_RISCV_FREERTOS//gap_sdk/rtos/freeRTOS/vendors/gwt/pmsis/rtos/malloc/fc_l1_malloc.o
LOAD /module/UART_rw/BUILD/GAP8_V2/GCC_RISCV_FREERTOS//gap_sdk/rtos/freeRTOS/vendors/gwt/pmsis/rtos/malloc/l2_malloc.o
LOAD /module/UART_rw/BUILD/GAP8_V2/GCC_RISCV_FREERTOS//gap_sdk/rtos/freeRTOS/vendors/gwt/pmsis/rtos/malloc/malloc_external.o
LOAD /module/UART_rw/BUILD/GAP8_V2/GCC_RISCV_FREERTOS//gap_sdk/rtos/freeRTOS/vendors/gwt/pmsis/rtos/malloc/malloc_internal.o
LOAD /module/UART_rw/BUILD/GAP8_V2/GCC_RISCV_FREERTOS//gap_sdk/rtos/freeRTOS/vendors/gwt/pmsis/rtos/malloc/pi_malloc.o
LOAD /module/UART_rw/BUILD/GAP8_V2/GCC_RISCV_FREERTOS//gap_sdk/rtos/freeRTOS/vendors/gwt/pmsis/rtos/mem_slab/mem_slab.o
LOAD /module/UART_rw/BUILD/GAP8_V2/GCC_RISCV_FREERTOS//gap_sdk/rtos/freeRTOS/vendors/gwt/pmsis/rtos/os/device.o
LOAD /module/UART_rw/BUILD/GAP8_V2/GCC_RISCV_FREERTOS//gap_sdk/rtos/freeRTOS/vendors/gwt/pmsis/rtos/os/pmsis_task.o
LOAD /module/UART_rw/BUILD/GAP8_V2/GCC_RISCV_FREERTOS//gap_sdk/rtos/freeRTOS/vendors/gwt/pmsis/backend/pmsis_backend_native_task_api.o
LOAD /module/UART_rw/BUILD/GAP8_V2/GCC_RISCV_FREERTOS//gap_sdk/rtos/freeRTOS/freertos_kernel/portable/GCC/RI5CY-GAP8/port.o
LOAD /module/UART_rw/BUILD/GAP8_V2/GCC_RISCV_FREERTOS//gap_sdk/rtos/freeRTOS/vendors/gwt/libs/printf/printf.o
LOAD /module/UART_rw/BUILD/GAP8_V2/GCC_RISCV_FREERTOS//gap_sdk/rtos/freeRTOS/freertos_kernel/list.o
LOAD /module/UART_rw/BUILD/GAP8_V2/GCC_RISCV_FREERTOS//gap_sdk/rtos/freeRTOS/freertos_kernel/queue.o
LOAD /module/UART_rw/BUILD/GAP8_V2/GCC_RISCV_FREERTOS//gap_sdk/rtos/freeRTOS/freertos_kernel/tasks.o
LOAD /module/UART_rw/BUILD/GAP8_V2/GCC_RISCV_FREERTOS//gap_sdk/rtos/freeRTOS/freertos_kernel/timers.o
LOAD /module/UART_rw/BUILD/GAP8_V2/GCC_RISCV_FREERTOS//gap_sdk/rtos/freeRTOS/freertos_kernel/event_groups.o
LOAD /module/UART_rw/BUILD/GAP8_V2/GCC_RISCV_FREERTOS//gap_sdk/rtos/freeRTOS/freertos_kernel/stream_buffer.o
LOAD /module/UART_rw/BUILD/GAP8_V2/GCC_RISCV_FREERTOS//gap_sdk/rtos/freeRTOS/demos/gwt/config/gap8/FreeRTOS_util.o
LOAD /usr/lib/gap_riscv_toolchain/bin/../lib/gcc/riscv32-unknown-elf/7.1.1/rv32imcxgap8/ilp32/libgcc.a
                0x0000000000000000                __DYNAMIC = 0x0
                0x0000000000001000                __STACK_FC_SIZE = 0x1000
                0x0000000000000400                __STACK_IRQ_SIZE = 0x400

.l1FcTiny       0x000000001b000000        0x0
                0x000000001b000000                . = ALIGN (0x4)
                0x000000001b000000                __l1FcShared_start = .
 *(.l1FcTiny)
 *(.l1FcTiny.*)
                0x000000001b000000                . = ALIGN (0x4)
                0x000000001b000000                __l1FcShared_end = .
                0x0000000000000000                __l1FcShared_size = (__l1FcShared_end - __l1FcShared_start)

.fcTcdmTiny     0x0000000000000004        0xc load address 0x000000001b000000
 *(.fcTcdmTiny)
 .fcTcdmTiny    0x0000000000000004        0xc /module/UART_rw/BUILD/GAP8_V2/GCC_RISCV_FREERTOS//gap_sdk/rtos/freeRTOS/vendors/gwt/gap8/pmsis/drivers/udma/hyperbus/hyperbus_internal.o
                0x0000000000000004                __global_hyper_fifo_head
                0x0000000000000008                __global_hyper_driver_fifo
                0x000000000000000c                __global_hyper_fifo_tail
 *(.fcTcdmTiny.*)

.fcTcdm
 *(.fcTcdm)
 *(.fcTcdm.*)

.fcTcdm_g       0x000000001b00000c      0x58c
                0x000000001b000010                . = ALIGN (0x8)
 *fill*         0x000000001b00000c        0x4 
                0x000000001b000010                __fc_tcdm_g_start = .
 *(.fcTcdm_g)
 .fcTcdm_g      0x000000001b000010      0x244 /module/UART_rw/BUILD/GAP8_V2/GCC_RISCV_FREERTOS//gap_sdk/rtos/freeRTOS/vendors/gwt/gap8/pmsis/cluster/drivers/cluster_synchronisation/cl_to_fc_delegate.o
                0x000000001b000010                delegate_task_mask
                0x000000001b000014                delegate_task
 .fcTcdm_g      0x000000001b000254       0xe4 /module/UART_rw/BUILD/GAP8_V2/GCC_RISCV_FREERTOS//gap_sdk/rtos/freeRTOS/vendors/gwt/gap8/pmsis/drivers/fc_event/fc_event.o
 .fcTcdm_g      0x000000001b000338        0x4 /module/UART_rw/BUILD/GAP8_V2/GCC_RISCV_FREERTOS//gap_sdk/rtos/freeRTOS/vendors/gwt/pmsis/rtos/event_kernel/event_kernel.o
                0x000000001b000338                default_sched
 .fcTcdm_g      0x000000001b00033c        0x8 /module/UART_rw/BUILD/GAP8_V2/GCC_RISCV_FREERTOS//gap_sdk/rtos/freeRTOS/vendors/gwt/pmsis/backend/pmsis_backend_native_task_api.o
                0x000000001b00033c                delayed_task
 .fcTcdm_g      0x000000001b000344      0x254 /module/UART_rw/BUILD/GAP8_V2/GCC_RISCV_FREERTOS//gap_sdk/rtos/freeRTOS/demos/gwt/config/gap8/FreeRTOS_util.o
 *(.fcTcdm_g.*)
                0x000000001b000598                . = ALIGN (0x8)
                0x000000001b000598                __fc_tcdm_g_end = .

.stack_irq      0x000000001b000598      0x400
                0x000000001b000598                . = ALIGN (0x4)
                0x000000001b000598                __stack_irq_end__ = .
                0x000000001b000998                . = (. + __STACK_IRQ_SIZE)
 *fill*         0x000000001b000598      0x400 
                0x000000001b000998                __stack_irq_start__ = .

.heapfcram      0x000000001b000998     0x1000
                0x000000001b000998                . = ALIGN (0x8)
 *(.heapfcram)
 *(.heapfcram.*)
                0x000000001b000998                . = ALIGN (0x8)
                0x000000001b000998                __heapfcram_start = .
                0x000000001b000998                __stack_fc_end__ = .
                0x000000001b001998                . = (. + __STACK_FC_SIZE)
 *fill*         0x000000001b000998     0x1000 
                0x000000001b001998                __stack_fc_start__ = .
                0x0000000000003668                __heapfcram_size = ((ORIGIN (FC_tcdm) + LENGTH (FC_tcdm)) - __heapfcram_start)

.vectors_irq    0x000000001c000000       0x94
                0x000000001c000000                . = ALIGN (0x100)
                0x000000001c000000                __irq_vector_base_m__ = .
 *(.vectors_irq)
 .vectors_irq   0x000000001c000000       0x94 /module/UART_rw/BUILD/GAP8_V2/GCC_RISCV_FREERTOS//gap_sdk/rtos/freeRTOS/vendors/gwt/gap8/src/device/startup_gap8.o
                0x000000001c000090                __rt_debug_struct_ptr

.text           0x000000001c000094     0xa3d4
                0x000000001c000094                . = ALIGN (0x4)
                0x000000001c000094                _stext = .
 *(.text.reset)
 .text.reset    0x000000001c000094       0x7e /module/UART_rw/BUILD/GAP8_V2/GCC_RISCV_FREERTOS//gap_sdk/rtos/freeRTOS/vendors/gwt/gap8/src/device/startup_gap8.o
                0x000000001c000094                reset_handler
 *(.text)
 .text          0x000000001c000112      0x290 /module/UART_rw/BUILD/GAP8_V2/GCC_RISCV_FREERTOS//gap_sdk/rtos/freeRTOS/vendors/gwt/gap8/src/device/gap8_iet.o
                0x000000001c000112                default_handler
                0x000000001c000116                cluster_notify_fc_handler
                0x000000001c00014e                pendSV_handler
                0x000000001c0001be                systick_handler
                0x000000001c00023a                fc_event_handler
                0x000000001c000272                fc_hyper_handler
                0x000000001c000320                dma_irq_handler
                0x000000001c000348                ecall_handler
                0x000000001c00039a                ill_ins_handler
 .text          0x000000001c0003a2      0x126 /module/UART_rw/BUILD/GAP8_V2/GCC_RISCV_FREERTOS//gap_sdk/rtos/freeRTOS/vendors/gwt/gap8/pmsis/cluster/drivers/cluster_synchronisation/cluster_core.o
                0x000000001c0003a2                cluster_exec_loop
                0x000000001c0004ba                cl_slave_stack_setup
 .text          0x000000001c0004c8       0xd8 /module/UART_rw/BUILD/GAP8_V2/GCC_RISCV_FREERTOS//gap_sdk/rtos/freeRTOS/vendors/gwt/gap8/pmsis/util/asm_util.o
                0x000000001c0004c8                ASM_FUNC_SAVE_MINIMAL_CONTEXT
                0x000000001c00050c                ASM_FUNC_RESTORE_MINIMAL_CONTEXT
                0x000000001c000550                ASM_FUNC_SAVE_SAVE_CONTEXT
                0x000000001c00056a                ASM_FUNC_RESTORE_SAVE_CONTEXT
                0x000000001c000584                ASM_FUNC_SAVE_CSR_CONTEXT
                0x000000001c000592                ASM_FUNC_RESTORE_CSR_CONTEXT
 .text          0x000000001c0005a0       0x8e /module/UART_rw/BUILD/GAP8_V2/GCC_RISCV_FREERTOS//gap_sdk/rtos/freeRTOS/freertos_kernel/portable/GCC/RI5CY-GAP8/port_asm.o
                0x000000001c0005a0                xPortStartScheduler
 .text          0x000000001c00062e       0x4e /module/UART_rw/BUILD/GAP8_V2/GCC_RISCV_FREERTOS//gap_sdk/rtos/freeRTOS/vendors/gwt/gap8/pmsis/drivers/fc_event/fc_event.o
                0x000000001c00062e                fc_soc_event_handler
 .text          0x000000001c00067c      0x168 /module/UART_rw/BUILD/GAP8_V2/GCC_RISCV_FREERTOS//gap_sdk/rtos/freeRTOS/vendors/gwt/gap8/pmsis/drivers/udma/hyperbus/hyperbus_internal.o
                0x000000001c00067c                hyper_handler
 .text          0x000000001c0007e4      0x5fe /usr/lib/gap_riscv_toolchain/bin/../lib/gcc/riscv32-unknown-elf/7.1.1/rv32imcxgap8/ilp32/libgcc.a(adddf3.o)
                0x000000001c0007e4                __adddf3
 .text          0x000000001c000de2      0x4d2 /usr/lib/gap_riscv_toolchain/bin/../lib/gcc/riscv32-unknown-elf/7.1.1/rv32imcxgap8/ilp32/libgcc.a(divdf3.o)
                0x000000001c000de2                __divdf3
 .text          0x000000001c0012b4       0x60 /usr/lib/gap_riscv_toolchain/bin/../lib/gcc/riscv32-unknown-elf/7.1.1/rv32imcxgap8/ilp32/libgcc.a(eqdf2.o)
                0x000000001c0012b4                __eqdf2
                0x000000001c0012b4                __nedf2
 .text          0x000000001c001314       0xae /usr/lib/gap_riscv_toolchain/bin/../lib/gcc/riscv32-unknown-elf/7.1.1/rv32imcxgap8/ilp32/libgcc.a(gedf2.o)
                0x000000001c001314                __gtdf2
                0x000000001c001314                __gedf2
 .text          0x000000001c0013c2       0xae /usr/lib/gap_riscv_toolchain/bin/../lib/gcc/riscv32-unknown-elf/7.1.1/rv32imcxgap8/ilp32/libgcc.a(ledf2.o)
                0x000000001c0013c2                __ltdf2
                0x000000001c0013c2                __ledf2
 .text          0x000000001c001470      0x43a /usr/lib/gap_riscv_toolchain/bin/../lib/gcc/riscv32-unknown-elf/7.1.1/rv32imcxgap8/ilp32/libgcc.a(muldf3.o)
                0x000000001c001470                __muldf3
 .text          0x000000001c0018aa      0x612 /usr/lib/gap_riscv_toolchain/bin/../lib/gcc/riscv32-unknown-elf/7.1.1/rv32imcxgap8/ilp32/libgcc.a(subdf3.o)
                0x000000001c0018aa                __subdf3
 .text          0x000000001c001ebc       0x5c /usr/lib/gap_riscv_toolchain/bin/../lib/gcc/riscv32-unknown-elf/7.1.1/rv32imcxgap8/ilp32/libgcc.a(fixdfsi.o)
                0x000000001c001ebc                __fixdfsi
 .text          0x000000001c001f18       0x52 /usr/lib/gap_riscv_toolchain/bin/../lib/gcc/riscv32-unknown-elf/7.1.1/rv32imcxgap8/ilp32/libgcc.a(fixunsdfsi.o)
                0x000000001c001f18                __fixunsdfsi
 .text          0x000000001c001f6a       0x58 /usr/lib/gap_riscv_toolchain/bin/../lib/gcc/riscv32-unknown-elf/7.1.1/rv32imcxgap8/ilp32/libgcc.a(floatsidf.o)
                0x000000001c001f6a                __floatsidf
 .text          0x000000001c001fc2       0x4c /usr/lib/gap_riscv_toolchain/bin/../lib/gcc/riscv32-unknown-elf/7.1.1/rv32imcxgap8/ilp32/libgcc.a(floatunsidf.o)
                0x000000001c001fc2                __floatunsidf
 *(.text.*)
 .text.task_main
                0x000000001c00200e       0xca /module/UART_rw/BUILD/GAP8_V2/GCC_RISCV_FREERTOS/UART_rw.o
 .text.task_rw_uart
                0x000000001c0020d8       0x84 /module/UART_rw/BUILD/GAP8_V2/GCC_RISCV_FREERTOS/UART_rw.o
                0x000000001c0020d8                task_rw_uart
 .text.startup.main
                0x000000001c00215c       0x36 /module/UART_rw/BUILD/GAP8_V2/GCC_RISCV_FREERTOS/UART_rw.o
                0x000000001c00215c                main
 .text.vDataReadyISR
                0x000000001c002192       0x2c /module/UART_rw/BUILD/GAP8_V2/GCC_RISCV_FREERTOS/../lib/cpx/src/com.o
                0x000000001c002192                vDataReadyISR
 .text.com_task
                0x000000001c0021be      0x180 /module/UART_rw/BUILD/GAP8_V2/GCC_RISCV_FREERTOS/../lib/cpx/src/com.o
                0x000000001c0021be                com_task
 .text.com_init
                0x000000001c00233e      0x17a /module/UART_rw/BUILD/GAP8_V2/GCC_RISCV_FREERTOS/../lib/cpx/src/com.o
                0x000000001c00233e                com_init
 .text.com_read
                0x000000001c0024b8       0x10 /module/UART_rw/BUILD/GAP8_V2/GCC_RISCV_FREERTOS/../lib/cpx/src/com.o
                0x000000001c0024b8                com_read
 .text.com_write
                0x000000001c0024c8       0x32 /module/UART_rw/BUILD/GAP8_V2/GCC_RISCV_FREERTOS/../lib/cpx/src/com.o
                0x000000001c0024c8                com_write
 .text.cpx_rx_task
                0x000000001c0024fa       0xb4 /module/UART_rw/BUILD/GAP8_V2/GCC_RISCV_FREERTOS/../lib/cpx/src/cpx.o
 .text.cpxSendPacketBlocking
                0x000000001c0025ae       0x68 /module/UART_rw/BUILD/GAP8_V2/GCC_RISCV_FREERTOS/../lib/cpx/src/cpx.o
                0x000000001c0025ae                cpxSendPacketBlocking
 .text.cpxPrintToConsole
                0x000000001c002616       0xe8 /module/UART_rw/BUILD/GAP8_V2/GCC_RISCV_FREERTOS/../lib/cpx/src/cpx.o
                0x000000001c002616                cpxPrintToConsole
 .text.cpxInitRoute
                0x000000001c0026fe       0x12 /module/UART_rw/BUILD/GAP8_V2/GCC_RISCV_FREERTOS/../lib/cpx/src/cpx.o
                0x000000001c0026fe                cpxInitRoute
 .text.cpxInit  0x000000001c002710       0x64 /module/UART_rw/BUILD/GAP8_V2/GCC_RISCV_FREERTOS/../lib/cpx/src/cpx.o
                0x000000001c002710                cpxInit
 .text.system_init
                0x000000001c002774       0x5e /module/UART_rw/BUILD/GAP8_V2/GCC_RISCV_FREERTOS//gap_sdk/rtos/freeRTOS/vendors/gwt/gap8/src/device/system_gap8.o
                0x000000001c002774                system_init
 .text.system_setup_systick
                0x000000001c0027d2       0x38 /module/UART_rw/BUILD/GAP8_V2/GCC_RISCV_FREERTOS//gap_sdk/rtos/freeRTOS/vendors/gwt/gap8/src/device/system_gap8.o
                0x000000001c0027d2                system_setup_systick
 .text.system_core_clock_update
                0x000000001c00280a       0x36 /module/UART_rw/BUILD/GAP8_V2/GCC_RISCV_FREERTOS//gap_sdk/rtos/freeRTOS/vendors/gwt/gap8/src/device/system_gap8.o
                0x000000001c00280a                system_core_clock_update
 .text.system_core_clock_get
                0x000000001c002840        0xa /module/UART_rw/BUILD/GAP8_V2/GCC_RISCV_FREERTOS//gap_sdk/rtos/freeRTOS/vendors/gwt/gap8/src/device/system_gap8.o
                0x000000001c002840                system_core_clock_get
 .text.system_exit
                0x000000001c00284a       0x64 /module/UART_rw/BUILD/GAP8_V2/GCC_RISCV_FREERTOS//gap_sdk/rtos/freeRTOS/vendors/gwt/gap8/src/device/system_gap8.o
                0x000000001c00284a                system_exit
 .text._procid  0x000000001c0028ae        0xa /module/UART_rw/BUILD/GAP8_V2/GCC_RISCV_FREERTOS//gap_sdk/rtos/freeRTOS/vendors/gwt/gap8/src/device/gap8_it.o
                0x000000001c0028ae                _procid
 .text._clusterid
                0x000000001c0028b8        0x8 /module/UART_rw/BUILD/GAP8_V2/GCC_RISCV_FREERTOS//gap_sdk/rtos/freeRTOS/vendors/gwt/gap8/src/device/gap8_it.o
                0x000000001c0028b8                _clusterid
 .text.pi_log_write.constprop.0
                0x000000001c0028c0       0x32 /module/UART_rw/BUILD/GAP8_V2/GCC_RISCV_FREERTOS//gap_sdk/rtos/freeRTOS/vendors/gwt/gap8/src/device/gap8_it.o
 .text._isr_default
                0x000000001c0028f2       0x38 /module/UART_rw/BUILD/GAP8_V2/GCC_RISCV_FREERTOS//gap_sdk/rtos/freeRTOS/vendors/gwt/gap8/src/device/gap8_it.o
                0x000000001c0028f2                _isr_default
 .text.vSetPendSV
                0x000000001c00292a        0xa /module/UART_rw/BUILD/GAP8_V2/GCC_RISCV_FREERTOS//gap_sdk/rtos/freeRTOS/vendors/gwt/gap8/src/device/gap8_it.o
                0x000000001c00292a                vSetPendSV
 .text._ill_insn_print
                0x000000001c002934       0x36 /module/UART_rw/BUILD/GAP8_V2/GCC_RISCV_FREERTOS//gap_sdk/rtos/freeRTOS/vendors/gwt/gap8/src/device/gap8_it.o
                0x000000001c002934                _ill_insn_print
 .text.__uart_putc_cluster_req
                0x000000001c00296a       0x48 /module/UART_rw/BUILD/GAP8_V2/GCC_RISCV_FREERTOS//gap_sdk/rtos/freeRTOS/vendors/gwt/gap8/src/driver/gap_io.o
 .text.printf_uart_init
                0x000000001c0029b2       0x5c /module/UART_rw/BUILD/GAP8_V2/GCC_RISCV_FREERTOS//gap_sdk/rtos/freeRTOS/vendors/gwt/gap8/src/driver/gap_io.o
                0x000000001c0029b2                printf_uart_init
 .text._putchar
                0x000000001c002a0e      0x124 /module/UART_rw/BUILD/GAP8_V2/GCC_RISCV_FREERTOS//gap_sdk/rtos/freeRTOS/vendors/gwt/gap8/src/driver/gap_io.o
                0x000000001c002a0e                _putchar
 .text.system_exit_printf_flush
                0x000000001c002b32       0x96 /module/UART_rw/BUILD/GAP8_V2/GCC_RISCV_FREERTOS//gap_sdk/rtos/freeRTOS/vendors/gwt/gap8/src/driver/gap_io.o
                0x000000001c002b32                system_exit_printf_flush
 .text.exit     0x000000001c002bc8        0x8 /module/UART_rw/BUILD/GAP8_V2/GCC_RISCV_FREERTOS//gap_sdk/rtos/freeRTOS/vendors/gwt/libs/src/stdlib.o
                0x000000001c002bc8                exit
 .text.memcpy   0x000000001c002bd0      0x10a /module/UART_rw/BUILD/GAP8_V2/GCC_RISCV_FREERTOS//gap_sdk/rtos/freeRTOS/vendors/gwt/libs/src/string.o
                0x000000001c002bd0                memcpy
 .text.memset   0x000000001c002cda       0xb6 /module/UART_rw/BUILD/GAP8_V2/GCC_RISCV_FREERTOS//gap_sdk/rtos/freeRTOS/vendors/gwt/libs/src/string.o
                0x000000001c002cda                memset
 .text.cl_notify_fc_event_handler
                0x000000001c002d90       0xa2 /module/UART_rw/BUILD/GAP8_V2/GCC_RISCV_FREERTOS//gap_sdk/rtos/freeRTOS/vendors/gwt/gap8/pmsis/cluster/drivers/cluster_synchronisation/cl_to_fc_delegate.o
                0x000000001c002d90                cl_notify_fc_event_handler
 .text.pi_cl_send_task_to_fc
                0x000000001c002e32       0x42 /module/UART_rw/BUILD/GAP8_V2/GCC_RISCV_FREERTOS//gap_sdk/rtos/freeRTOS/vendors/gwt/gap8/pmsis/cluster/drivers/cluster_synchronisation/cl_to_fc_delegate.o
                0x000000001c002e32                pi_cl_send_task_to_fc
 .text.cl_task_finish
                0x000000001c002e74       0x78 /module/UART_rw/BUILD/GAP8_V2/GCC_RISCV_FREERTOS//gap_sdk/rtos/freeRTOS/vendors/gwt/gap8/pmsis/cluster/drivers/cluster_synchronisation/fc_to_cl_delegate.o
                0x000000001c002e74                cl_task_finish
 .text.pi_cl_dma_2d_handler
                0x000000001c002eec       0x94 /module/UART_rw/BUILD/GAP8_V2/GCC_RISCV_FREERTOS//gap_sdk/rtos/freeRTOS/vendors/gwt/gap8/pmsis/cluster/drivers/dma/cl_dma_irq.o
                0x000000001c002eec                pi_cl_dma_2d_handler
 .text.fc_event_null_event
                0x000000001c002f80        0x2 /module/UART_rw/BUILD/GAP8_V2/GCC_RISCV_FREERTOS//gap_sdk/rtos/freeRTOS/vendors/gwt/gap8/pmsis/drivers/fc_event/fc_event.o
 .text.pi_fc_event_handler_init
                0x000000001c002f82       0x30 /module/UART_rw/BUILD/GAP8_V2/GCC_RISCV_FREERTOS//gap_sdk/rtos/freeRTOS/vendors/gwt/gap8/pmsis/drivers/fc_event/fc_event.o
                0x000000001c002f82                pi_fc_event_handler_init
 .text.pi_fc_event_handler_set
                0x000000001c002fb2       0x10 /module/UART_rw/BUILD/GAP8_V2/GCC_RISCV_FREERTOS//gap_sdk/rtos/freeRTOS/vendors/gwt/gap8/pmsis/drivers/fc_event/fc_event.o
                0x000000001c002fb2                pi_fc_event_handler_set
 .text.pi_fc_event_handler_clear
                0x000000001c002fc2       0x18 /module/UART_rw/BUILD/GAP8_V2/GCC_RISCV_FREERTOS//gap_sdk/rtos/freeRTOS/vendors/gwt/gap8/pmsis/drivers/fc_event/fc_event.o
                0x000000001c002fc2                pi_fc_event_handler_clear
 .text.pi_fll_init
                0x000000001c002fda       0xd2 /module/UART_rw/BUILD/GAP8_V2/GCC_RISCV_FREERTOS//gap_sdk/rtos/freeRTOS/vendors/gwt/gap8/pmsis/drivers/fll/fll.o
                0x000000001c002fda                pi_fll_init
 .text.pi_fll_frequency_set
                0x000000001c0030ac       0xb0 /module/UART_rw/BUILD/GAP8_V2/GCC_RISCV_FREERTOS//gap_sdk/rtos/freeRTOS/vendors/gwt/gap8/pmsis/drivers/fll/fll.o
                0x000000001c0030ac                pi_fll_frequency_set
 .text.pi_fll_frequency_get
                0x000000001c00315c       0x46 /module/UART_rw/BUILD/GAP8_V2/GCC_RISCV_FREERTOS//gap_sdk/rtos/freeRTOS/vendors/gwt/gap8/pmsis/drivers/fll/fll.o
                0x000000001c00315c                pi_fll_frequency_get
 .text.pi_freq_callback_add
                0x000000001c0031a2       0x28 /module/UART_rw/BUILD/GAP8_V2/GCC_RISCV_FREERTOS//gap_sdk/rtos/freeRTOS/vendors/gwt/gap8/pmsis/drivers/fll/fll.o
                0x000000001c0031a2                pi_freq_callback_add
 .text.pi_freq_callback_remove
                0x000000001c0031ca       0x46 /module/UART_rw/BUILD/GAP8_V2/GCC_RISCV_FREERTOS//gap_sdk/rtos/freeRTOS/vendors/gwt/gap8/pmsis/drivers/fll/fll.o
                0x000000001c0031ca                pi_freq_callback_remove
 .text.gpio_handler
                0x000000001c003210       0x88 /module/UART_rw/BUILD/GAP8_V2/GCC_RISCV_FREERTOS//gap_sdk/rtos/freeRTOS/vendors/gwt/gap8/pmsis/drivers/gpio/gpio.o
 .text.pi_gpio_conf_init
                0x000000001c003298        0xa /module/UART_rw/BUILD/GAP8_V2/GCC_RISCV_FREERTOS//gap_sdk/rtos/freeRTOS/vendors/gwt/gap8/pmsis/drivers/gpio/gpio.o
                0x000000001c003298                pi_gpio_conf_init
 .text.pi_gpio_open
                0x000000001c0032a2       0xae /module/UART_rw/BUILD/GAP8_V2/GCC_RISCV_FREERTOS//gap_sdk/rtos/freeRTOS/vendors/gwt/gap8/pmsis/drivers/gpio/gpio.o
                0x000000001c0032a2                pi_gpio_open
 .text.pi_gpio_pin_configure
                0x000000001c003350       0xde /module/UART_rw/BUILD/GAP8_V2/GCC_RISCV_FREERTOS//gap_sdk/rtos/freeRTOS/vendors/gwt/gap8/pmsis/drivers/gpio/gpio.o
                0x000000001c003350                pi_gpio_pin_configure
 .text.pi_gpio_pin_write
                0x000000001c00342e       0x36 /module/UART_rw/BUILD/GAP8_V2/GCC_RISCV_FREERTOS//gap_sdk/rtos/freeRTOS/vendors/gwt/gap8/pmsis/drivers/gpio/gpio.o
                0x000000001c00342e                pi_gpio_pin_write
 .text.pi_gpio_pin_read
                0x000000001c003464       0x4a /module/UART_rw/BUILD/GAP8_V2/GCC_RISCV_FREERTOS//gap_sdk/rtos/freeRTOS/vendors/gwt/gap8/pmsis/drivers/gpio/gpio.o
                0x000000001c003464                pi_gpio_pin_read
 .text.pi_gpio_pin_notif_configure
                0x000000001c0034ae       0x72 /module/UART_rw/BUILD/GAP8_V2/GCC_RISCV_FREERTOS//gap_sdk/rtos/freeRTOS/vendors/gwt/gap8/pmsis/drivers/gpio/gpio.o
                0x000000001c0034ae                pi_gpio_pin_notif_configure
 .text.pi_gpio_callback_add
                0x000000001c003520       0x22 /module/UART_rw/BUILD/GAP8_V2/GCC_RISCV_FREERTOS//gap_sdk/rtos/freeRTOS/vendors/gwt/gap8/pmsis/drivers/gpio/gpio.o
                0x000000001c003520                pi_gpio_callback_add
 .text.pi_pad_set_function
                0x000000001c003542       0x38 /module/UART_rw/BUILD/GAP8_V2/GCC_RISCV_FREERTOS//gap_sdk/rtos/freeRTOS/vendors/gwt/gap8/pmsis/drivers/pad/pad.o
                0x000000001c003542                pi_pad_set_function
 .text.pi_pad_init
                0x000000001c00357a       0x26 /module/UART_rw/BUILD/GAP8_V2/GCC_RISCV_FREERTOS//gap_sdk/rtos/freeRTOS/vendors/gwt/gap8/pmsis/drivers/pad/pad.o
                0x000000001c00357a                pi_pad_init
 .text.pi_pmu_voltage_set
                0x000000001c0035a0        0x2 /module/UART_rw/BUILD/GAP8_V2/GCC_RISCV_FREERTOS//gap_sdk/rtos/freeRTOS/vendors/gwt/gap8/pmsis/drivers/pmu/pmu.o
                0x000000001c0035a0                pi_pmu_voltage_set
 .text.__pi_pmu_handler
                0x000000001c0035a2       0x1e /module/UART_rw/BUILD/GAP8_V2/GCC_RISCV_FREERTOS//gap_sdk/rtos/freeRTOS/vendors/gwt/gap8/pmsis/drivers/pmu/pmu_internal.o
 .text.__pi_pmu_init
                0x000000001c0035c0       0xfa /module/UART_rw/BUILD/GAP8_V2/GCC_RISCV_FREERTOS//gap_sdk/rtos/freeRTOS/vendors/gwt/gap8/pmsis/drivers/pmu/pmu_internal.o
                0x000000001c0035c0                __pi_pmu_init
 .text.__pi_pmu_voltage_set
                0x000000001c0036ba      0x140 /module/UART_rw/BUILD/GAP8_V2/GCC_RISCV_FREERTOS//gap_sdk/rtos/freeRTOS/vendors/gwt/gap8/pmsis/drivers/pmu/pmu_internal.o
                0x000000001c0036ba                __pi_pmu_voltage_set
 .text.pi_timer_init
                0x000000001c0037fa       0x34 /module/UART_rw/BUILD/GAP8_V2/GCC_RISCV_FREERTOS//gap_sdk/rtos/freeRTOS/vendors/gwt/gap8/pmsis/drivers/timer/timer.o
                0x000000001c0037fa                pi_timer_init
 .text.pi_timer_stop
                0x000000001c00382e       0x28 /module/UART_rw/BUILD/GAP8_V2/GCC_RISCV_FREERTOS//gap_sdk/rtos/freeRTOS/vendors/gwt/gap8/pmsis/drivers/timer/timer.o
                0x000000001c00382e                pi_timer_stop
 .text.__pi_hyper_copy_aligned.isra.6
                0x000000001c003856       0x48 /module/UART_rw/BUILD/GAP8_V2/GCC_RISCV_FREERTOS//gap_sdk/rtos/freeRTOS/vendors/gwt/gap8/pmsis/drivers/udma/hyperbus/hyperbus_internal.o
 .text.__pi_hyper_copy_misaligned
                0x000000001c00389e      0x2ee /module/UART_rw/BUILD/GAP8_V2/GCC_RISCV_FREERTOS//gap_sdk/rtos/freeRTOS/vendors/gwt/gap8/pmsis/drivers/udma/hyperbus/hyperbus_internal.o
 .text.pi_spi_open
                0x000000001c003b8c       0x1c /module/UART_rw/BUILD/GAP8_V2/GCC_RISCV_FREERTOS//gap_sdk/rtos/freeRTOS/vendors/gwt/gap8/pmsis/drivers/udma/spi/spi.o
                0x000000001c003b8c                pi_spi_open
 .text.pi_spi_transfer
                0x000000001c003ba8       0x48 /module/UART_rw/BUILD/GAP8_V2/GCC_RISCV_FREERTOS//gap_sdk/rtos/freeRTOS/vendors/gwt/gap8/pmsis/drivers/udma/spi/spi.o
                0x000000001c003ba8                pi_spi_transfer
 .text.__pi_spi_freq_cb
                0x000000001c003bf0       0x84 /module/UART_rw/BUILD/GAP8_V2/GCC_RISCV_FREERTOS//gap_sdk/rtos/freeRTOS/vendors/gwt/gap8/pmsis/drivers/udma/spi/spi_internal.o
                0x000000001c003bf0                __pi_spi_freq_cb
 .text.pi_spi_conf_init
                0x000000001c003c74       0x26 /module/UART_rw/BUILD/GAP8_V2/GCC_RISCV_FREERTOS//gap_sdk/rtos/freeRTOS/vendors/gwt/gap8/pmsis/drivers/udma/spi/spi_internal.o
                0x000000001c003c74                pi_spi_conf_init
 .text.__pi_spi_open
                0x000000001c003c9a      0x300 /module/UART_rw/BUILD/GAP8_V2/GCC_RISCV_FREERTOS//gap_sdk/rtos/freeRTOS/vendors/gwt/gap8/pmsis/drivers/udma/spi/spi_internal.o
                0x000000001c003c9a                __pi_spi_open
 .text.__pi_spi_receive_async
                0x000000001c003f9a      0x110 /module/UART_rw/BUILD/GAP8_V2/GCC_RISCV_FREERTOS//gap_sdk/rtos/freeRTOS/vendors/gwt/gap8/pmsis/drivers/udma/spi/spi_internal.o
                0x000000001c003f9a                __pi_spi_receive_async
 .text.__pi_spi_send_async
                0x000000001c0040aa      0x146 /module/UART_rw/BUILD/GAP8_V2/GCC_RISCV_FREERTOS//gap_sdk/rtos/freeRTOS/vendors/gwt/gap8/pmsis/drivers/udma/spi/spi_internal.o
                0x000000001c0040aa                __pi_spi_send_async
 .text.__pi_spi_xfer_async
                0x000000001c0041f0      0x138 /module/UART_rw/BUILD/GAP8_V2/GCC_RISCV_FREERTOS//gap_sdk/rtos/freeRTOS/vendors/gwt/gap8/pmsis/drivers/udma/spi/spi_internal.o
                0x000000001c0041f0                __pi_spi_xfer_async
 .text.__pi_spi_copy_async
                0x000000001c004328      0x792 /module/UART_rw/BUILD/GAP8_V2/GCC_RISCV_FREERTOS//gap_sdk/rtos/freeRTOS/vendors/gwt/gap8/pmsis/drivers/udma/spi/spi_internal.o
                0x000000001c004328                __pi_spi_copy_async
 .text.__pi_spi_copy_async_2d
                0x000000001c004aba      0x700 /module/UART_rw/BUILD/GAP8_V2/GCC_RISCV_FREERTOS//gap_sdk/rtos/freeRTOS/vendors/gwt/gap8/pmsis/drivers/udma/spi/spi_internal.o
                0x000000001c004aba                __pi_spi_copy_async_2d
 .text.spim_eot_handler
                0x000000001c0051ba      0x86a /module/UART_rw/BUILD/GAP8_V2/GCC_RISCV_FREERTOS//gap_sdk/rtos/freeRTOS/vendors/gwt/gap8/pmsis/drivers/udma/spi/spi_internal.o
                0x000000001c0051ba                spim_eot_handler
 .text.spim_tx_handler
                0x000000001c005a24       0x3e /module/UART_rw/BUILD/GAP8_V2/GCC_RISCV_FREERTOS//gap_sdk/rtos/freeRTOS/vendors/gwt/gap8/pmsis/drivers/udma/spi/spi_internal.o
                0x000000001c005a24                spim_tx_handler
 .text.spim_rx_handler
                0x000000001c005a62       0x3a /module/UART_rw/BUILD/GAP8_V2/GCC_RISCV_FREERTOS//gap_sdk/rtos/freeRTOS/vendors/gwt/gap8/pmsis/drivers/udma/spi/spi_internal.o
                0x000000001c005a62                spim_rx_handler
 .text.pi_uart_conf_init
                0x000000001c005a9c        0x2 /module/UART_rw/BUILD/GAP8_V2/GCC_RISCV_FREERTOS//gap_sdk/rtos/freeRTOS/vendors/gwt/gap8/pmsis/drivers/udma/uart/uart.o
                0x000000001c005a9c                pi_uart_conf_init
 .text.pi_uart_open
                0x000000001c005a9e        0x6 /module/UART_rw/BUILD/GAP8_V2/GCC_RISCV_FREERTOS//gap_sdk/rtos/freeRTOS/vendors/gwt/gap8/pmsis/drivers/udma/uart/uart.o
                0x000000001c005a9e                pi_uart_open
 .text.pi_uart_close
                0x000000001c005aa4       0x1e /module/UART_rw/BUILD/GAP8_V2/GCC_RISCV_FREERTOS//gap_sdk/rtos/freeRTOS/vendors/gwt/gap8/pmsis/drivers/udma/uart/uart.o
                0x000000001c005aa4                pi_uart_close
 .text.pi_uart_write
                0x000000001c005ac2       0x4c /module/UART_rw/BUILD/GAP8_V2/GCC_RISCV_FREERTOS//gap_sdk/rtos/freeRTOS/vendors/gwt/gap8/pmsis/drivers/udma/uart/uart.o
                0x000000001c005ac2                pi_uart_write
 .text.__pi_uart_freq_cb
                0x000000001c005b0e       0xa6 /module/UART_rw/BUILD/GAP8_V2/GCC_RISCV_FREERTOS//gap_sdk/rtos/freeRTOS/vendors/gwt/gap8/pmsis/drivers/udma/uart/uart_internal.o
 .text.__pi_uart_handler
                0x000000001c005bb4       0xc0 /module/UART_rw/BUILD/GAP8_V2/GCC_RISCV_FREERTOS//gap_sdk/rtos/freeRTOS/vendors/gwt/gap8/pmsis/drivers/udma/uart/uart_internal.o
 .text.__pi_uart_conf_init
                0x000000001c005c74       0x18 /module/UART_rw/BUILD/GAP8_V2/GCC_RISCV_FREERTOS//gap_sdk/rtos/freeRTOS/vendors/gwt/gap8/pmsis/drivers/udma/uart/uart_internal.o
                0x000000001c005c74                __pi_uart_conf_init
 .text.__pi_uart_open
                0x000000001c005c8c      0x1ee /module/UART_rw/BUILD/GAP8_V2/GCC_RISCV_FREERTOS//gap_sdk/rtos/freeRTOS/vendors/gwt/gap8/pmsis/drivers/udma/uart/uart_internal.o
                0x000000001c005c8c                __pi_uart_open
 .text.__pi_uart_close
                0x000000001c005e7a      0x142 /module/UART_rw/BUILD/GAP8_V2/GCC_RISCV_FREERTOS//gap_sdk/rtos/freeRTOS/vendors/gwt/gap8/pmsis/drivers/udma/uart/uart_internal.o
                0x000000001c005e7a                __pi_uart_close
 .text.__pi_uart_copy
                0x000000001c005fbc       0xb0 /module/UART_rw/BUILD/GAP8_V2/GCC_RISCV_FREERTOS//gap_sdk/rtos/freeRTOS/vendors/gwt/gap8/pmsis/drivers/udma/uart/uart_internal.o
                0x000000001c005fbc                __pi_uart_copy
 .text.semihost_exit
                0x000000001c00606c       0x12 /module/UART_rw/BUILD/GAP8_V2/GCC_RISCV_FREERTOS//gap_sdk/rtos/pmsis/pmsis_bsp/fs/host_fs/semihost.o
                0x000000001c00606c                semihost_exit
 .text.pi_bsp_init
                0x000000001c00607e       0x3c /module/UART_rw/BUILD/GAP8_V2/GCC_RISCV_FREERTOS//gap_sdk/rtos/pmsis/pmsis_bsp/bsp/ai_deck.o
                0x000000001c00607e                pi_bsp_init
 .text.pi_log_default_vprintf
                0x000000001c0060ba        0x4 /module/UART_rw/BUILD/GAP8_V2/GCC_RISCV_FREERTOS//gap_sdk/rtos/freeRTOS/vendors/gwt/pmsis/rtos/pi_log.o
 .text.pmsis_event_push
                0x000000001c0060be       0x4e /module/UART_rw/BUILD/GAP8_V2/GCC_RISCV_FREERTOS//gap_sdk/rtos/freeRTOS/vendors/gwt/pmsis/rtos/event_kernel/event_kernel.o
                0x000000001c0060be                pmsis_event_push
 .text.pmsis_event_kernel_init
                0x000000001c00610c       0x78 /module/UART_rw/BUILD/GAP8_V2/GCC_RISCV_FREERTOS//gap_sdk/rtos/freeRTOS/vendors/gwt/pmsis/rtos/event_kernel/event_kernel.o
                0x000000001c00610c                pmsis_event_kernel_init
 .text.pmsis_event_kernel_main
                0x000000001c006184       0xa2 /module/UART_rw/BUILD/GAP8_V2/GCC_RISCV_FREERTOS//gap_sdk/rtos/freeRTOS/vendors/gwt/pmsis/rtos/event_kernel/event_kernel.o
                0x000000001c006184                pmsis_event_kernel_main
 .text.pmsis_event_get_default_scheduler
                0x000000001c006226        0xa /module/UART_rw/BUILD/GAP8_V2/GCC_RISCV_FREERTOS//gap_sdk/rtos/freeRTOS/vendors/gwt/pmsis/rtos/event_kernel/event_kernel.o
                0x000000001c006226                pmsis_event_get_default_scheduler
 .text.pmsis_event_set_default_scheduler
                0x000000001c006230        0xa /module/UART_rw/BUILD/GAP8_V2/GCC_RISCV_FREERTOS//gap_sdk/rtos/freeRTOS/vendors/gwt/pmsis/rtos/event_kernel/event_kernel.o
                0x000000001c006230                pmsis_event_set_default_scheduler
 .text.pi_cl_l1_free
                0x000000001c00623a       0x20 /module/UART_rw/BUILD/GAP8_V2/GCC_RISCV_FREERTOS//gap_sdk/rtos/freeRTOS/vendors/gwt/pmsis/rtos/malloc/cl_l1_malloc.o
                0x000000001c00623a                pi_cl_l1_free
 .text.pi_fc_l1_malloc
                0x000000001c00625a       0x22 /module/UART_rw/BUILD/GAP8_V2/GCC_RISCV_FREERTOS//gap_sdk/rtos/freeRTOS/vendors/gwt/pmsis/rtos/malloc/fc_l1_malloc.o
                0x000000001c00625a                pi_fc_l1_malloc
 .text.pi_fc_l1_free
                0x000000001c00627c       0x24 /module/UART_rw/BUILD/GAP8_V2/GCC_RISCV_FREERTOS//gap_sdk/rtos/freeRTOS/vendors/gwt/pmsis/rtos/malloc/fc_l1_malloc.o
                0x000000001c00627c                pi_fc_l1_free
 .text.pi_fc_l1_malloc_init
                0x000000001c0062a0       0x20 /module/UART_rw/BUILD/GAP8_V2/GCC_RISCV_FREERTOS//gap_sdk/rtos/freeRTOS/vendors/gwt/pmsis/rtos/malloc/fc_l1_malloc.o
                0x000000001c0062a0                pi_fc_l1_malloc_init
 .text.pi_l2_malloc
                0x000000001c0062c0       0x5a /module/UART_rw/BUILD/GAP8_V2/GCC_RISCV_FREERTOS//gap_sdk/rtos/freeRTOS/vendors/gwt/pmsis/rtos/malloc/l2_malloc.o
                0x000000001c0062c0                pi_l2_malloc
 .text.pi_l2_free
                0x000000001c00631a       0x3a /module/UART_rw/BUILD/GAP8_V2/GCC_RISCV_FREERTOS//gap_sdk/rtos/freeRTOS/vendors/gwt/pmsis/rtos/malloc/l2_malloc.o
                0x000000001c00631a                pi_l2_free
 .text.pi_l2_malloc_init
                0x000000001c006354       0x20 /module/UART_rw/BUILD/GAP8_V2/GCC_RISCV_FREERTOS//gap_sdk/rtos/freeRTOS/vendors/gwt/pmsis/rtos/malloc/l2_malloc.o
                0x000000001c006354                pi_l2_malloc_init
 .text.__malloc_init
                0x000000001c006374       0x20 /module/UART_rw/BUILD/GAP8_V2/GCC_RISCV_FREERTOS//gap_sdk/rtos/freeRTOS/vendors/gwt/pmsis/rtos/malloc/malloc_internal.o
                0x000000001c006374                __malloc_init
 .text.__malloc
                0x000000001c006394       0x4a /module/UART_rw/BUILD/GAP8_V2/GCC_RISCV_FREERTOS//gap_sdk/rtos/freeRTOS/vendors/gwt/pmsis/rtos/malloc/malloc_internal.o
                0x000000001c006394                __malloc
 .text.__malloc_free
                0x000000001c0063de       0x5c /module/UART_rw/BUILD/GAP8_V2/GCC_RISCV_FREERTOS//gap_sdk/rtos/freeRTOS/vendors/gwt/pmsis/rtos/malloc/malloc_internal.o
                0x000000001c0063de                __malloc_free
 .text.pi_malloc_init
                0x000000001c00643a       0x1c /module/UART_rw/BUILD/GAP8_V2/GCC_RISCV_FREERTOS//gap_sdk/rtos/freeRTOS/vendors/gwt/pmsis/rtos/malloc/pi_malloc.o
                0x000000001c00643a                pi_malloc_init
 .text.pi_malloc
                0x000000001c006456       0x2c /module/UART_rw/BUILD/GAP8_V2/GCC_RISCV_FREERTOS//gap_sdk/rtos/freeRTOS/vendors/gwt/pmsis/rtos/malloc/pi_malloc.o
                0x000000001c006456                pi_malloc
 .text.pi_free  0x000000001c006482       0x1c /module/UART_rw/BUILD/GAP8_V2/GCC_RISCV_FREERTOS//gap_sdk/rtos/freeRTOS/vendors/gwt/pmsis/rtos/malloc/pi_malloc.o
                0x000000001c006482                pi_free
 .text.pi_open_from_conf
                0x000000001c00649e        0x4 /module/UART_rw/BUILD/GAP8_V2/GCC_RISCV_FREERTOS//gap_sdk/rtos/freeRTOS/vendors/gwt/pmsis/rtos/os/device.o
                0x000000001c00649e                pi_open_from_conf
 .text.__pi_task_block
                0x000000001c0064a2       0x36 /module/UART_rw/BUILD/GAP8_V2/GCC_RISCV_FREERTOS//gap_sdk/rtos/freeRTOS/vendors/gwt/pmsis/rtos/os/pmsis_task.o
                0x000000001c0064a2                __pi_task_block
 .text.__pi_task_callback
                0x000000001c0064d8       0x24 /module/UART_rw/BUILD/GAP8_V2/GCC_RISCV_FREERTOS//gap_sdk/rtos/freeRTOS/vendors/gwt/pmsis/rtos/os/pmsis_task.o
                0x000000001c0064d8                __pi_task_callback
 .text.__pi_task_destroy
                0x000000001c0064fc       0x10 /module/UART_rw/BUILD/GAP8_V2/GCC_RISCV_FREERTOS//gap_sdk/rtos/freeRTOS/vendors/gwt/pmsis/rtos/os/pmsis_task.o
                0x000000001c0064fc                __pi_task_destroy
 .text.__pi_task_wait_on
                0x000000001c00650c       0x42 /module/UART_rw/BUILD/GAP8_V2/GCC_RISCV_FREERTOS//gap_sdk/rtos/freeRTOS/vendors/gwt/pmsis/rtos/os/pmsis_task.o
                0x000000001c00650c                __pi_task_wait_on
 .text.__pi_task_push
                0x000000001c00654e       0x24 /module/UART_rw/BUILD/GAP8_V2/GCC_RISCV_FREERTOS//gap_sdk/rtos/freeRTOS/vendors/gwt/pmsis/rtos/os/pmsis_task.o
                0x000000001c00654e                __pi_task_push
 .text.pi_task_release
                0x000000001c006572       0x4e /module/UART_rw/BUILD/GAP8_V2/GCC_RISCV_FREERTOS//gap_sdk/rtos/freeRTOS/vendors/gwt/pmsis/rtos/os/pmsis_task.o
                0x000000001c006572                pi_task_release
 .text.pi_cl_pi_task_wait
                0x000000001c0065c0       0x28 /module/UART_rw/BUILD/GAP8_V2/GCC_RISCV_FREERTOS//gap_sdk/rtos/freeRTOS/vendors/gwt/pmsis/rtos/os/pmsis_task.o
                0x000000001c0065c0                pi_cl_pi_task_wait
 .text.__os_native_kickoff
                0x000000001c0065e8       0x9a /module/UART_rw/BUILD/GAP8_V2/GCC_RISCV_FREERTOS//gap_sdk/rtos/freeRTOS/vendors/gwt/pmsis/backend/pmsis_backend_native_task_api.o
                0x000000001c0065e8                __os_native_kickoff
 .text.pi_task_delayed_increment_push
                0x000000001c006682       0x6c /module/UART_rw/BUILD/GAP8_V2/GCC_RISCV_FREERTOS//gap_sdk/rtos/freeRTOS/vendors/gwt/pmsis/backend/pmsis_backend_native_task_api.o
                0x000000001c006682                pi_task_delayed_increment_push
 .text.pxPortInitialiseStack
                0x000000001c0066ee       0x38 /module/UART_rw/BUILD/GAP8_V2/GCC_RISCV_FREERTOS//gap_sdk/rtos/freeRTOS/freertos_kernel/portable/GCC/RI5CY-GAP8/port.o
                0x000000001c0066ee                pxPortInitialiseStack
 .text.prvSetupTimerInterrupt
                0x000000001c006726        0x8 /module/UART_rw/BUILD/GAP8_V2/GCC_RISCV_FREERTOS//gap_sdk/rtos/freeRTOS/freertos_kernel/portable/GCC/RI5CY-GAP8/port.o
                0x000000001c006726                prvSetupTimerInterrupt
 .text.vPortEnter_Critical
                0x000000001c00672e       0x14 /module/UART_rw/BUILD/GAP8_V2/GCC_RISCV_FREERTOS//gap_sdk/rtos/freeRTOS/freertos_kernel/portable/GCC/RI5CY-GAP8/port.o
                0x000000001c00672e                vPortEnter_Critical
 .text.vPortExit_Critical
                0x000000001c006742       0x1c /module/UART_rw/BUILD/GAP8_V2/GCC_RISCV_FREERTOS//gap_sdk/rtos/freeRTOS/freertos_kernel/portable/GCC/RI5CY-GAP8/port.o
                0x000000001c006742                vPortExit_Critical
 .text.uPortSet_Interrupt_Mask_From_ISR
                0x000000001c00675e        0x6 /module/UART_rw/BUILD/GAP8_V2/GCC_RISCV_FREERTOS//gap_sdk/rtos/freeRTOS/freertos_kernel/portable/GCC/RI5CY-GAP8/port.o
                0x000000001c00675e                uPortSet_Interrupt_Mask_From_ISR
 .text.vPortClear_Interrupt_Mask_From_ISR
                0x000000001c006764        0x6 /module/UART_rw/BUILD/GAP8_V2/GCC_RISCV_FREERTOS//gap_sdk/rtos/freeRTOS/freertos_kernel/portable/GCC/RI5CY-GAP8/port.o
                0x000000001c006764                vPortClear_Interrupt_Mask_From_ISR
 .text._out_buffer
                0x000000001c00676a        0xa /module/UART_rw/BUILD/GAP8_V2/GCC_RISCV_FREERTOS//gap_sdk/rtos/freeRTOS/vendors/gwt/libs/printf/printf.o
 .text._out_null
                0x000000001c006774        0x2 /module/UART_rw/BUILD/GAP8_V2/GCC_RISCV_FREERTOS//gap_sdk/rtos/freeRTOS/vendors/gwt/libs/printf/printf.o
 .text._out_char
                0x000000001c006776        0x8 /module/UART_rw/BUILD/GAP8_V2/GCC_RISCV_FREERTOS//gap_sdk/rtos/freeRTOS/vendors/gwt/libs/printf/printf.o
 .text._ntoa_long
                0x000000001c00677e      0x34c /module/UART_rw/BUILD/GAP8_V2/GCC_RISCV_FREERTOS//gap_sdk/rtos/freeRTOS/vendors/gwt/libs/printf/printf.o
 .text._etoa    0x000000001c006aca      0x68e /module/UART_rw/BUILD/GAP8_V2/GCC_RISCV_FREERTOS//gap_sdk/rtos/freeRTOS/vendors/gwt/libs/printf/printf.o
 .text._ftoa.part.1
                0x000000001c007158      0x53a /module/UART_rw/BUILD/GAP8_V2/GCC_RISCV_FREERTOS//gap_sdk/rtos/freeRTOS/vendors/gwt/libs/printf/printf.o
 .text._vsnprintf
                0x000000001c007692      0x7dc /module/UART_rw/BUILD/GAP8_V2/GCC_RISCV_FREERTOS//gap_sdk/rtos/freeRTOS/vendors/gwt/libs/printf/printf.o
 .text.printf_  0x000000001c007e6e       0x32 /module/UART_rw/BUILD/GAP8_V2/GCC_RISCV_FREERTOS//gap_sdk/rtos/freeRTOS/vendors/gwt/libs/printf/printf.o
                0x000000001c007e6e                printf_
 .text.vprintf_
                0x000000001c007ea0       0x1e /module/UART_rw/BUILD/GAP8_V2/GCC_RISCV_FREERTOS//gap_sdk/rtos/freeRTOS/vendors/gwt/libs/printf/printf.o
                0x000000001c007ea0                vprintf_
 .text.vsnprintf_
                0x000000001c007ebe       0x14 /module/UART_rw/BUILD/GAP8_V2/GCC_RISCV_FREERTOS//gap_sdk/rtos/freeRTOS/vendors/gwt/libs/printf/printf.o
                0x000000001c007ebe                vsnprintf_
 .text.vListInitialise
                0x000000001c007ed2       0x14 /module/UART_rw/BUILD/GAP8_V2/GCC_RISCV_FREERTOS//gap_sdk/rtos/freeRTOS/freertos_kernel/list.o
                0x000000001c007ed2                vListInitialise
 .text.vListInitialiseItem
                0x000000001c007ee6        0x6 /module/UART_rw/BUILD/GAP8_V2/GCC_RISCV_FREERTOS//gap_sdk/rtos/freeRTOS/freertos_kernel/list.o
                0x000000001c007ee6                vListInitialiseItem
 .text.vListInsertEnd
                0x000000001c007eec       0x18 /module/UART_rw/BUILD/GAP8_V2/GCC_RISCV_FREERTOS//gap_sdk/rtos/freeRTOS/freertos_kernel/list.o
                0x000000001c007eec                vListInsertEnd
 .text.vListInsert
                0x000000001c007f04       0x2e /module/UART_rw/BUILD/GAP8_V2/GCC_RISCV_FREERTOS//gap_sdk/rtos/freeRTOS/freertos_kernel/list.o
                0x000000001c007f04                vListInsert
 .text.uxListRemove
                0x000000001c007f32       0x22 /module/UART_rw/BUILD/GAP8_V2/GCC_RISCV_FREERTOS//gap_sdk/rtos/freeRTOS/freertos_kernel/list.o
                0x000000001c007f32                uxListRemove
 .text.xQueueGenericCreateStatic
                0x000000001c007f54       0x6a /module/UART_rw/BUILD/GAP8_V2/GCC_RISCV_FREERTOS//gap_sdk/rtos/freeRTOS/freertos_kernel/queue.o
                0x000000001c007f54                xQueueGenericCreateStatic
 .text.xQueueGenericCreate
                0x000000001c007fbe       0x7c /module/UART_rw/BUILD/GAP8_V2/GCC_RISCV_FREERTOS//gap_sdk/rtos/freeRTOS/freertos_kernel/queue.o
                0x000000001c007fbe                xQueueGenericCreate
 .text.xQueueGenericSend
                0x000000001c00803a      0x35e /module/UART_rw/BUILD/GAP8_V2/GCC_RISCV_FREERTOS//gap_sdk/rtos/freeRTOS/freertos_kernel/queue.o
                0x000000001c00803a                xQueueGenericSend
 .text.xQueueCreateMutex
                0x000000001c008398       0x80 /module/UART_rw/BUILD/GAP8_V2/GCC_RISCV_FREERTOS//gap_sdk/rtos/freeRTOS/freertos_kernel/queue.o
                0x000000001c008398                xQueueCreateMutex
 .text.xQueueGenericSendFromISR
                0x000000001c008418      0x108 /module/UART_rw/BUILD/GAP8_V2/GCC_RISCV_FREERTOS//gap_sdk/rtos/freeRTOS/freertos_kernel/queue.o
                0x000000001c008418                xQueueGenericSendFromISR
 .text.xQueueReceive
                0x000000001c008520      0x2b6 /module/UART_rw/BUILD/GAP8_V2/GCC_RISCV_FREERTOS//gap_sdk/rtos/freeRTOS/freertos_kernel/queue.o
                0x000000001c008520                xQueueReceive
 .text.xQueueSemaphoreTake
                0x000000001c0087d6      0x2ea /module/UART_rw/BUILD/GAP8_V2/GCC_RISCV_FREERTOS//gap_sdk/rtos/freeRTOS/freertos_kernel/queue.o
                0x000000001c0087d6                xQueueSemaphoreTake
 .text.uxQueueMessagesWaiting
                0x000000001c008ac0       0x1c /module/UART_rw/BUILD/GAP8_V2/GCC_RISCV_FREERTOS//gap_sdk/rtos/freeRTOS/freertos_kernel/queue.o
                0x000000001c008ac0                uxQueueMessagesWaiting
 .text.vQueueAddToRegistry
                0x000000001c008adc       0x58 /module/UART_rw/BUILD/GAP8_V2/GCC_RISCV_FREERTOS//gap_sdk/rtos/freeRTOS/freertos_kernel/queue.o
                0x000000001c008adc                vQueueAddToRegistry
 .text.vQueueWaitForMessageRestricted
                0x000000001c008b34       0xea /module/UART_rw/BUILD/GAP8_V2/GCC_RISCV_FREERTOS//gap_sdk/rtos/freeRTOS/freertos_kernel/queue.o
                0x000000001c008b34                vQueueWaitForMessageRestricted
 .text.prvAddNewTaskToReadyList
                0x000000001c008c1e      0x15c /module/UART_rw/BUILD/GAP8_V2/GCC_RISCV_FREERTOS//gap_sdk/rtos/freeRTOS/freertos_kernel/tasks.o
 .text.prvIdleTask
                0x000000001c008d7a       0x90 /module/UART_rw/BUILD/GAP8_V2/GCC_RISCV_FREERTOS//gap_sdk/rtos/freeRTOS/freertos_kernel/tasks.o
 .text.xTaskIncrementTick.part.6
                0x000000001c008e0a      0x168 /module/UART_rw/BUILD/GAP8_V2/GCC_RISCV_FREERTOS//gap_sdk/rtos/freeRTOS/freertos_kernel/tasks.o
 .text.xTaskCreateStatic
                0x000000001c008f72      0x17e /module/UART_rw/BUILD/GAP8_V2/GCC_RISCV_FREERTOS//gap_sdk/rtos/freeRTOS/freertos_kernel/tasks.o
                0x000000001c008f72                xTaskCreateStatic
 .text.xTaskCreate
                0x000000001c0090f0      0x1a2 /module/UART_rw/BUILD/GAP8_V2/GCC_RISCV_FREERTOS//gap_sdk/rtos/freeRTOS/freertos_kernel/tasks.o
                0x000000001c0090f0                xTaskCreate
 .text.vTaskStartScheduler
                0x000000001c009292       0xec /module/UART_rw/BUILD/GAP8_V2/GCC_RISCV_FREERTOS//gap_sdk/rtos/freeRTOS/freertos_kernel/tasks.o
                0x000000001c009292                vTaskStartScheduler
 .text.vTaskSuspendAll
                0x000000001c00937e       0x10 /module/UART_rw/BUILD/GAP8_V2/GCC_RISCV_FREERTOS//gap_sdk/rtos/freeRTOS/freertos_kernel/tasks.o
                0x000000001c00937e                vTaskSuspendAll
 .text.xTaskResumeAll
                0x000000001c00938e      0x13e /module/UART_rw/BUILD/GAP8_V2/GCC_RISCV_FREERTOS//gap_sdk/rtos/freeRTOS/freertos_kernel/tasks.o
                0x000000001c00938e                xTaskResumeAll
 .text.vTaskDelay
                0x000000001c0094cc       0x9c /module/UART_rw/BUILD/GAP8_V2/GCC_RISCV_FREERTOS//gap_sdk/rtos/freeRTOS/freertos_kernel/tasks.o
                0x000000001c0094cc                vTaskDelay
 .text.xTaskGetTickCount
                0x000000001c009568        0xa /module/UART_rw/BUILD/GAP8_V2/GCC_RISCV_FREERTOS//gap_sdk/rtos/freeRTOS/freertos_kernel/tasks.o
                0x000000001c009568                xTaskGetTickCount
 .text.xTaskIncrementTick
                0x000000001c009572       0x20 /module/UART_rw/BUILD/GAP8_V2/GCC_RISCV_FREERTOS//gap_sdk/rtos/freeRTOS/freertos_kernel/tasks.o
                0x000000001c009572                xTaskIncrementTick
 .text.vTaskSwitchContext
                0x000000001c009592       0xb2 /module/UART_rw/BUILD/GAP8_V2/GCC_RISCV_FREERTOS//gap_sdk/rtos/freeRTOS/freertos_kernel/tasks.o
                0x000000001c009592                vTaskSwitchContext
 .text.vTaskPlaceOnEventList
                0x000000001c009644       0x9c /module/UART_rw/BUILD/GAP8_V2/GCC_RISCV_FREERTOS//gap_sdk/rtos/freeRTOS/freertos_kernel/tasks.o
                0x000000001c009644                vTaskPlaceOnEventList
 .text.vTaskPlaceOnUnorderedEventList
                0x000000001c0096e0       0xac /module/UART_rw/BUILD/GAP8_V2/GCC_RISCV_FREERTOS//gap_sdk/rtos/freeRTOS/freertos_kernel/tasks.o
                0x000000001c0096e0                vTaskPlaceOnUnorderedEventList
 .text.vTaskPlaceOnEventListRestricted
                0x000000001c00978c       0xaa /module/UART_rw/BUILD/GAP8_V2/GCC_RISCV_FREERTOS//gap_sdk/rtos/freeRTOS/freertos_kernel/tasks.o
                0x000000001c00978c                vTaskPlaceOnEventListRestricted
 .text.xTaskRemoveFromEventList
                0x000000001c009836       0x8e /module/UART_rw/BUILD/GAP8_V2/GCC_RISCV_FREERTOS//gap_sdk/rtos/freeRTOS/freertos_kernel/tasks.o
                0x000000001c009836                xTaskRemoveFromEventList
 .text.vTaskRemoveFromUnorderedEventList
                0x000000001c0098c4       0x74 /module/UART_rw/BUILD/GAP8_V2/GCC_RISCV_FREERTOS//gap_sdk/rtos/freeRTOS/freertos_kernel/tasks.o
                0x000000001c0098c4                vTaskRemoveFromUnorderedEventList
 .text.vTaskInternalSetTimeOutState
                0x000000001c009938       0x16 /module/UART_rw/BUILD/GAP8_V2/GCC_RISCV_FREERTOS//gap_sdk/rtos/freeRTOS/freertos_kernel/tasks.o
                0x000000001c009938                vTaskInternalSetTimeOutState
 .text.xTaskCheckForTimeOut
                0x000000001c00994e       0x84 /module/UART_rw/BUILD/GAP8_V2/GCC_RISCV_FREERTOS//gap_sdk/rtos/freeRTOS/freertos_kernel/tasks.o
                0x000000001c00994e                xTaskCheckForTimeOut
 .text.vTaskMissedYield
                0x000000001c0099d2        0xc /module/UART_rw/BUILD/GAP8_V2/GCC_RISCV_FREERTOS//gap_sdk/rtos/freeRTOS/freertos_kernel/tasks.o
                0x000000001c0099d2                vTaskMissedYield
 .text.xTaskGetCurrentTaskHandle
                0x000000001c0099de        0xa /module/UART_rw/BUILD/GAP8_V2/GCC_RISCV_FREERTOS//gap_sdk/rtos/freeRTOS/freertos_kernel/tasks.o
                0x000000001c0099de                xTaskGetCurrentTaskHandle
 .text.xTaskGetSchedulerState
                0x000000001c0099e8       0x1c /module/UART_rw/BUILD/GAP8_V2/GCC_RISCV_FREERTOS//gap_sdk/rtos/freeRTOS/freertos_kernel/tasks.o
                0x000000001c0099e8                xTaskGetSchedulerState
 .text.xTaskPriorityInherit
                0x000000001c009a04       0xb0 /module/UART_rw/BUILD/GAP8_V2/GCC_RISCV_FREERTOS//gap_sdk/rtos/freeRTOS/freertos_kernel/tasks.o
                0x000000001c009a04                xTaskPriorityInherit
 .text.xTaskPriorityDisinherit
                0x000000001c009ab4       0x70 /module/UART_rw/BUILD/GAP8_V2/GCC_RISCV_FREERTOS//gap_sdk/rtos/freeRTOS/freertos_kernel/tasks.o
                0x000000001c009ab4                xTaskPriorityDisinherit
 .text.vTaskPriorityDisinheritAfterTimeout
                0x000000001c009b24       0x94 /module/UART_rw/BUILD/GAP8_V2/GCC_RISCV_FREERTOS//gap_sdk/rtos/freeRTOS/freertos_kernel/tasks.o
                0x000000001c009b24                vTaskPriorityDisinheritAfterTimeout
 .text.uxTaskResetEventItemValue
                0x000000001c009bb8       0x1a /module/UART_rw/BUILD/GAP8_V2/GCC_RISCV_FREERTOS//gap_sdk/rtos/freeRTOS/freertos_kernel/tasks.o
                0x000000001c009bb8                uxTaskResetEventItemValue
 .text.pvTaskIncrementMutexHeldCount
                0x000000001c009bd2       0x18 /module/UART_rw/BUILD/GAP8_V2/GCC_RISCV_FREERTOS//gap_sdk/rtos/freeRTOS/freertos_kernel/tasks.o
                0x000000001c009bd2                pvTaskIncrementMutexHeldCount
 .text.ulTaskGenericNotifyTake
                0x000000001c009bea       0xf8 /module/UART_rw/BUILD/GAP8_V2/GCC_RISCV_FREERTOS//gap_sdk/rtos/freeRTOS/freertos_kernel/tasks.o
                0x000000001c009bea                ulTaskGenericNotifyTake
 .text.vTaskGenericNotifyGiveFromISR
                0x000000001c009ce2       0xc0 /module/UART_rw/BUILD/GAP8_V2/GCC_RISCV_FREERTOS//gap_sdk/rtos/freeRTOS/freertos_kernel/tasks.o
                0x000000001c009ce2                vTaskGenericNotifyGiveFromISR
 .text.prvTimerTask
                0x000000001c009da2      0x35e /module/UART_rw/BUILD/GAP8_V2/GCC_RISCV_FREERTOS//gap_sdk/rtos/freeRTOS/freertos_kernel/timers.o
 .text.xTimerCreateTimerTask
                0x000000001c00a100       0xc2 /module/UART_rw/BUILD/GAP8_V2/GCC_RISCV_FREERTOS//gap_sdk/rtos/freeRTOS/freertos_kernel/timers.o
                0x000000001c00a100                xTimerCreateTimerTask
 .text.xTimerPendFunctionCallFromISR
                0x000000001c00a1c2       0x28 /module/UART_rw/BUILD/GAP8_V2/GCC_RISCV_FREERTOS//gap_sdk/rtos/freeRTOS/freertos_kernel/timers.o
                0x000000001c00a1c2                xTimerPendFunctionCallFromISR
 .text.xEventGroupCreate
                0x000000001c00a1ea       0x26 /module/UART_rw/BUILD/GAP8_V2/GCC_RISCV_FREERTOS//gap_sdk/rtos/freeRTOS/freertos_kernel/event_groups.o
                0x000000001c00a1ea                xEventGroupCreate
 .text.xEventGroupWaitBits
                0x000000001c00a210       0xdc /module/UART_rw/BUILD/GAP8_V2/GCC_RISCV_FREERTOS//gap_sdk/rtos/freeRTOS/freertos_kernel/event_groups.o
                0x000000001c00a210                xEventGroupWaitBits
 .text.xEventGroupSetBits
                0x000000001c00a2ec       0x9a /module/UART_rw/BUILD/GAP8_V2/GCC_RISCV_FREERTOS//gap_sdk/rtos/freeRTOS/freertos_kernel/event_groups.o
                0x000000001c00a2ec                xEventGroupSetBits
 .text.vEventGroupSetBitsCallback
                0x000000001c00a386       0x96 /module/UART_rw/BUILD/GAP8_V2/GCC_RISCV_FREERTOS//gap_sdk/rtos/freeRTOS/freertos_kernel/event_groups.o
                0x000000001c00a386                vEventGroupSetBitsCallback
 .text.vApplicationIdleHook
                0x000000001c00a41c       0x16 /module/UART_rw/BUILD/GAP8_V2/GCC_RISCV_FREERTOS//gap_sdk/rtos/freeRTOS/demos/gwt/config/gap8/FreeRTOS_util.o
                0x000000001c00a41c                vApplicationIdleHook
 .text.vApplicationGetIdleTaskMemory
                0x000000001c00a432       0x18 /module/UART_rw/BUILD/GAP8_V2/GCC_RISCV_FREERTOS//gap_sdk/rtos/freeRTOS/demos/gwt/config/gap8/FreeRTOS_util.o
                0x000000001c00a432                vApplicationGetIdleTaskMemory
 .text.vApplicationGetTimerTaskMemory
                0x000000001c00a44a       0x1c /module/UART_rw/BUILD/GAP8_V2/GCC_RISCV_FREERTOS//gap_sdk/rtos/freeRTOS/demos/gwt/config/gap8/FreeRTOS_util.o
                0x000000001c00a44a                vApplicationGetTimerTaskMemory
                0x000000001c00a468                . = ALIGN (0x4)
 *fill*         0x000000001c00a466        0x2 
                0x000000001c00a468                __cluster_text_start = .
 *(.cluster.text)
 *(.cluster.text.*)
                0x000000001c00a468                __cluster_text_end = .
                0x000000001c00a468                _etext = .
 *(.lit)
 *(.shdata)
                0x000000001c00a468                _endtext = .

.ctors          0x000000001c00a468        0x0
                0x000000001c00a468                . = ALIGN (0x4)
                0x000000001c00a468                __CTOR_LIST__ = .
 *crtbegin.o(.ctors)
 *crtbegin?.o(.ctors)
 *(EXCLUDE_FILE(*crtend.o *crtend?.o) .ctors)
 *(SORT(.ctors.*))
 *(.ctors)
                0x000000001c00a468                __CTOR_END__ = .

.dtors          0x000000001c00a468        0x0
                0x000000001c00a468                . = ALIGN (0x4)
                0x000000001c00a468                __DTOR_LIST__ = .
 *crtbegin.o(.dtors)
 *crtbegin?.o(.dtors)
 *(EXCLUDE_FILE(*crtend.o *crtend?.o) .dtors)
 *(SORT(.dtors.*))
 *(.dtors)
                0x000000001c00a468                __DTOR_END__ = .

.preinit_array  0x000000001c00a468        0x0
                [!provide]                        PROVIDE (__preinit_array_start, .)
 *(.preinit_array*)
                [!provide]                        PROVIDE (__preinit_array_end, .)

.init_array     0x000000001c00a468        0x0
                [!provide]                        PROVIDE (__init_array_start, .)
 *(SORT(.init_array.*))
 *(.init_array*)
                [!provide]                        PROVIDE (__init_array_end, .)

.fini_array     0x000000001c00a468        0x0
                [!provide]                        PROVIDE (__fini_array_start, .)
 *(SORT(.fini_array.*))
 *(.fini_array*)
                [!provide]                        PROVIDE (__fini_array_end, .)

.rodata         0x000000001c00a468      0x4b0
                0x000000001c00a468                . = ALIGN (0x4)
 *(.rodata)
 .rodata        0x000000001c00a468       0x3c /usr/lib/gap_riscv_toolchain/bin/../lib/gcc/riscv32-unknown-elf/7.1.1/rv32imcxgap8/ilp32/libgcc.a(divdf3.o)
 .rodata        0x000000001c00a4a4       0x3c /usr/lib/gap_riscv_toolchain/bin/../lib/gcc/riscv32-unknown-elf/7.1.1/rv32imcxgap8/ilp32/libgcc.a(muldf3.o)
 *(.rodata.*)
 .rodata.task_main.str1.4
                0x000000001c00a4e0       0xe1 /module/UART_rw/BUILD/GAP8_V2/GCC_RISCV_FREERTOS/UART_rw.o
 *fill*         0x000000001c00a5c1        0x3 
 .rodata.task_rw_uart.str1.4
                0x000000001c00a5c4       0x31 /module/UART_rw/BUILD/GAP8_V2/GCC_RISCV_FREERTOS/UART_rw.o
 *fill*         0x000000001c00a5f5        0x3 
 .rodata.com_init.str1.4
                0x000000001c00a5f8       0x35 /module/UART_rw/BUILD/GAP8_V2/GCC_RISCV_FREERTOS/../lib/cpx/src/com.o
 *fill*         0x000000001c00a62d        0x3 
 .rodata.cpxInit.str1.4
                0x000000001c00a630       0x2a /module/UART_rw/BUILD/GAP8_V2/GCC_RISCV_FREERTOS/../lib/cpx/src/cpx.o
 *fill*         0x000000001c00a65a        0x2 
 .rodata.cpx_rx_task.str1.4
                0x000000001c00a65c       0x20 /module/UART_rw/BUILD/GAP8_V2/GCC_RISCV_FREERTOS/../lib/cpx/src/cpx.o
 .rodata.__func__.10744
                0x000000001c00a67c        0xd /module/UART_rw/BUILD/GAP8_V2/GCC_RISCV_FREERTOS//gap_sdk/rtos/freeRTOS/vendors/gwt/gap8/src/device/gap8_it.o
 *fill*         0x000000001c00a689        0x3 
 .rodata.__func__.10748
                0x000000001c00a68c       0x10 /module/UART_rw/BUILD/GAP8_V2/GCC_RISCV_FREERTOS//gap_sdk/rtos/freeRTOS/vendors/gwt/gap8/src/device/gap8_it.o
 .rodata._ill_insn_print.str1.4
                0x000000001c00a69c       0x3f /module/UART_rw/BUILD/GAP8_V2/GCC_RISCV_FREERTOS//gap_sdk/rtos/freeRTOS/vendors/gwt/gap8/src/device/gap8_it.o
 *fill*         0x000000001c00a6db        0x1 
 .rodata._isr_default.str1.4
                0x000000001c00a6dc       0x3e /module/UART_rw/BUILD/GAP8_V2/GCC_RISCV_FREERTOS//gap_sdk/rtos/freeRTOS/vendors/gwt/gap8/src/device/gap8_it.o
 *fill*         0x000000001c00a71a        0x2 
 .rodata.__func__.10989
                0x000000001c00a71c        0xe /module/UART_rw/BUILD/GAP8_V2/GCC_RISCV_FREERTOS//gap_sdk/rtos/freeRTOS/vendors/gwt/gap8/pmsis/drivers/udma/spi/spi_internal.o
 *fill*         0x000000001c00a72a        0x2 
 .rodata.__pi_spi_open.str1.4
                0x000000001c00a72c       0x61 /module/UART_rw/BUILD/GAP8_V2/GCC_RISCV_FREERTOS//gap_sdk/rtos/freeRTOS/vendors/gwt/gap8/pmsis/drivers/udma/spi/spi_internal.o
 *fill*         0x000000001c00a78d        0x3 
 .rodata.pmsis_event_kernel_init.str1.4
                0x000000001c00a790       0x2a /module/UART_rw/BUILD/GAP8_V2/GCC_RISCV_FREERTOS//gap_sdk/rtos/freeRTOS/vendors/gwt/pmsis/rtos/event_kernel/event_kernel.o
 *fill*         0x000000001c00a7ba        0x2 
 .rodata.pi_l2_malloc.str1.4
                0x000000001c00a7bc        0xf /module/UART_rw/BUILD/GAP8_V2/GCC_RISCV_FREERTOS//gap_sdk/rtos/freeRTOS/vendors/gwt/pmsis/rtos/malloc/l2_malloc.o
 *fill*         0x000000001c00a7cb        0x1 
 .rodata.__os_native_kickoff.str1.4
                0x000000001c00a7cc       0x3c /module/UART_rw/BUILD/GAP8_V2/GCC_RISCV_FREERTOS//gap_sdk/rtos/freeRTOS/vendors/gwt/pmsis/backend/pmsis_backend_native_task_api.o
 .rodata._etoa.cst8
                0x000000001c00a808       0x90 /module/UART_rw/BUILD/GAP8_V2/GCC_RISCV_FREERTOS//gap_sdk/rtos/freeRTOS/vendors/gwt/libs/printf/printf.o
 .rodata._etoa.str1.4
                0x000000001c00a898       0x15 /module/UART_rw/BUILD/GAP8_V2/GCC_RISCV_FREERTOS//gap_sdk/rtos/freeRTOS/vendors/gwt/libs/printf/printf.o
 *fill*         0x000000001c00a8ad        0x3 
 .rodata._ftoa.part.1.cst8
                0x000000001c00a8b0        0x8 /module/UART_rw/BUILD/GAP8_V2/GCC_RISCV_FREERTOS//gap_sdk/rtos/freeRTOS/vendors/gwt/libs/printf/printf.o
 .rodata.pow10.1787
                0x000000001c00a8b8       0x50 /module/UART_rw/BUILD/GAP8_V2/GCC_RISCV_FREERTOS//gap_sdk/rtos/freeRTOS/vendors/gwt/libs/printf/printf.o
 .rodata.xTimerCreateTimerTask.str1.4
                0x000000001c00a908       0x10 /module/UART_rw/BUILD/GAP8_V2/GCC_RISCV_FREERTOS//gap_sdk/rtos/freeRTOS/freertos_kernel/timers.o
 *(.srodata)
 *(.srodata.*)
 *(.eh_frame*)

.rela.dyn       0x000000001c00a918        0x0
 .rela.text.task_main
                0x000000001c00a918        0x0 /module/UART_rw/BUILD/GAP8_V2/GCC_RISCV_FREERTOS/UART_rw.o
 .rela.text.task_rw_uart
                0x000000001c00a918        0x0 /module/UART_rw/BUILD/GAP8_V2/GCC_RISCV_FREERTOS/UART_rw.o
 .rela.text.startup.main
                0x000000001c00a918        0x0 /module/UART_rw/BUILD/GAP8_V2/GCC_RISCV_FREERTOS/UART_rw.o
 .rela.text.vDataReadyISR
                0x000000001c00a918        0x0 /module/UART_rw/BUILD/GAP8_V2/GCC_RISCV_FREERTOS/UART_rw.o
 .rela.text.com_task
                0x000000001c00a918        0x0 /module/UART_rw/BUILD/GAP8_V2/GCC_RISCV_FREERTOS/UART_rw.o
 .rela.text.set_gap8_rtt_pin
                0x000000001c00a918        0x0 /module/UART_rw/BUILD/GAP8_V2/GCC_RISCV_FREERTOS/UART_rw.o
 .rela.text.com_init
                0x000000001c00a918        0x0 /module/UART_rw/BUILD/GAP8_V2/GCC_RISCV_FREERTOS/UART_rw.o
 .rela.text.com_read
                0x000000001c00a918        0x0 /module/UART_rw/BUILD/GAP8_V2/GCC_RISCV_FREERTOS/UART_rw.o
 .rela.text.com_write
                0x000000001c00a918        0x0 /module/UART_rw/BUILD/GAP8_V2/GCC_RISCV_FREERTOS/UART_rw.o
 .rela.text.cpx_rx_task
                0x000000001c00a918        0x0 /module/UART_rw/BUILD/GAP8_V2/GCC_RISCV_FREERTOS/UART_rw.o
 .rela.text.cpxEnableFunction
                0x000000001c00a918        0x0 /module/UART_rw/BUILD/GAP8_V2/GCC_RISCV_FREERTOS/UART_rw.o
 .rela.text.cpxReceivePacketBlocking
                0x000000001c00a918        0x0 /module/UART_rw/BUILD/GAP8_V2/GCC_RISCV_FREERTOS/UART_rw.o
 .rela.text.cpxSendPacketBlocking
                0x000000001c00a918        0x0 /module/UART_rw/BUILD/GAP8_V2/GCC_RISCV_FREERTOS/UART_rw.o
 .rela.text.cpxPrintToConsole
                0x000000001c00a918        0x0 /module/UART_rw/BUILD/GAP8_V2/GCC_RISCV_FREERTOS/UART_rw.o
 .rela.text.cpxInit
                0x000000001c00a918        0x0 /module/UART_rw/BUILD/GAP8_V2/GCC_RISCV_FREERTOS/UART_rw.o
 .rela.text.jpeg_encoder_process_async
                0x000000001c00a918        0x0 /module/UART_rw/BUILD/GAP8_V2/GCC_RISCV_FREERTOS/UART_rw.o
 .rela.text.jpeg_encoder_process
                0x000000001c00a918        0x0 /module/UART_rw/BUILD/GAP8_V2/GCC_RISCV_FREERTOS/UART_rw.o
 .rela.text.jpeg_encoder_start
                0x000000001c00a918        0x0 /module/UART_rw/BUILD/GAP8_V2/GCC_RISCV_FREERTOS/UART_rw.o
 .rela.text.jpeg_encoder_stop
                0x000000001c00a918        0x0 /module/UART_rw/BUILD/GAP8_V2/GCC_RISCV_FREERTOS/UART_rw.o
 .rela.text.AppendBytes_cl
                0x000000001c00a918        0x0 /module/UART_rw/BUILD/GAP8_V2/GCC_RISCV_FREERTOS/UART_rw.o
 .rela.text.__jpeg_encoder_process_pe_entry
                0x000000001c00a918        0x0 /module/UART_rw/BUILD/GAP8_V2/GCC_RISCV_FREERTOS/UART_rw.o
 .rela.text.__jpeg_encoder_process_cl_entry
                0x000000001c00a918        0x0 /module/UART_rw/BUILD/GAP8_V2/GCC_RISCV_FREERTOS/UART_rw.o
 .rela.text.__jpeg_encoder_process_cl
                0x000000001c00a918        0x0 /module/UART_rw/BUILD/GAP8_V2/GCC_RISCV_FREERTOS/UART_rw.o
 .rela.text.__jpeg_encoder_start_cl
                0x000000001c00a918        0x0 /module/UART_rw/BUILD/GAP8_V2/GCC_RISCV_FREERTOS/UART_rw.o
 .rela.text.__jpeg_encoder_stop_cl
                0x000000001c00a918        0x0 /module/UART_rw/BUILD/GAP8_V2/GCC_RISCV_FREERTOS/UART_rw.o
 .rela.text     0x000000001c00a918        0x0 /module/UART_rw/BUILD/GAP8_V2/GCC_RISCV_FREERTOS/UART_rw.o
 .rela.text.reset
                0x000000001c00a918        0x0 /module/UART_rw/BUILD/GAP8_V2/GCC_RISCV_FREERTOS/UART_rw.o
 .rela.vectors_irq
                0x000000001c00a918        0x0 /module/UART_rw/BUILD/GAP8_V2/GCC_RISCV_FREERTOS/UART_rw.o
 .rela.text.system_init
                0x000000001c00a918        0x0 /module/UART_rw/BUILD/GAP8_V2/GCC_RISCV_FREERTOS/UART_rw.o
 .rela.text.system_setup_systick
                0x000000001c00a918        0x0 /module/UART_rw/BUILD/GAP8_V2/GCC_RISCV_FREERTOS/UART_rw.o
 .rela.text.system_core_clock_update
                0x000000001c00a918        0x0 /module/UART_rw/BUILD/GAP8_V2/GCC_RISCV_FREERTOS/UART_rw.o
 .rela.text.system_usermode_entry
                0x000000001c00a918        0x0 /module/UART_rw/BUILD/GAP8_V2/GCC_RISCV_FREERTOS/UART_rw.o
 .rela.text.system_exit
                0x000000001c00a918        0x0 /module/UART_rw/BUILD/GAP8_V2/GCC_RISCV_FREERTOS/UART_rw.o
 .rela.text.pi_log_write.constprop.0
                0x000000001c00a918        0x0 /module/UART_rw/BUILD/GAP8_V2/GCC_RISCV_FREERTOS/UART_rw.o
 .rela.text._isr_default
                0x000000001c00a918        0x0 /module/UART_rw/BUILD/GAP8_V2/GCC_RISCV_FREERTOS/UART_rw.o
 .rela.text.uTaskCheckQuantum
                0x000000001c00a918        0x0 /module/UART_rw/BUILD/GAP8_V2/GCC_RISCV_FREERTOS/UART_rw.o
 .rela.text._ill_insn_print
                0x000000001c00a918        0x0 /module/UART_rw/BUILD/GAP8_V2/GCC_RISCV_FREERTOS/UART_rw.o
 .rela.text.__uart_putc_cluster_req
                0x000000001c00a918        0x0 /module/UART_rw/BUILD/GAP8_V2/GCC_RISCV_FREERTOS/UART_rw.o
 .rela.text.printf_uart_init
                0x000000001c00a918        0x0 /module/UART_rw/BUILD/GAP8_V2/GCC_RISCV_FREERTOS/UART_rw.o
 .rela.text.__io_lock
                0x000000001c00a918        0x0 /module/UART_rw/BUILD/GAP8_V2/GCC_RISCV_FREERTOS/UART_rw.o
 .rela.text.__io_unlock
                0x000000001c00a918        0x0 /module/UART_rw/BUILD/GAP8_V2/GCC_RISCV_FREERTOS/UART_rw.o
 .rela.text._putchar
                0x000000001c00a918        0x0 /module/UART_rw/BUILD/GAP8_V2/GCC_RISCV_FREERTOS/UART_rw.o
 .rela.text.puts
                0x000000001c00a918        0x0 /module/UART_rw/BUILD/GAP8_V2/GCC_RISCV_FREERTOS/UART_rw.o
 .rela.text.system_exit_printf_flush
                0x000000001c00a918        0x0 /module/UART_rw/BUILD/GAP8_V2/GCC_RISCV_FREERTOS/UART_rw.o
 .rela.sdata.g_lock
                0x000000001c00a918        0x0 /module/UART_rw/BUILD/GAP8_V2/GCC_RISCV_FREERTOS/UART_rw.o
 .rela.sdata.g_unlock
                0x000000001c00a918        0x0 /module/UART_rw/BUILD/GAP8_V2/GCC_RISCV_FREERTOS/UART_rw.o
 .rela.text.__pi_cl_delegate_l2_alloc
                0x000000001c00a918        0x0 /module/UART_rw/BUILD/GAP8_V2/GCC_RISCV_FREERTOS/UART_rw.o
 .rela.text.__pi_cl_delegate_l2_free
                0x000000001c00a918        0x0 /module/UART_rw/BUILD/GAP8_V2/GCC_RISCV_FREERTOS/UART_rw.o
 .rela.text.pi_cl_l2_malloc
                0x000000001c00a918        0x0 /module/UART_rw/BUILD/GAP8_V2/GCC_RISCV_FREERTOS/UART_rw.o
 .rela.text.pi_cl_l2_free
                0x000000001c00a918        0x0 /module/UART_rw/BUILD/GAP8_V2/GCC_RISCV_FREERTOS/UART_rw.o
 .rela.text.cl_notify_fc_event_handler
                0x000000001c00a918        0x0 /module/UART_rw/BUILD/GAP8_V2/GCC_RISCV_FREERTOS/UART_rw.o
 .rela.text.pi_cl_send_task_to_fc
                0x000000001c00a918        0x0 /module/UART_rw/BUILD/GAP8_V2/GCC_RISCV_FREERTOS/UART_rw.o
 .rela.text.__os_native_api_mutex_lock
                0x000000001c00a918        0x0 /module/UART_rw/BUILD/GAP8_V2/GCC_RISCV_FREERTOS/UART_rw.o
 .rela.text.__os_native_api_mutex_release
                0x000000001c00a918        0x0 /module/UART_rw/BUILD/GAP8_V2/GCC_RISCV_FREERTOS/UART_rw.o
 .rela.text.pi_cluster_open_async
                0x000000001c00a918        0x0 /module/UART_rw/BUILD/GAP8_V2/GCC_RISCV_FREERTOS/UART_rw.o
 .rela.text.pi_cluster_close
                0x000000001c00a918        0x0 /module/UART_rw/BUILD/GAP8_V2/GCC_RISCV_FREERTOS/UART_rw.o
 .rela.text.pi_cluster_open
                0x000000001c00a918        0x0 /module/UART_rw/BUILD/GAP8_V2/GCC_RISCV_FREERTOS/UART_rw.o
 .rela.text.cl_task_finish
                0x000000001c00a918        0x0 /module/UART_rw/BUILD/GAP8_V2/GCC_RISCV_FREERTOS/UART_rw.o
 .rela.text.pi_cluster_send_task_to_cl
                0x000000001c00a918        0x0 /module/UART_rw/BUILD/GAP8_V2/GCC_RISCV_FREERTOS/UART_rw.o
 .rela.text.pi_cluster_send_task_to_cl_async
                0x000000001c00a918        0x0 /module/UART_rw/BUILD/GAP8_V2/GCC_RISCV_FREERTOS/UART_rw.o
 .rela.text.__pi_cl_delegate_hyper_alloc
                0x000000001c00a918        0x0 /module/UART_rw/BUILD/GAP8_V2/GCC_RISCV_FREERTOS/UART_rw.o
 .rela.text.__pi_cl_delegate_hyper_free
                0x000000001c00a918        0x0 /module/UART_rw/BUILD/GAP8_V2/GCC_RISCV_FREERTOS/UART_rw.o
 .rela.text.__pi_cl_delegate_hyper_copy
                0x000000001c00a918        0x0 /module/UART_rw/BUILD/GAP8_V2/GCC_RISCV_FREERTOS/UART_rw.o
 .rela.text.__pi_cl_hyper_copy_task_done
                0x000000001c00a918        0x0 /module/UART_rw/BUILD/GAP8_V2/GCC_RISCV_FREERTOS/UART_rw.o
 .rela.text.__pi_cl_hyper_copy
                0x000000001c00a918        0x0 /module/UART_rw/BUILD/GAP8_V2/GCC_RISCV_FREERTOS/UART_rw.o
 .rela.text.__pi_cl_hyper_copy_2d
                0x000000001c00a918        0x0 /module/UART_rw/BUILD/GAP8_V2/GCC_RISCV_FREERTOS/UART_rw.o
 .rela.text.pi_cl_hyperram_alloc
                0x000000001c00a918        0x0 /module/UART_rw/BUILD/GAP8_V2/GCC_RISCV_FREERTOS/UART_rw.o
 .rela.text.pi_cl_hyperram_free
                0x000000001c00a918        0x0 /module/UART_rw/BUILD/GAP8_V2/GCC_RISCV_FREERTOS/UART_rw.o
 .rela.text.__pi_cl_uart_delegate_copy
                0x000000001c00a918        0x0 /module/UART_rw/BUILD/GAP8_V2/GCC_RISCV_FREERTOS/UART_rw.o
 .rela.text.pi_cl_uart_write
                0x000000001c00a918        0x0 /module/UART_rw/BUILD/GAP8_V2/GCC_RISCV_FREERTOS/UART_rw.o
 .rela.text.pi_cl_uart_write_byte
                0x000000001c00a918        0x0 /module/UART_rw/BUILD/GAP8_V2/GCC_RISCV_FREERTOS/UART_rw.o
 .rela.text.pi_cl_uart_read
                0x000000001c00a918        0x0 /module/UART_rw/BUILD/GAP8_V2/GCC_RISCV_FREERTOS/UART_rw.o
 .rela.text.pi_cl_uart_read_byte
                0x000000001c00a918        0x0 /module/UART_rw/BUILD/GAP8_V2/GCC_RISCV_FREERTOS/UART_rw.o
 .rela.text.gpio_handler
                0x000000001c00a918        0x0 /module/UART_rw/BUILD/GAP8_V2/GCC_RISCV_FREERTOS/UART_rw.o
 .rela.text.pi_gpio_open
                0x000000001c00a918        0x0 /module/UART_rw/BUILD/GAP8_V2/GCC_RISCV_FREERTOS/UART_rw.o
 .rela.text.pi_gpio_close
                0x000000001c00a918        0x0 /module/UART_rw/BUILD/GAP8_V2/GCC_RISCV_FREERTOS/UART_rw.o
 .rela.text.pi_gpio_pin_configure
                0x000000001c00a918        0x0 /module/UART_rw/BUILD/GAP8_V2/GCC_RISCV_FREERTOS/UART_rw.o
 .rela.text.pi_pmu_voltage_set
                0x000000001c00a918        0x0 /module/UART_rw/BUILD/GAP8_V2/GCC_RISCV_FREERTOS/UART_rw.o
 .rela.text.pi_pmu_state_get
                0x000000001c00a918        0x0 /module/UART_rw/BUILD/GAP8_V2/GCC_RISCV_FREERTOS/UART_rw.o
 .rela.text.pi_pmu_boot_state_get
                0x000000001c00a918        0x0 /module/UART_rw/BUILD/GAP8_V2/GCC_RISCV_FREERTOS/UART_rw.o
 .rela.text.pi_pmu_sleep_mode_set
                0x000000001c00a918        0x0 /module/UART_rw/BUILD/GAP8_V2/GCC_RISCV_FREERTOS/UART_rw.o
 .rela.text.pi_pmu_sleep_mode_enable
                0x000000001c00a918        0x0 /module/UART_rw/BUILD/GAP8_V2/GCC_RISCV_FREERTOS/UART_rw.o
 .rela.text.__pi_pmu_handler
                0x000000001c00a918        0x0 /module/UART_rw/BUILD/GAP8_V2/GCC_RISCV_FREERTOS/UART_rw.o
 .rela.text.__pi_pmu_voltage_set
                0x000000001c00a918        0x0 /module/UART_rw/BUILD/GAP8_V2/GCC_RISCV_FREERTOS/UART_rw.o
 .rela.text.__pi_pmu_sleep_mode_enable
                0x000000001c00a918        0x0 /module/UART_rw/BUILD/GAP8_V2/GCC_RISCV_FREERTOS/UART_rw.o
 .rela.text.__pi_pmu_cluster_power_on
                0x000000001c00a918        0x0 /module/UART_rw/BUILD/GAP8_V2/GCC_RISCV_FREERTOS/UART_rw.o
 .rela.text.__pi_pmu_cluster_power_off
                0x000000001c00a918        0x0 /module/UART_rw/BUILD/GAP8_V2/GCC_RISCV_FREERTOS/UART_rw.o
 .rela.text.pi_pwm_conf_init
                0x000000001c00a918        0x0 /module/UART_rw/BUILD/GAP8_V2/GCC_RISCV_FREERTOS/UART_rw.o
 .rela.text.pi_pwm_open
                0x000000001c00a918        0x0 /module/UART_rw/BUILD/GAP8_V2/GCC_RISCV_FREERTOS/UART_rw.o
 .rela.text.pi_pwm_close
                0x000000001c00a918        0x0 /module/UART_rw/BUILD/GAP8_V2/GCC_RISCV_FREERTOS/UART_rw.o
 .rela.text.pi_pwm_ioctl
                0x000000001c00a918        0x0 /module/UART_rw/BUILD/GAP8_V2/GCC_RISCV_FREERTOS/UART_rw.o
 .rela.text.pi_pwm_counter_get
                0x000000001c00a918        0x0 /module/UART_rw/BUILD/GAP8_V2/GCC_RISCV_FREERTOS/UART_rw.o
 .rela.text.pi_pwm_duty_cycle_set
                0x000000001c00a918        0x0 /module/UART_rw/BUILD/GAP8_V2/GCC_RISCV_FREERTOS/UART_rw.o
 .rela.text.__pi_pwm_handler
                0x000000001c00a918        0x0 /module/UART_rw/BUILD/GAP8_V2/GCC_RISCV_FREERTOS/UART_rw.o
 .rela.text.__pi_pwm_open
                0x000000001c00a918        0x0 /module/UART_rw/BUILD/GAP8_V2/GCC_RISCV_FREERTOS/UART_rw.o
 .rela.text.__pi_pwm_close
                0x000000001c00a918        0x0 /module/UART_rw/BUILD/GAP8_V2/GCC_RISCV_FREERTOS/UART_rw.o
 .rela.text.pi_rtc_conf_init
                0x000000001c00a918        0x0 /module/UART_rw/BUILD/GAP8_V2/GCC_RISCV_FREERTOS/UART_rw.o
 .rela.text.pi_rtc_open
                0x000000001c00a918        0x0 /module/UART_rw/BUILD/GAP8_V2/GCC_RISCV_FREERTOS/UART_rw.o
 .rela.text.pi_rtc_close
                0x000000001c00a918        0x0 /module/UART_rw/BUILD/GAP8_V2/GCC_RISCV_FREERTOS/UART_rw.o
 .rela.text.pi_rtc_datetime_set
                0x000000001c00a918        0x0 /module/UART_rw/BUILD/GAP8_V2/GCC_RISCV_FREERTOS/UART_rw.o
 .rela.text.pi_rtc_datetime_get
                0x000000001c00a918        0x0 /module/UART_rw/BUILD/GAP8_V2/GCC_RISCV_FREERTOS/UART_rw.o
 .rela.text.pi_rtc_alarm_set
                0x000000001c00a918        0x0 /module/UART_rw/BUILD/GAP8_V2/GCC_RISCV_FREERTOS/UART_rw.o
 .rela.text.pi_rtc_alarm_get
                0x000000001c00a918        0x0 /module/UART_rw/BUILD/GAP8_V2/GCC_RISCV_FREERTOS/UART_rw.o
 .rela.text.pi_rtc_timer_set
                0x000000001c00a918        0x0 /module/UART_rw/BUILD/GAP8_V2/GCC_RISCV_FREERTOS/UART_rw.o
 .rela.text.pi_rtc_timer_get
                0x000000001c00a918        0x0 /module/UART_rw/BUILD/GAP8_V2/GCC_RISCV_FREERTOS/UART_rw.o
 .rela.text.pi_rtc_ioctl
                0x000000001c00a918        0x0 /module/UART_rw/BUILD/GAP8_V2/GCC_RISCV_FREERTOS/UART_rw.o
 .rela.text.__pi_rtc_datetime_check
                0x000000001c00a918        0x0 /module/UART_rw/BUILD/GAP8_V2/GCC_RISCV_FREERTOS/UART_rw.o
 .rela.text.__pi_rtc_handler
                0x000000001c00a918        0x0 /module/UART_rw/BUILD/GAP8_V2/GCC_RISCV_FREERTOS/UART_rw.o
 .rela.text.__pi_rtc_irq_type_handle
                0x000000001c00a918        0x0 /module/UART_rw/BUILD/GAP8_V2/GCC_RISCV_FREERTOS/UART_rw.o
 .rela.text.__pi_rtc_datetime_set
                0x000000001c00a918        0x0 /module/UART_rw/BUILD/GAP8_V2/GCC_RISCV_FREERTOS/UART_rw.o
 .rela.text.__pi_rtc_alarm_set
                0x000000001c00a918        0x0 /module/UART_rw/BUILD/GAP8_V2/GCC_RISCV_FREERTOS/UART_rw.o
 .rela.text.pi_timer_irq_set
                0x000000001c00a918        0x0 /module/UART_rw/BUILD/GAP8_V2/GCC_RISCV_FREERTOS/UART_rw.o
 .rela.text.pi_hyper_open
                0x000000001c00a918        0x0 /module/UART_rw/BUILD/GAP8_V2/GCC_RISCV_FREERTOS/UART_rw.o
 .rela.text.pi_hyper_close
                0x000000001c00a918        0x0 /module/UART_rw/BUILD/GAP8_V2/GCC_RISCV_FREERTOS/UART_rw.o
 .rela.text.pi_cpi_conf_init
                0x000000001c00a918        0x0 /module/UART_rw/BUILD/GAP8_V2/GCC_RISCV_FREERTOS/UART_rw.o
 .rela.text.pi_cpi_open
                0x000000001c00a918        0x0 /module/UART_rw/BUILD/GAP8_V2/GCC_RISCV_FREERTOS/UART_rw.o
 .rela.text.pi_cpi_close
                0x000000001c00a918        0x0 /module/UART_rw/BUILD/GAP8_V2/GCC_RISCV_FREERTOS/UART_rw.o
 .rela.text.pi_cpi_capture
                0x000000001c00a918        0x0 /module/UART_rw/BUILD/GAP8_V2/GCC_RISCV_FREERTOS/UART_rw.o
 .rela.text.pi_cpi_capture_async
                0x000000001c00a918        0x0 /module/UART_rw/BUILD/GAP8_V2/GCC_RISCV_FREERTOS/UART_rw.o
 .rela.text.__pi_cpi_handler
                0x000000001c00a918        0x0 /module/UART_rw/BUILD/GAP8_V2/GCC_RISCV_FREERTOS/UART_rw.o
 .rela.text.__pi_cpi_open
                0x000000001c00a918        0x0 /module/UART_rw/BUILD/GAP8_V2/GCC_RISCV_FREERTOS/UART_rw.o
 .rela.text.__pi_cpi_close
                0x000000001c00a918        0x0 /module/UART_rw/BUILD/GAP8_V2/GCC_RISCV_FREERTOS/UART_rw.o
 .rela.text.pi_dmacpy_conf_init
                0x000000001c00a918        0x0 /module/UART_rw/BUILD/GAP8_V2/GCC_RISCV_FREERTOS/UART_rw.o
 .rela.text.pi_dmacpy_open
                0x000000001c00a918        0x0 /module/UART_rw/BUILD/GAP8_V2/GCC_RISCV_FREERTOS/UART_rw.o
 .rela.text.pi_dmacpy_close
                0x000000001c00a918        0x0 /module/UART_rw/BUILD/GAP8_V2/GCC_RISCV_FREERTOS/UART_rw.o
 .rela.text.pi_dmacpy_copy
                0x000000001c00a918        0x0 /module/UART_rw/BUILD/GAP8_V2/GCC_RISCV_FREERTOS/UART_rw.o
 .rela.text.pi_dmacpy_copy_async
                0x000000001c00a918        0x0 /module/UART_rw/BUILD/GAP8_V2/GCC_RISCV_FREERTOS/UART_rw.o
 .rela.text.__pi_dmacpy_handler
                0x000000001c00a918        0x0 /module/UART_rw/BUILD/GAP8_V2/GCC_RISCV_FREERTOS/UART_rw.o
 .rela.text.__pi_dmacpy_open
                0x000000001c00a918        0x0 /module/UART_rw/BUILD/GAP8_V2/GCC_RISCV_FREERTOS/UART_rw.o
 .rela.text.__pi_dmacpy_close
                0x000000001c00a918        0x0 /module/UART_rw/BUILD/GAP8_V2/GCC_RISCV_FREERTOS/UART_rw.o
 .rela.text.pi_i2c_conf_init
                0x000000001c00a918        0x0 /module/UART_rw/BUILD/GAP8_V2/GCC_RISCV_FREERTOS/UART_rw.o
 .rela.text.pi_i2c_open
                0x000000001c00a918        0x0 /module/UART_rw/BUILD/GAP8_V2/GCC_RISCV_FREERTOS/UART_rw.o
 .rela.text.pi_i2c_close
                0x000000001c00a918        0x0 /module/UART_rw/BUILD/GAP8_V2/GCC_RISCV_FREERTOS/UART_rw.o
 .rela.text.pi_i2c_ioctl
                0x000000001c00a918        0x0 /module/UART_rw/BUILD/GAP8_V2/GCC_RISCV_FREERTOS/UART_rw.o
 .rela.text.pi_i2c_read
                0x000000001c00a918        0x0 /module/UART_rw/BUILD/GAP8_V2/GCC_RISCV_FREERTOS/UART_rw.o
 .rela.text.pi_i2c_read_async
                0x000000001c00a918        0x0 /module/UART_rw/BUILD/GAP8_V2/GCC_RISCV_FREERTOS/UART_rw.o
 .rela.text.pi_i2c_write
                0x000000001c00a918        0x0 /module/UART_rw/BUILD/GAP8_V2/GCC_RISCV_FREERTOS/UART_rw.o
 .rela.text.pi_i2c_write_async
                0x000000001c00a918        0x0 /module/UART_rw/BUILD/GAP8_V2/GCC_RISCV_FREERTOS/UART_rw.o
 .rela.text.pi_i2c_detect
                0x000000001c00a918        0x0 /module/UART_rw/BUILD/GAP8_V2/GCC_RISCV_FREERTOS/UART_rw.o
 .rela.text.__pi_i2c_handler
                0x000000001c00a918        0x0 /module/UART_rw/BUILD/GAP8_V2/GCC_RISCV_FREERTOS/UART_rw.o
 .rela.text.__pi_i2c_open
                0x000000001c00a918        0x0 /module/UART_rw/BUILD/GAP8_V2/GCC_RISCV_FREERTOS/UART_rw.o
 .rela.text.__pi_i2c_close
                0x000000001c00a918        0x0 /module/UART_rw/BUILD/GAP8_V2/GCC_RISCV_FREERTOS/UART_rw.o
 .rela.text.pi_i2s_setup
                0x000000001c00a918        0x0 /module/UART_rw/BUILD/GAP8_V2/GCC_RISCV_FREERTOS/UART_rw.o
 .rela.text.pi_i2s_conf_init
                0x000000001c00a918        0x0 /module/UART_rw/BUILD/GAP8_V2/GCC_RISCV_FREERTOS/UART_rw.o
 .rela.text.pi_i2s_open
                0x000000001c00a918        0x0 /module/UART_rw/BUILD/GAP8_V2/GCC_RISCV_FREERTOS/UART_rw.o
 .rela.text.pi_i2s_close
                0x000000001c00a918        0x0 /module/UART_rw/BUILD/GAP8_V2/GCC_RISCV_FREERTOS/UART_rw.o
 .rela.text.pi_i2s_ioctl
                0x000000001c00a918        0x0 /module/UART_rw/BUILD/GAP8_V2/GCC_RISCV_FREERTOS/UART_rw.o
 .rela.text.pi_i2s_read
                0x000000001c00a918        0x0 /module/UART_rw/BUILD/GAP8_V2/GCC_RISCV_FREERTOS/UART_rw.o
 .rela.text.pi_i2s_read_async
                0x000000001c00a918        0x0 /module/UART_rw/BUILD/GAP8_V2/GCC_RISCV_FREERTOS/UART_rw.o
 .rela.text.pi_i2s_read_status
                0x000000001c00a918        0x0 /module/UART_rw/BUILD/GAP8_V2/GCC_RISCV_FREERTOS/UART_rw.o
 .rela.text.__pi_i2s_conf_apply
                0x000000001c00a918        0x0 /module/UART_rw/BUILD/GAP8_V2/GCC_RISCV_FREERTOS/UART_rw.o
 .rela.text.__pi_i2s_handler
                0x000000001c00a918        0x0 /module/UART_rw/BUILD/GAP8_V2/GCC_RISCV_FREERTOS/UART_rw.o
 .rela.text.__pi_i2s_open
                0x000000001c00a918        0x0 /module/UART_rw/BUILD/GAP8_V2/GCC_RISCV_FREERTOS/UART_rw.o
 .rela.text.__pi_i2s_close
                0x000000001c00a918        0x0 /module/UART_rw/BUILD/GAP8_V2/GCC_RISCV_FREERTOS/UART_rw.o
 .rela.text.__pi_i2s_ioctl
                0x000000001c00a918        0x0 /module/UART_rw/BUILD/GAP8_V2/GCC_RISCV_FREERTOS/UART_rw.o
 .rela.text.__pi_i2s_read_async
                0x000000001c00a918        0x0 /module/UART_rw/BUILD/GAP8_V2/GCC_RISCV_FREERTOS/UART_rw.o
 .rela.text.pi_spi_open
                0x000000001c00a918        0x0 /module/UART_rw/BUILD/GAP8_V2/GCC_RISCV_FREERTOS/UART_rw.o
 .rela.text.pi_spi_close
                0x000000001c00a918        0x0 /module/UART_rw/BUILD/GAP8_V2/GCC_RISCV_FREERTOS/UART_rw.o
 .rela.text.pi_spi_send
                0x000000001c00a918        0x0 /module/UART_rw/BUILD/GAP8_V2/GCC_RISCV_FREERTOS/UART_rw.o
 .rela.text.pi_spi_send_async
                0x000000001c00a918        0x0 /module/UART_rw/BUILD/GAP8_V2/GCC_RISCV_FREERTOS/UART_rw.o
 .rela.text.pi_spi_receive
                0x000000001c00a918        0x0 /module/UART_rw/BUILD/GAP8_V2/GCC_RISCV_FREERTOS/UART_rw.o
 .rela.text.pi_spi_receive_async
                0x000000001c00a918        0x0 /module/UART_rw/BUILD/GAP8_V2/GCC_RISCV_FREERTOS/UART_rw.o
 .rela.text.pi_spi_receive_with_ucode
                0x000000001c00a918        0x0 /module/UART_rw/BUILD/GAP8_V2/GCC_RISCV_FREERTOS/UART_rw.o
 .rela.text.pi_spi_send_with_ucode
                0x000000001c00a918        0x0 /module/UART_rw/BUILD/GAP8_V2/GCC_RISCV_FREERTOS/UART_rw.o
 .rela.text.pi_spi_transfer
                0x000000001c00a918        0x0 /module/UART_rw/BUILD/GAP8_V2/GCC_RISCV_FREERTOS/UART_rw.o
 .rela.text.pi_spi_transfer_async
                0x000000001c00a918        0x0 /module/UART_rw/BUILD/GAP8_V2/GCC_RISCV_FREERTOS/UART_rw.o
 .rela.text.pi_spi_receive_ucode_set
                0x000000001c00a918        0x0 /module/UART_rw/BUILD/GAP8_V2/GCC_RISCV_FREERTOS/UART_rw.o
 .rela.text.pi_spi_receive_ucode_set_addr_info
                0x000000001c00a918        0x0 /module/UART_rw/BUILD/GAP8_V2/GCC_RISCV_FREERTOS/UART_rw.o
 .rela.text.pi_spi_send_ucode_set
                0x000000001c00a918        0x0 /module/UART_rw/BUILD/GAP8_V2/GCC_RISCV_FREERTOS/UART_rw.o
 .rela.text.pi_spi_send_ucode_set_addr_info
                0x000000001c00a918        0x0 /module/UART_rw/BUILD/GAP8_V2/GCC_RISCV_FREERTOS/UART_rw.o
 .rela.text.pi_spi_copy
                0x000000001c00a918        0x0 /module/UART_rw/BUILD/GAP8_V2/GCC_RISCV_FREERTOS/UART_rw.o