Archive member included to satisfy reference by file (symbol)

/usr/lib/gap_riscv_toolchain/bin/../lib/gcc/riscv32-unknown-elf/7.1.1/rv32imcxgap8/ilp32/libgcc.a(_bswapsi2.o)
                              /module/examples/other/wifi-img-streamer/BUILD/GAP8_V2/GCC_RISCV_FREERTOS//gap_sdk/rtos/pmsis/pmsis_bsp/fs/lfs/lfs.o (__bswapsi2)
/usr/lib/gap_riscv_toolchain/bin/../lib/gcc/riscv32-unknown-elf/7.1.1/rv32imcxgap8/ilp32/libgcc.a(_divdi3.o)
                              /module/examples/other/wifi-img-streamer/BUILD/GAP8_V2/GCC_RISCV_FREERTOS//gap_sdk/rtos/freeRTOS/vendors/gwt/pmsis/backend/pmsis_backend_native_task_api.o (__divdi3)
/usr/lib/gap_riscv_toolchain/bin/../lib/gcc/riscv32-unknown-elf/7.1.1/rv32imcxgap8/ilp32/libgcc.a(_udivdi3.o)
                              /module/examples/other/wifi-img-streamer/BUILD/GAP8_V2/GCC_RISCV_FREERTOS//gap_sdk/rtos/freeRTOS/vendors/gwt/pmsis/backend/pmsis_backend_native_task_api.o (__udivdi3)
/usr/lib/gap_riscv_toolchain/bin/../lib/gcc/riscv32-unknown-elf/7.1.1/rv32imcxgap8/ilp32/libgcc.a(adddf3.o)
                              /module/examples/other/wifi-img-streamer/BUILD/GAP8_V2/GCC_RISCV_FREERTOS//gap_sdk/rtos/freeRTOS/vendors/gwt/libs/printf/printf.o (__adddf3)
/usr/lib/gap_riscv_toolchain/bin/../lib/gcc/riscv32-unknown-elf/7.1.1/rv32imcxgap8/ilp32/libgcc.a(divdf3.o)
                              /module/examples/other/wifi-img-streamer/BUILD/GAP8_V2/GCC_RISCV_FREERTOS//gap_sdk/rtos/freeRTOS/vendors/gwt/libs/printf/printf.o (__divdf3)
/usr/lib/gap_riscv_toolchain/bin/../lib/gcc/riscv32-unknown-elf/7.1.1/rv32imcxgap8/ilp32/libgcc.a(eqdf2.o)
                              /module/examples/other/wifi-img-streamer/BUILD/GAP8_V2/GCC_RISCV_FREERTOS//gap_sdk/rtos/freeRTOS/vendors/gwt/libs/printf/printf.o (__nedf2)
/usr/lib/gap_riscv_toolchain/bin/../lib/gcc/riscv32-unknown-elf/7.1.1/rv32imcxgap8/ilp32/libgcc.a(gedf2.o)
                              /module/examples/other/wifi-img-streamer/BUILD/GAP8_V2/GCC_RISCV_FREERTOS//gap_sdk/rtos/freeRTOS/vendors/gwt/libs/printf/printf.o (__gedf2)
/usr/lib/gap_riscv_toolchain/bin/../lib/gcc/riscv32-unknown-elf/7.1.1/rv32imcxgap8/ilp32/libgcc.a(ledf2.o)
                              /module/examples/other/wifi-img-streamer/BUILD/GAP8_V2/GCC_RISCV_FREERTOS//gap_sdk/rtos/freeRTOS/vendors/gwt/libs/printf/printf.o (__ltdf2)
/usr/lib/gap_riscv_toolchain/bin/../lib/gcc/riscv32-unknown-elf/7.1.1/rv32imcxgap8/ilp32/libgcc.a(muldf3.o)
                              /module/examples/other/wifi-img-streamer/BUILD/GAP8_V2/GCC_RISCV_FREERTOS//gap_sdk/rtos/freeRTOS/vendors/gwt/libs/printf/printf.o (__muldf3)
/usr/lib/gap_riscv_toolchain/bin/../lib/gcc/riscv32-unknown-elf/7.1.1/rv32imcxgap8/ilp32/libgcc.a(subdf3.o)
                              /module/examples/other/wifi-img-streamer/BUILD/GAP8_V2/GCC_RISCV_FREERTOS//gap_sdk/rtos/freeRTOS/vendors/gwt/libs/printf/printf.o (__subdf3)
/usr/lib/gap_riscv_toolchain/bin/../lib/gcc/riscv32-unknown-elf/7.1.1/rv32imcxgap8/ilp32/libgcc.a(fixdfsi.o)
                              /module/examples/other/wifi-img-streamer/BUILD/GAP8_V2/GCC_RISCV_FREERTOS//gap_sdk/rtos/freeRTOS/vendors/gwt/libs/printf/printf.o (__fixdfsi)
/usr/lib/gap_riscv_toolchain/bin/../lib/gcc/riscv32-unknown-elf/7.1.1/rv32imcxgap8/ilp32/libgcc.a(fixunsdfsi.o)
                              /module/examples/other/wifi-img-streamer/BUILD/GAP8_V2/GCC_RISCV_FREERTOS//gap_sdk/rtos/freeRTOS/vendors/gwt/libs/printf/printf.o (__fixunsdfsi)
/usr/lib/gap_riscv_toolchain/bin/../lib/gcc/riscv32-unknown-elf/7.1.1/rv32imcxgap8/ilp32/libgcc.a(floatsidf.o)
                              /module/examples/other/wifi-img-streamer/BUILD/GAP8_V2/GCC_RISCV_FREERTOS//gap_sdk/rtos/freeRTOS/vendors/gwt/libs/printf/printf.o (__floatsidf)
/usr/lib/gap_riscv_toolchain/bin/../lib/gcc/riscv32-unknown-elf/7.1.1/rv32imcxgap8/ilp32/libgcc.a(floatunsidf.o)
                              /module/examples/other/wifi-img-streamer/BUILD/GAP8_V2/GCC_RISCV_FREERTOS//gap_sdk/rtos/freeRTOS/vendors/gwt/libs/printf/printf.o (__floatunsidf)
/usr/lib/gap_riscv_toolchain/bin/../lib/gcc/riscv32-unknown-elf/7.1.1/rv32imcxgap8/ilp32/libgcc.a(divsf3.o)
                              /module/examples/other/wifi-img-streamer/BUILD/GAP8_V2/GCC_RISCV_FREERTOS//gap_sdk/rtos/freeRTOS/vendors/gwt/gap8/pmsis/drivers/timer/timer.o (__divsf3)
/usr/lib/gap_riscv_toolchain/bin/../lib/gcc/riscv32-unknown-elf/7.1.1/rv32imcxgap8/ilp32/libgcc.a(mulsf3.o)
                              /module/examples/other/wifi-img-streamer/BUILD/GAP8_V2/GCC_RISCV_FREERTOS//gap_sdk/rtos/freeRTOS/vendors/gwt/gap8/pmsis/drivers/timer/timer.o (__mulsf3)
/usr/lib/gap_riscv_toolchain/bin/../lib/gcc/riscv32-unknown-elf/7.1.1/rv32imcxgap8/ilp32/libgcc.a(fixunssfsi.o)
                              /module/examples/other/wifi-img-streamer/BUILD/GAP8_V2/GCC_RISCV_FREERTOS//gap_sdk/rtos/freeRTOS/vendors/gwt/gap8/pmsis/drivers/timer/timer.o (__fixunssfsi)
[...]
Memory Configuration

Name             Origin             Length             Attributes
FC_tcdm          0x000000001b000000 0x0000000000004000
fc_tcdm_aliased  0x0000000000000004 0x0000000000003ffc
L2               0x000000001c000000 0x0000000000080000
L1_sram          0x0000000010000000 0x0000000000010000
*default*        0x0000000000000000 0xffffffffffffffff

Linker script and memory map

LOAD /module/examples/other/wifi-img-streamer/BUILD/GAP8_V2/GCC_RISCV_FREERTOS/wifi-img-streamer.o
LOAD /module/examples/other/wifi-img-streamer/BUILD/GAP8_V2/GCC_RISCV_FREERTOS/../../../lib/cpx/src/com.o
LOAD /module/examples/other/wifi-img-streamer/BUILD/GAP8_V2/GCC_RISCV_FREERTOS/../../../lib/cpx/src/cpx.o
LOAD /module/examples/other/wifi-img-streamer/BUILD/GAP8_V2/GCC_RISCV_FREERTOS//gap_sdk/libs/gap_lib/jpeg/dct.o
LOAD /module/examples/other/wifi-img-streamer/BUILD/GAP8_V2/GCC_RISCV_FREERTOS//gap_sdk/libs/gap_lib/jpeg/jpeg_constants.o
LOAD /module/examples/other/wifi-img-streamer/BUILD/GAP8_V2/GCC_RISCV_FREERTOS//gap_sdk/libs/gap_lib/jpeg/jpeg_encoder.o
LOAD /module/examples/other/wifi-img-streamer/BUILD/GAP8_V2/GCC_RISCV_FREERTOS//gap_sdk/libs/gap_lib/jpeg/cluster.o
LOAD /module/examples/other/wifi-img-streamer/BUILD/GAP8_V2/GCC_RISCV_FREERTOS//gap_sdk/rtos/freeRTOS/vendors/gwt/gap8/src/device/gap8_iet.o
LOAD /module/examples/other/wifi-img-streamer/BUILD/GAP8_V2/GCC_RISCV_FREERTOS//gap_sdk/rtos/freeRTOS/vendors/gwt/gap8/src/device/startup_gap8.o
LOAD /module/examples/other/wifi-img-streamer/BUILD/GAP8_V2/GCC_RISCV_FREERTOS//gap_sdk/rtos/freeRTOS/vendors/gwt/gap8/pmsis/cluster/drivers/cluster_synchronisation/cluster_core.o
LOAD /module/examples/other/wifi-img-streamer/BUILD/GAP8_V2/GCC_RISCV_FREERTOS//gap_sdk/rtos/freeRTOS/vendors/gwt/gap8/pmsis/util/asm_util.o
LOAD /module/examples/other/wifi-img-streamer/BUILD/GAP8_V2/GCC_RISCV_FREERTOS//gap_sdk/rtos/freeRTOS/freertos_kernel/portable/GCC/RI5CY-GAP8/port_asm.o
LOAD /module/examples/other/wifi-img-streamer/BUILD/GAP8_V2/GCC_RISCV_FREERTOS//gap_sdk/rtos/freeRTOS/vendors/gwt/gap8/src/device/system_gap8.o
LOAD /module/examples/other/wifi-img-streamer/BUILD/GAP8_V2/GCC_RISCV_FREERTOS//gap_sdk/rtos/freeRTOS/vendors/gwt/gap8/src/device/gap8_it.o
LOAD /module/examples/other/wifi-img-streamer/BUILD/GAP8_V2/GCC_RISCV_FREERTOS//gap_sdk/rtos/freeRTOS/vendors/gwt/gap8/src/driver/gap_io.o
LOAD /module/examples/other/wifi-img-streamer/BUILD/GAP8_V2/GCC_RISCV_FREERTOS//gap_sdk/rtos/freeRTOS/vendors/gwt/libs/src/stdlib.o
LOAD /module/examples/other/wifi-img-streamer/BUILD/GAP8_V2/GCC_RISCV_FREERTOS//gap_sdk/rtos/freeRTOS/vendors/gwt/libs/src/errno.o
LOAD /module/examples/other/wifi-img-streamer/BUILD/GAP8_V2/GCC_RISCV_FREERTOS//gap_sdk/rtos/freeRTOS/vendors/gwt/libs/src/string.o
LOAD /module/examples/other/wifi-img-streamer/BUILD/GAP8_V2/GCC_RISCV_FREERTOS//gap_sdk/rtos/freeRTOS/vendors/gwt/gap8/pmsis/cluster/malloc/cl_malloc.o
LOAD /module/examples/other/wifi-img-streamer/BUILD/GAP8_V2/GCC_RISCV_FREERTOS//gap_sdk/rtos/freeRTOS/vendors/gwt/gap8/pmsis/cluster/drivers/cluster_synchronisation/cl_to_fc_delegate.o
LOAD /module/examples/other/wifi-img-streamer/BUILD/GAP8_V2/GCC_RISCV_FREERTOS//gap_sdk/rtos/freeRTOS/vendors/gwt/gap8/pmsis/cluster/drivers/cluster_synchronisation/fc_to_cl_delegate.o
LOAD /module/examples/other/wifi-img-streamer/BUILD/GAP8_V2/GCC_RISCV_FREERTOS//gap_sdk/rtos/freeRTOS/vendors/gwt/gap8/pmsis/cluster/drivers/cluster_team/cl_team.o
LOAD /module/examples/other/wifi-img-streamer/BUILD/GAP8_V2/GCC_RISCV_FREERTOS//gap_sdk/rtos/freeRTOS/vendors/gwt/gap8/pmsis/cluster/drivers/delegate/hyperbus/hyperbus_cl_internal.o
LOAD /module/examples/other/wifi-img-streamer/BUILD/GAP8_V2/GCC_RISCV_FREERTOS//gap_sdk/rtos/freeRTOS/vendors/gwt/gap8/pmsis/cluster/drivers/delegate/uart/uart_cl_internal.o
LOAD /module/examples/other/wifi-img-streamer/BUILD/GAP8_V2/GCC_RISCV_FREERTOS//gap_sdk/rtos/freeRTOS/vendors/gwt/gap8/pmsis/cluster/drivers/dma/cl_dma_irq.o
LOAD /module/examples/other/wifi-img-streamer/BUILD/GAP8_V2/GCC_RISCV_FREERTOS//gap_sdk/rtos/freeRTOS/vendors/gwt/gap8/pmsis/drivers/fc_event/fc_event.o
LOAD /module/examples/other/wifi-img-streamer/BUILD/GAP8_V2/GCC_RISCV_FREERTOS//gap_sdk/rtos/freeRTOS/vendors/gwt/gap8/pmsis/drivers/fll/fll.o
LOAD /module/examples/other/wifi-img-streamer/BUILD/GAP8_V2/GCC_RISCV_FREERTOS//gap_sdk/rtos/freeRTOS/vendors/gwt/gap8/pmsis/drivers/gpio/gpio.o
LOAD /module/examples/other/wifi-img-streamer/BUILD/GAP8_V2/GCC_RISCV_FREERTOS//gap_sdk/rtos/freeRTOS/vendors/gwt/gap8/pmsis/drivers/pad/pad.o
LOAD /module/examples/other/wifi-img-streamer/BUILD/GAP8_V2/GCC_RISCV_FREERTOS//gap_sdk/rtos/freeRTOS/vendors/gwt/gap8/pmsis/drivers/pmu/pmu.o
LOAD /module/examples/other/wifi-img-streamer/BUILD/GAP8_V2/GCC_RISCV_FREERTOS//gap_sdk/rtos/freeRTOS/vendors/gwt/gap8/pmsis/drivers/pmu/pmu_internal.o
LOAD /module/examples/other/wifi-img-streamer/BUILD/GAP8_V2/GCC_RISCV_FREERTOS//gap_sdk/rtos/freeRTOS/vendors/gwt/gap8/pmsis/drivers/pwm/pwm.o
LOAD /module/examples/other/wifi-img-streamer/BUILD/GAP8_V2/GCC_RISCV_FREERTOS//gap_sdk/rtos/freeRTOS/vendors/gwt/gap8/pmsis/drivers/pwm/pwm_internal.o
LOAD /module/examples/other/wifi-img-streamer/BUILD/GAP8_V2/GCC_RISCV_FREERTOS//gap_sdk/rtos/freeRTOS/vendors/gwt/gap8/pmsis/drivers/rtc/rtc.o
LOAD /module/examples/other/wifi-img-streamer/BUILD/GAP8_V2/GCC_RISCV_FREERTOS//gap_sdk/rtos/freeRTOS/vendors/gwt/gap8/pmsis/drivers/rtc/rtc_internal.o
LOAD /module/examples/other/wifi-img-streamer/BUILD/GAP8_V2/GCC_RISCV_FREERTOS//gap_sdk/rtos/freeRTOS/vendors/gwt/gap8/pmsis/drivers/timer/timer.o
LOAD /module/examples/other/wifi-img-streamer/BUILD/GAP8_V2/GCC_RISCV_FREERTOS//gap_sdk/rtos/freeRTOS/vendors/gwt/gap8/pmsis/drivers/udma/hyperbus/hyperbus.o
LOAD /module/examples/other/wifi-img-streamer/BUILD/GAP8_V2/GCC_RISCV_FREERTOS//gap_sdk/rtos/freeRTOS/vendors/gwt/gap8/pmsis/drivers/udma/hyperbus/hyperbus_internal.o
LOAD /module/examples/other/wifi-img-streamer/BUILD/GAP8_V2/GCC_RISCV_FREERTOS//gap_sdk/rtos/freeRTOS/vendors/gwt/gap8/pmsis/drivers/udma/cpi/cpi.o
LOAD /module/examples/other/wifi-img-streamer/BUILD/GAP8_V2/GCC_RISCV_FREERTOS//gap_sdk/rtos/freeRTOS/vendors/gwt/gap8/pmsis/drivers/udma/cpi/cpi_internal.o
LOAD /module/examples/other/wifi-img-streamer/BUILD/GAP8_V2/GCC_RISCV_FREERTOS//gap_sdk/rtos/freeRTOS/vendors/gwt/gap8/pmsis/drivers/udma/dmacpy/dmacpy.o
LOAD /module/examples/other/wifi-img-streamer/BUILD/GAP8_V2/GCC_RISCV_FREERTOS//gap_sdk/rtos/freeRTOS/vendors/gwt/gap8/pmsis/drivers/udma/dmacpy/dmacpy_internal.o
LOAD /module/examples/other/wifi-img-streamer/BUILD/GAP8_V2/GCC_RISCV_FREERTOS//gap_sdk/rtos/freeRTOS/vendors/gwt/gap8/pmsis/drivers/udma/i2c/i2c.o
LOAD /module/examples/other/wifi-img-streamer/BUILD/GAP8_V2/GCC_RISCV_FREERTOS//gap_sdk/rtos/freeRTOS/vendors/gwt/gap8/pmsis/drivers/udma/i2c/i2c_internal.o
LOAD /module/examples/other/wifi-img-streamer/BUILD/GAP8_V2/GCC_RISCV_FREERTOS//gap_sdk/rtos/freeRTOS/vendors/gwt/gap8/pmsis/drivers/udma/i2s/i2s.o
LOAD /module/examples/other/wifi-img-streamer/BUILD/GAP8_V2/GCC_RISCV_FREERTOS//gap_sdk/rtos/freeRTOS/vendors/gwt/gap8/pmsis/drivers/udma/i2s/i2s_internal.o
LOAD /module/examples/other/wifi-img-streamer/BUILD/GAP8_V2/GCC_RISCV_FREERTOS//gap_sdk/rtos/freeRTOS/vendors/gwt/gap8/pmsis/drivers/udma/spi/spi.o
LOAD /module/examples/other/wifi-img-streamer/BUILD/GAP8_V2/GCC_RISCV_FREERTOS//gap_sdk/rtos/freeRTOS/vendors/gwt/gap8/pmsis/drivers/udma/spi/spi_internal.o
LOAD /module/examples/other/wifi-img-streamer/BUILD/GAP8_V2/GCC_RISCV_FREERTOS//gap_sdk/rtos/freeRTOS/vendors/gwt/gap8/pmsis/drivers/udma/uart/uart.o
LOAD /module/examples/other/wifi-img-streamer/BUILD/GAP8_V2/GCC_RISCV_FREERTOS//gap_sdk/rtos/freeRTOS/vendors/gwt/gap8/pmsis/drivers/udma/uart/uart_internal.o
LOAD /module/examples/other/wifi-img-streamer/BUILD/GAP8_V2/GCC_RISCV_FREERTOS//gap_sdk/rtos/pmsis/pmsis_bsp/flash/flash.o
LOAD /module/examples/other/wifi-img-streamer/BUILD/GAP8_V2/GCC_RISCV_FREERTOS//gap_sdk/rtos/pmsis/pmsis_bsp/partition/partition.o
LOAD /module/examples/other/wifi-img-streamer/BUILD/GAP8_V2/GCC_RISCV_FREERTOS//gap_sdk/rtos/pmsis/pmsis_bsp/partition/flash_partition.o
LOAD /module/examples/other/wifi-img-streamer/BUILD/GAP8_V2/GCC_RISCV_FREERTOS//gap_sdk/rtos/pmsis/pmsis_bsp/crc/md5.o
LOAD /module/examples/other/wifi-img-streamer/BUILD/GAP8_V2/GCC_RISCV_FREERTOS//gap_sdk/rtos/pmsis/pmsis_bsp/fs/fs.o
LOAD /module/examples/other/wifi-img-streamer/BUILD/GAP8_V2/GCC_RISCV_FREERTOS//gap_sdk/rtos/pmsis/pmsis_bsp/fs/lfs/lfs.o
LOAD /module/examples/other/wifi-img-streamer/BUILD/GAP8_V2/GCC_RISCV_FREERTOS//gap_sdk/rtos/pmsis/pmsis_bsp/fs/lfs/lfs_util.o
LOAD /module/examples/other/wifi-img-streamer/BUILD/GAP8_V2/GCC_RISCV_FREERTOS//gap_sdk/rtos/pmsis/pmsis_bsp/fs/lfs/pi_lfs.o
LOAD /module/examples/other/wifi-img-streamer/BUILD/GAP8_V2/GCC_RISCV_FREERTOS//gap_sdk/rtos/pmsis/pmsis_bsp/fs/read_fs/read_fs.o
LOAD /module/examples/other/wifi-img-streamer/BUILD/GAP8_V2/GCC_RISCV_FREERTOS//gap_sdk/rtos/pmsis/pmsis_bsp/fs/host_fs/semihost.o
LOAD /module/examples/other/wifi-img-streamer/BUILD/GAP8_V2/GCC_RISCV_FREERTOS//gap_sdk/rtos/pmsis/pmsis_bsp/fs/host_fs/host_fs.o
LOAD /module/examples/other/wifi-img-streamer/BUILD/GAP8_V2/GCC_RISCV_FREERTOS//gap_sdk/rtos/pmsis/pmsis_bsp/ota/ota.o
LOAD /module/examples/other/wifi-img-streamer/BUILD/GAP8_V2/GCC_RISCV_FREERTOS//gap_sdk/rtos/pmsis/pmsis_bsp/ota/ota_utility.o
LOAD /module/examples/other/wifi-img-streamer/BUILD/GAP8_V2/GCC_RISCV_FREERTOS//gap_sdk/rtos/pmsis/pmsis_bsp/ota/updater.o
LOAD /module/examples/other/wifi-img-streamer/BUILD/GAP8_V2/GCC_RISCV_FREERTOS//gap_sdk/rtos/pmsis/pmsis_bsp/bootloader/bootloader_utility.o
LOAD /module/examples/other/wifi-img-streamer/BUILD/GAP8_V2/GCC_RISCV_FREERTOS//gap_sdk/rtos/pmsis/pmsis_bsp/bsp/ai_deck.o
LOAD /module/examples/other/wifi-img-streamer/BUILD/GAP8_V2/GCC_RISCV_FREERTOS//gap_sdk/rtos/pmsis/pmsis_bsp/camera/camera.o
LOAD /module/examples/other/wifi-img-streamer/BUILD/GAP8_V2/GCC_RISCV_FREERTOS//gap_sdk/rtos/pmsis/pmsis_bsp/camera/himax/himax.o
LOAD /module/examples/other/wifi-img-streamer/BUILD/GAP8_V2/GCC_RISCV_FREERTOS//gap_sdk/rtos/pmsis/pmsis_bsp/flash/hyperflash/hyperflash.o
LOAD /module/examples/other/wifi-img-streamer/BUILD/GAP8_V2/GCC_RISCV_FREERTOS//gap_sdk/rtos/pmsis/pmsis_bsp/ram/hyperram/hyperram.o
LOAD /module/examples/other/wifi-img-streamer/BUILD/GAP8_V2/GCC_RISCV_FREERTOS//gap_sdk/rtos/pmsis/pmsis_bsp/ram/spiram/spiram.o
LOAD /module/examples/other/wifi-img-streamer/BUILD/GAP8_V2/GCC_RISCV_FREERTOS//gap_sdk/rtos/pmsis/pmsis_bsp/flash/spiflash/spiflash.o
LOAD /module/examples/other/wifi-img-streamer/BUILD/GAP8_V2/GCC_RISCV_FREERTOS//gap_sdk/rtos/pmsis/pmsis_bsp/ram/ram.o
LOAD /module/examples/other/wifi-img-streamer/BUILD/GAP8_V2/GCC_RISCV_FREERTOS//gap_sdk/rtos/pmsis/pmsis_bsp/ram/alloc_extern.o
LOAD /module/examples/other/wifi-img-streamer/BUILD/GAP8_V2/GCC_RISCV_FREERTOS//gap_sdk/rtos/freeRTOS/vendors/gwt/pmsis/rtos/pi_log.o
LOAD /module/examples/other/wifi-img-streamer/BUILD/GAP8_V2/GCC_RISCV_FREERTOS//gap_sdk/rtos/freeRTOS/vendors/gwt/pmsis/rtos/event_kernel/event_kernel.o
LOAD /module/examples/other/wifi-img-streamer/BUILD/GAP8_V2/GCC_RISCV_FREERTOS//gap_sdk/rtos/freeRTOS/vendors/gwt/pmsis/rtos/malloc/cl_l1_malloc.o
LOAD /module/examples/other/wifi-img-streamer/BUILD/GAP8_V2/GCC_RISCV_FREERTOS//gap_sdk/rtos/freeRTOS/vendors/gwt/pmsis/rtos/malloc/fc_l1_malloc.o
LOAD /module/examples/other/wifi-img-streamer/BUILD/GAP8_V2/GCC_RISCV_FREERTOS//gap_sdk/rtos/freeRTOS/vendors/gwt/pmsis/rtos/malloc/l2_malloc.o
LOAD /module/examples/other/wifi-img-streamer/BUILD/GAP8_V2/GCC_RISCV_FREERTOS//gap_sdk/rtos/freeRTOS/vendors/gwt/pmsis/rtos/malloc/malloc_external.o
LOAD /module/examples/other/wifi-img-streamer/BUILD/GAP8_V2/GCC_RISCV_FREERTOS//gap_sdk/rtos/freeRTOS/vendors/gwt/pmsis/rtos/malloc/malloc_internal.o
LOAD /module/examples/other/wifi-img-streamer/BUILD/GAP8_V2/GCC_RISCV_FREERTOS//gap_sdk/rtos/freeRTOS/vendors/gwt/pmsis/rtos/malloc/pi_malloc.o
LOAD /module/examples/other/wifi-img-streamer/BUILD/GAP8_V2/GCC_RISCV_FREERTOS//gap_sdk/rtos/freeRTOS/vendors/gwt/pmsis/rtos/mem_slab/mem_slab.o
LOAD /module/examples/other/wifi-img-streamer/BUILD/GAP8_V2/GCC_RISCV_FREERTOS//gap_sdk/rtos/freeRTOS/vendors/gwt/pmsis/rtos/os/device.o
LOAD /module/examples/other/wifi-img-streamer/BUILD/GAP8_V2/GCC_RISCV_FREERTOS//gap_sdk/rtos/freeRTOS/vendors/gwt/pmsis/rtos/os/pmsis_task.o
LOAD /module/examples/other/wifi-img-streamer/BUILD/GAP8_V2/GCC_RISCV_FREERTOS//gap_sdk/rtos/freeRTOS/vendors/gwt/pmsis/backend/pmsis_backend_native_task_api.o
LOAD /module/examples/other/wifi-img-streamer/BUILD/GAP8_V2/GCC_RISCV_FREERTOS//gap_sdk/rtos/freeRTOS/freertos_kernel/portable/GCC/RI5CY-GAP8/port.o
LOAD /module/examples/other/wifi-img-streamer/BUILD/GAP8_V2/GCC_RISCV_FREERTOS//gap_sdk/rtos/freeRTOS/vendors/gwt/libs/printf/printf.o
LOAD /module/examples/other/wifi-img-streamer/BUILD/GAP8_V2/GCC_RISCV_FREERTOS//gap_sdk/rtos/freeRTOS/freertos_kernel/list.o
LOAD /module/examples/other/wifi-img-streamer/BUILD/GAP8_V2/GCC_RISCV_FREERTOS//gap_sdk/rtos/freeRTOS/freertos_kernel/queue.o
LOAD /module/examples/other/wifi-img-streamer/BUILD/GAP8_V2/GCC_RISCV_FREERTOS//gap_sdk/rtos/freeRTOS/freertos_kernel/tasks.o
LOAD /module/examples/other/wifi-img-streamer/BUILD/GAP8_V2/GCC_RISCV_FREERTOS//gap_sdk/rtos/freeRTOS/freertos_kernel/timers.o
LOAD /module/examples/other/wifi-img-streamer/BUILD/GAP8_V2/GCC_RISCV_FREERTOS//gap_sdk/rtos/freeRTOS/freertos_kernel/event_groups.o
LOAD /module/examples/other/wifi-img-streamer/BUILD/GAP8_V2/GCC_RISCV_FREERTOS//gap_sdk/rtos/freeRTOS/freertos_kernel/stream_buffer.o
LOAD /module/examples/other/wifi-img-streamer/BUILD/GAP8_V2/GCC_RISCV_FREERTOS//gap_sdk/rtos/freeRTOS/demos/gwt/config/gap8/FreeRTOS_util.o
LOAD /usr/lib/gap_riscv_toolchain/bin/../lib/gcc/riscv32-unknown-elf/7.1.1/rv32imcxgap8/ilp32/libgcc.a
                0x0000000000000000                __DYNAMIC = 0x0
                0x0000000000001000                __STACK_FC_SIZE = 0x1000
                0x0000000000000400                __STACK_IRQ_SIZE = 0x400

.l1FcTiny       0x000000001b000000        0x0
                0x000000001b000000                . = ALIGN (0x4)
                0x000000001b000000                __l1FcShared_start = .
 *(.l1FcTiny)
 *(.l1FcTiny.*)
                0x000000001b000000                . = ALIGN (0x4)
                0x000000001b000000                __l1FcShared_end = .
                0x0000000000000000                __l1FcShared_size = (__l1FcShared_end - __l1FcShared_start)

.fcTcdmTiny     0x0000000000000004        0xc load address 0x000000001b000000
 *(.fcTcdmTiny)
 .fcTcdmTiny    0x0000000000000004        0xc /module/examples/other/wifi-img-streamer/BUILD/GAP8_V2/GCC_RISCV_FREERTOS//gap_sdk/rtos/freeRTOS/vendors/gwt/gap8/pmsis/drivers/udma/hyperbus/hyperbus_internal.o
                0x0000000000000004                __global_hyper_fifo_head
                0x0000000000000008                __global_hyper_driver_fifo
                0x000000000000000c                __global_hyper_fifo_tail
 *(.fcTcdmTiny.*)

.fcTcdm
 *(.fcTcdm)
 *(.fcTcdm.*)

.fcTcdm_g       0x000000001b00000c      0x58c
                0x000000001b000010                . = ALIGN (0x8)
 *fill*         0x000000001b00000c        0x4 
                0x000000001b000010                __fc_tcdm_g_start = .
 *(.fcTcdm_g)
 .fcTcdm_g      0x000000001b000010      0x244 /module/examples/other/wifi-img-streamer/BUILD/GAP8_V2/GCC_RISCV_FREERTOS//gap_sdk/rtos/freeRTOS/vendors/gwt/gap8/pmsis/cluster/drivers/cluster_synchronisation/cl_to_fc_delegate.o
                0x000000001b000010                delegate_task_mask
                0x000000001b000014                delegate_task
 .fcTcdm_g      0x000000001b000254       0xe4 /module/examples/other/wifi-img-streamer/BUILD/GAP8_V2/GCC_RISCV_FREERTOS//gap_sdk/rtos/freeRTOS/vendors/gwt/gap8/pmsis/drivers/fc_event/fc_event.o
 .fcTcdm_g      0x000000001b000338        0x4 /module/examples/other/wifi-img-streamer/BUILD/GAP8_V2/GCC_RISCV_FREERTOS//gap_sdk/rtos/freeRTOS/vendors/gwt/pmsis/rtos/event_kernel/event_kernel.o
                0x000000001b000338                default_sched
 .fcTcdm_g      0x000000001b00033c        0x8 /module/examples/other/wifi-img-streamer/BUILD/GAP8_V2/GCC_RISCV_FREERTOS//gap_sdk/rtos/freeRTOS/vendors/gwt/pmsis/backend/pmsis_backend_native_task_api.o
                0x000000001b00033c                delayed_task
 .fcTcdm_g      0x000000001b000344      0x254 /module/examples/other/wifi-img-streamer/BUILD/GAP8_V2/GCC_RISCV_FREERTOS//gap_sdk/rtos/freeRTOS/demos/gwt/config/gap8/FreeRTOS_util.o
 *(.fcTcdm_g.*)
                0x000000001b000598                . = ALIGN (0x8)
                0x000000001b000598                __fc_tcdm_g_end = .

.stack_irq      0x000000001b000598      0x400
                0x000000001b000598                . = ALIGN (0x4)
                0x000000001b000598                __stack_irq_end__ = .
                0x000000001b000998                . = (. + __STACK_IRQ_SIZE)
 *fill*         0x000000001b000598      0x400 
                0x000000001b000998                __stack_irq_start__ = .

.heapfcram      0x000000001b000998     0x1000
                0x000000001b000998                . = ALIGN (0x8)
 *(.heapfcram)
 *(.heapfcram.*)
                0x000000001b000998                . = ALIGN (0x8)
                0x000000001b000998                __heapfcram_start = .
                0x000000001b000998                __stack_fc_end__ = .
                0x000000001b001998                . = (. + __STACK_FC_SIZE)
 *fill*         0x000000001b000998     0x1000 
                0x000000001b001998                __stack_fc_start__ = .
                0x0000000000003668                __heapfcram_size = ((ORIGIN (FC_tcdm) + LENGTH (FC_tcdm)) - __heapfcram_start)

.vectors_irq    0x000000001c000000       0x94
                0x000000001c000000                . = ALIGN (0x100)
                0x000000001c000000                __irq_vector_base_m__ = .
 *(.vectors_irq)
 .vectors_irq   0x000000001c000000       0x94 /module/examples/other/wifi-img-streamer/BUILD/GAP8_V2/GCC_RISCV_FREERTOS//gap_sdk/rtos/freeRTOS/vendors/gwt/gap8/src/device/startup_gap8.o
                0x000000001c000090                __rt_debug_struct_ptr

.text           0x000000001c000094     0xa338
                0x000000001c000094                . = ALIGN (0x4)
                0x000000001c000094                _stext = .
 *(.text.reset)
 .text.reset    0x000000001c000094       0x7e /module/examples/other/wifi-img-streamer/BUILD/GAP8_V2/GCC_RISCV_FREERTOS//gap_sdk/rtos/freeRTOS/vendors/gwt/gap8/src/device/startup_gap8.o
                0x000000001c000094                reset_handler
 *(.text)
 .text          0x000000001c000112      0x290 /module/examples/other/wifi-img-streamer/BUILD/GAP8_V2/GCC_RISCV_FREERTOS//gap_sdk/rtos/freeRTOS/vendors/gwt/gap8/src/device/gap8_iet.o
                0x000000001c000112                default_handler
                0x000000001c000116                cluster_notify_fc_handler
                0x000000001c00014e                pendSV_handler
                0x000000001c0001be                systick_handler
                0x000000001c00023a                fc_event_handler
                0x000000001c000272                fc_hyper_handler
                0x000000001c000320                dma_irq_handler
                0x000000001c000348                ecall_handler
                0x000000001c00039a                ill_ins_handler
 .text          0x000000001c0003a2      0x126 /module/examples/other/wifi-img-streamer/BUILD/GAP8_V2/GCC_RISCV_FREERTOS//gap_sdk/rtos/freeRTOS/vendors/gwt/gap8/pmsis/cluster/drivers/cluster_synchronisation/cluster_core.o
                0x000000001c0003a2                cluster_exec_loop
                0x000000001c0004ba                cl_slave_stack_setup
 .text          0x000000001c0004c8       0xd8 /module/examples/other/wifi-img-streamer/BUILD/GAP8_V2/GCC_RISCV_FREERTOS//gap_sdk/rtos/freeRTOS/vendors/gwt/gap8/pmsis/util/asm_util.o
                0x000000001c0004c8                ASM_FUNC_SAVE_MINIMAL_CONTEXT
                0x000000001c00050c                ASM_FUNC_RESTORE_MINIMAL_CONTEXT
                0x000000001c000550                ASM_FUNC_SAVE_SAVE_CONTEXT
                0x000000001c00056a                ASM_FUNC_RESTORE_SAVE_CONTEXT
                0x000000001c000584                ASM_FUNC_SAVE_CSR_CONTEXT
                0x000000001c000592                ASM_FUNC_RESTORE_CSR_CONTEXT
 .text          0x000000001c0005a0       0x8e /module/examples/other/wifi-img-streamer/BUILD/GAP8_V2/GCC_RISCV_FREERTOS//gap_sdk/rtos/freeRTOS/freertos_kernel/portable/GCC/RI5CY-GAP8/port_asm.o
                0x000000001c0005a0                xPortStartScheduler
 .text          0x000000001c00062e       0x4e /module/examples/other/wifi-img-streamer/BUILD/GAP8_V2/GCC_RISCV_FREERTOS//gap_sdk/rtos/freeRTOS/vendors/gwt/gap8/pmsis/drivers/fc_event/fc_event.o
                0x000000001c00062e                fc_soc_event_handler
 .text          0x000000001c00067c      0x168 /module/examples/other/wifi-img-streamer/BUILD/GAP8_V2/GCC_RISCV_FREERTOS//gap_sdk/rtos/freeRTOS/vendors/gwt/gap8/pmsis/drivers/udma/hyperbus/hyperbus_internal.o
                0x000000001c00067c                hyper_handler
 .text          0x000000001c0007e4      0x5fe /usr/lib/gap_riscv_toolchain/bin/../lib/gcc/riscv32-unknown-elf/7.1.1/rv32imcxgap8/ilp32/libgcc.a(adddf3.o)
                0x000000001c0007e4                __adddf3
 .text          0x000000001c000de2      0x4d2 /usr/lib/gap_riscv_toolchain/bin/../lib/gcc/riscv32-unknown-elf/7.1.1/rv32imcxgap8/ilp32/libgcc.a(divdf3.o)
                0x000000001c000de2                __divdf3
 .text          0x000000001c0012b4       0x60 /usr/lib/gap_riscv_toolchain/bin/../lib/gcc/riscv32-unknown-elf/7.1.1/rv32imcxgap8/ilp32/libgcc.a(eqdf2.o)
                0x000000001c0012b4                __eqdf2
                0x000000001c0012b4                __nedf2
 .text          0x000000001c001314       0xae /usr/lib/gap_riscv_toolchain/bin/../lib/gcc/riscv32-unknown-elf/7.1.1/rv32imcxgap8/ilp32/libgcc.a(gedf2.o)
                0x000000001c001314                __gtdf2
                0x000000001c001314                __gedf2
 .text          0x000000001c0013c2       0xae /usr/lib/gap_riscv_toolchain/bin/../lib/gcc/riscv32-unknown-elf/7.1.1/rv32imcxgap8/ilp32/libgcc.a(ledf2.o)
                0x000000001c0013c2                __ltdf2
                0x000000001c0013c2                __ledf2
 .text          0x000000001c001470      0x43a /usr/lib/gap_riscv_toolchain/bin/../lib/gcc/riscv32-unknown-elf/7.1.1/rv32imcxgap8/ilp32/libgcc.a(muldf3.o)
                0x000000001c001470                __muldf3
 .text          0x000000001c0018aa      0x612 /usr/lib/gap_riscv_toolchain/bin/../lib/gcc/riscv32-unknown-elf/7.1.1/rv32imcxgap8/ilp32/libgcc.a(subdf3.o)
                0x000000001c0018aa                __subdf3
 .text          0x000000001c001ebc       0x5c /usr/lib/gap_riscv_toolchain/bin/../lib/gcc/riscv32-unknown-elf/7.1.1/rv32imcxgap8/ilp32/libgcc.a(fixdfsi.o)
                0x000000001c001ebc                __fixdfsi
 .text          0x000000001c001f18       0x52 /usr/lib/gap_riscv_toolchain/bin/../lib/gcc/riscv32-unknown-elf/7.1.1/rv32imcxgap8/ilp32/libgcc.a(fixunsdfsi.o)
                0x000000001c001f18                __fixunsdfsi
 .text          0x000000001c001f6a       0x58 /usr/lib/gap_riscv_toolchain/bin/../lib/gcc/riscv32-unknown-elf/7.1.1/rv32imcxgap8/ilp32/libgcc.a(floatsidf.o)
                0x000000001c001f6a                __floatsidf
 .text          0x000000001c001fc2       0x4c /usr/lib/gap_riscv_toolchain/bin/../lib/gcc/riscv32-unknown-elf/7.1.1/rv32imcxgap8/ilp32/libgcc.a(floatunsidf.o)
                0x000000001c001fc2                __floatunsidf
 *(.text.*)
 .text.task_main
                0x000000001c00200e       0xc8 /module/examples/other/wifi-img-streamer/BUILD/GAP8_V2/GCC_RISCV_FREERTOS/wifi-img-streamer.o
 .text.task_rw_uart
                0x000000001c0020d6       0x6a /module/examples/other/wifi-img-streamer/BUILD/GAP8_V2/GCC_RISCV_FREERTOS/wifi-img-streamer.o
                0x000000001c0020d6                task_rw_uart
 .text.startup.main
                0x000000001c002140       0x36 /module/examples/other/wifi-img-streamer/BUILD/GAP8_V2/GCC_RISCV_FREERTOS/wifi-img-streamer.o
                0x000000001c002140                main
 .text.vDataReadyISR
                0x000000001c002176       0x2c /module/examples/other/wifi-img-streamer/BUILD/GAP8_V2/GCC_RISCV_FREERTOS/../../../lib/cpx/src/com.o
                0x000000001c002176                vDataReadyISR
 .text.com_task
                0x000000001c0021a2      0x180 /module/examples/other/wifi-img-streamer/BUILD/GAP8_V2/GCC_RISCV_FREERTOS/../../../lib/cpx/src/com.o
                0x000000001c0021a2                com_task
 .text.com_init
                0x000000001c002322      0x176 /module/examples/other/wifi-img-streamer/BUILD/GAP8_V2/GCC_RISCV_FREERTOS/../../../lib/cpx/src/com.o
                0x000000001c002322                com_init
 .text.com_read
                0x000000001c002498       0x10 /module/examples/other/wifi-img-streamer/BUILD/GAP8_V2/GCC_RISCV_FREERTOS/../../../lib/cpx/src/com.o
                0x000000001c002498                com_read
 .text.com_write
                0x000000001c0024a8       0x32 /module/examples/other/wifi-img-streamer/BUILD/GAP8_V2/GCC_RISCV_FREERTOS/../../../lib/cpx/src/com.o
                0x000000001c0024a8                com_write
 .text.cpx_rx_task
                0x000000001c0024da       0xb4 /module/examples/other/wifi-img-streamer/BUILD/GAP8_V2/GCC_RISCV_FREERTOS/../../../lib/cpx/src/cpx.o
 .text.cpxPrintToConsole
                0x000000001c00258e       0xe8 /module/examples/other/wifi-img-streamer/BUILD/GAP8_V2/GCC_RISCV_FREERTOS/../../../lib/cpx/src/cpx.o
                0x000000001c00258e                cpxPrintToConsole
 .text.cpxInit  0x000000001c002676       0x64 /module/examples/other/wifi-img-streamer/BUILD/GAP8_V2/GCC_RISCV_FREERTOS/../../../lib/cpx/src/cpx.o
                0x000000001c002676                cpxInit
 .text.system_init
                0x000000001c0026da       0x5e /module/examples/other/wifi-img-streamer/BUILD/GAP8_V2/GCC_RISCV_FREERTOS//gap_sdk/rtos/freeRTOS/vendors/gwt/gap8/src/device/system_gap8.o
                0x000000001c0026da                system_init
 .text.system_setup_systick
                0x000000001c002738       0x38 /module/examples/other/wifi-img-streamer/BUILD/GAP8_V2/GCC_RISCV_FREERTOS//gap_sdk/rtos/freeRTOS/vendors/gwt/gap8/src/device/system_gap8.o
                0x000000001c002738                system_setup_systick
 .text.system_core_clock_update
                0x000000001c002770       0x36 /module/examples/other/wifi-img-streamer/BUILD/GAP8_V2/GCC_RISCV_FREERTOS//gap_sdk/rtos/freeRTOS/vendors/gwt/gap8/src/device/system_gap8.o
                0x000000001c002770                system_core_clock_update
 .text.system_core_clock_get
                0x000000001c0027a6        0xa /module/examples/other/wifi-img-streamer/BUILD/GAP8_V2/GCC_RISCV_FREERTOS//gap_sdk/rtos/freeRTOS/vendors/gwt/gap8/src/device/system_gap8.o
                0x000000001c0027a6                system_core_clock_get
 .text.system_exit
                0x000000001c0027b0       0x64 /module/examples/other/wifi-img-streamer/BUILD/GAP8_V2/GCC_RISCV_FREERTOS//gap_sdk/rtos/freeRTOS/vendors/gwt/gap8/src/device/system_gap8.o
                0x000000001c0027b0                system_exit
 .text._procid  0x000000001c002814        0xa /module/examples/other/wifi-img-streamer/BUILD/GAP8_V2/GCC_RISCV_FREERTOS//gap_sdk/rtos/freeRTOS/vendors/gwt/gap8/src/device/gap8_it.o
                0x000000001c002814                _procid
 .text._clusterid
                0x000000001c00281e        0x8 /module/examples/other/wifi-img-streamer/BUILD/GAP8_V2/GCC_RISCV_FREERTOS//gap_sdk/rtos/freeRTOS/vendors/gwt/gap8/src/device/gap8_it.o
                0x000000001c00281e                _clusterid
 .text.pi_log_write.constprop.0
                0x000000001c002826       0x32 /module/examples/other/wifi-img-streamer/BUILD/GAP8_V2/GCC_RISCV_FREERTOS//gap_sdk/rtos/freeRTOS/vendors/gwt/gap8/src/device/gap8_it.o
 .text._isr_default
                0x000000001c002858       0x38 /module/examples/other/wifi-img-streamer/BUILD/GAP8_V2/GCC_RISCV_FREERTOS//gap_sdk/rtos/freeRTOS/vendors/gwt/gap8/src/device/gap8_it.o
                0x000000001c002858                _isr_default
 .text.vSetPendSV
                0x000000001c002890        0xa /module/examples/other/wifi-img-streamer/BUILD/GAP8_V2/GCC_RISCV_FREERTOS//gap_sdk/rtos/freeRTOS/vendors/gwt/gap8/src/device/gap8_it.o
                0x000000001c002890                vSetPendSV
 .text._ill_insn_print
                0x000000001c00289a       0x36 /module/examples/other/wifi-img-streamer/BUILD/GAP8_V2/GCC_RISCV_FREERTOS//gap_sdk/rtos/freeRTOS/vendors/gwt/gap8/src/device/gap8_it.o
                0x000000001c00289a                _ill_insn_print
 .text.__uart_putc_cluster_req
                0x000000001c0028d0       0x48 /module/examples/other/wifi-img-streamer/BUILD/GAP8_V2/GCC_RISCV_FREERTOS//gap_sdk/rtos/freeRTOS/vendors/gwt/gap8/src/driver/gap_io.o
 .text.printf_uart_init
                0x000000001c002918       0x5c /module/examples/other/wifi-img-streamer/BUILD/GAP8_V2/GCC_RISCV_FREERTOS//gap_sdk/rtos/freeRTOS/vendors/gwt/gap8/src/driver/gap_io.o
                0x000000001c002918                printf_uart_init
 .text._putchar
                0x000000001c002974      0x124 /module/examples/other/wifi-img-streamer/BUILD/GAP8_V2/GCC_RISCV_FREERTOS//gap_sdk/rtos/freeRTOS/vendors/gwt/gap8/src/driver/gap_io.o
                0x000000001c002974                _putchar
 .text.system_exit_printf_flush
                0x000000001c002a98       0x96 /module/examples/other/wifi-img-streamer/BUILD/GAP8_V2/GCC_RISCV_FREERTOS//gap_sdk/rtos/freeRTOS/vendors/gwt/gap8/src/driver/gap_io.o
                0x000000001c002a98                system_exit_printf_flush
 .text.exit     0x000000001c002b2e        0x8 /module/examples/other/wifi-img-streamer/BUILD/GAP8_V2/GCC_RISCV_FREERTOS//gap_sdk/rtos/freeRTOS/vendors/gwt/libs/src/stdlib.o
                0x000000001c002b2e                exit
 .text.memcpy   0x000000001c002b36      0x10a /module/examples/other/wifi-img-streamer/BUILD/GAP8_V2/GCC_RISCV_FREERTOS//gap_sdk/rtos/freeRTOS/vendors/gwt/libs/src/string.o
                0x000000001c002b36                memcpy
 .text.memset   0x000000001c002c40       0xb6 /module/examples/other/wifi-img-streamer/BUILD/GAP8_V2/GCC_RISCV_FREERTOS//gap_sdk/rtos/freeRTOS/vendors/gwt/libs/src/string.o
                0x000000001c002c40                memset
 .text.cl_notify_fc_event_handler
                0x000000001c002cf6       0xa2 /module/examples/other/wifi-img-streamer/BUILD/GAP8_V2/GCC_RISCV_FREERTOS//gap_sdk/rtos/freeRTOS/vendors/gwt/gap8/pmsis/cluster/drivers/cluster_synchronisation/cl_to_fc_delegate.o
                0x000000001c002cf6                cl_notify_fc_event_handler
 .text.pi_cl_send_task_to_fc
                0x000000001c002d98       0x42 /module/examples/other/wifi-img-streamer/BUILD/GAP8_V2/GCC_RISCV_FREERTOS//gap_sdk/rtos/freeRTOS/vendors/gwt/gap8/pmsis/cluster/drivers/cluster_synchronisation/cl_to_fc_delegate.o
                0x000000001c002d98                pi_cl_send_task_to_fc
 .text.cl_task_finish
                0x000000001c002dda       0x78 /module/examples/other/wifi-img-streamer/BUILD/GAP8_V2/GCC_RISCV_FREERTOS//gap_sdk/rtos/freeRTOS/vendors/gwt/gap8/pmsis/cluster/drivers/cluster_synchronisation/fc_to_cl_delegate.o
                0x000000001c002dda                cl_task_finish
 .text.pi_cl_dma_2d_handler
                0x000000001c002e52       0x94 /module/examples/other/wifi-img-streamer/BUILD/GAP8_V2/GCC_RISCV_FREERTOS//gap_sdk/rtos/freeRTOS/vendors/gwt/gap8/pmsis/cluster/drivers/dma/cl_dma_irq.o
                0x000000001c002e52                pi_cl_dma_2d_handler
 .text.fc_event_null_event
                0x000000001c002ee6        0x2 /module/examples/other/wifi-img-streamer/BUILD/GAP8_V2/GCC_RISCV_FREERTOS//gap_sdk/rtos/freeRTOS/vendors/gwt/gap8/pmsis/drivers/fc_event/fc_event.o
 .text.pi_fc_event_handler_init
                0x000000001c002ee8       0x30 /module/examples/other/wifi-img-streamer/BUILD/GAP8_V2/GCC_RISCV_FREERTOS//gap_sdk/rtos/freeRTOS/vendors/gwt/gap8/pmsis/drivers/fc_event/fc_event.o
                0x000000001c002ee8                pi_fc_event_handler_init
 .text.pi_fc_event_handler_set
                0x000000001c002f18       0x10 /module/examples/other/wifi-img-streamer/BUILD/GAP8_V2/GCC_RISCV_FREERTOS//gap_sdk/rtos/freeRTOS/vendors/gwt/gap8/pmsis/drivers/fc_event/fc_event.o
                0x000000001c002f18                pi_fc_event_handler_set
 .text.pi_fc_event_handler_clear
                0x000000001c002f28       0x18 /module/examples/other/wifi-img-streamer/BUILD/GAP8_V2/GCC_RISCV_FREERTOS//gap_sdk/rtos/freeRTOS/vendors/gwt/gap8/pmsis/drivers/fc_event/fc_event.o
                0x000000001c002f28                pi_fc_event_handler_clear
 .text.pi_fll_init
                0x000000001c002f40       0xd2 /module/examples/other/wifi-img-streamer/BUILD/GAP8_V2/GCC_RISCV_FREERTOS//gap_sdk/rtos/freeRTOS/vendors/gwt/gap8/pmsis/drivers/fll/fll.o
                0x000000001c002f40                pi_fll_init
 .text.pi_fll_frequency_set
                0x000000001c003012       0xb0 /module/examples/other/wifi-img-streamer/BUILD/GAP8_V2/GCC_RISCV_FREERTOS//gap_sdk/rtos/freeRTOS/vendors/gwt/gap8/pmsis/drivers/fll/fll.o
                0x000000001c003012                pi_fll_frequency_set
 .text.pi_fll_frequency_get
                0x000000001c0030c2       0x46 /module/examples/other/wifi-img-streamer/BUILD/GAP8_V2/GCC_RISCV_FREERTOS//gap_sdk/rtos/freeRTOS/vendors/gwt/gap8/pmsis/drivers/fll/fll.o
                0x000000001c0030c2                pi_fll_frequency_get
 .text.pi_freq_callback_add
                0x000000001c003108       0x28 /module/examples/other/wifi-img-streamer/BUILD/GAP8_V2/GCC_RISCV_FREERTOS//gap_sdk/rtos/freeRTOS/vendors/gwt/gap8/pmsis/drivers/fll/fll.o
                0x000000001c003108                pi_freq_callback_add
 .text.pi_freq_callback_remove
                0x000000001c003130       0x46 /module/examples/other/wifi-img-streamer/BUILD/GAP8_V2/GCC_RISCV_FREERTOS//gap_sdk/rtos/freeRTOS/vendors/gwt/gap8/pmsis/drivers/fll/fll.o
                0x000000001c003130                pi_freq_callback_remove
 .text.gpio_handler
                0x000000001c003176       0x88 /module/examples/other/wifi-img-streamer/BUILD/GAP8_V2/GCC_RISCV_FREERTOS//gap_sdk/rtos/freeRTOS/vendors/gwt/gap8/pmsis/drivers/gpio/gpio.o
 .text.pi_gpio_conf_init
                0x000000001c0031fe        0xa /module/examples/other/wifi-img-streamer/BUILD/GAP8_V2/GCC_RISCV_FREERTOS//gap_sdk/rtos/freeRTOS/vendors/gwt/gap8/pmsis/drivers/gpio/gpio.o
                0x000000001c0031fe                pi_gpio_conf_init
 .text.pi_gpio_open
                0x000000001c003208       0xae /module/examples/other/wifi-img-streamer/BUILD/GAP8_V2/GCC_RISCV_FREERTOS//gap_sdk/rtos/freeRTOS/vendors/gwt/gap8/pmsis/drivers/gpio/gpio.o
                0x000000001c003208                pi_gpio_open
 .text.pi_gpio_pin_configure
                0x000000001c0032b6       0xde /module/examples/other/wifi-img-streamer/BUILD/GAP8_V2/GCC_RISCV_FREERTOS//gap_sdk/rtos/freeRTOS/vendors/gwt/gap8/pmsis/drivers/gpio/gpio.o
                0x000000001c0032b6                pi_gpio_pin_configure
 .text.pi_gpio_pin_write
                0x000000001c003394       0x36 /module/examples/other/wifi-img-streamer/BUILD/GAP8_V2/GCC_RISCV_FREERTOS//gap_sdk/rtos/freeRTOS/vendors/gwt/gap8/pmsis/drivers/gpio/gpio.o
                0x000000001c003394                pi_gpio_pin_write
 .text.pi_gpio_pin_read
                0x000000001c0033ca       0x4a /module/examples/other/wifi-img-streamer/BUILD/GAP8_V2/GCC_RISCV_FREERTOS//gap_sdk/rtos/freeRTOS/vendors/gwt/gap8/pmsis/drivers/gpio/gpio.o
                0x000000001c0033ca                pi_gpio_pin_read
 .text.pi_gpio_pin_notif_configure
                0x000000001c003414       0x72 /module/examples/other/wifi-img-streamer/BUILD/GAP8_V2/GCC_RISCV_FREERTOS//gap_sdk/rtos/freeRTOS/vendors/gwt/gap8/pmsis/drivers/gpio/gpio.o
                0x000000001c003414                pi_gpio_pin_notif_configure
 .text.pi_gpio_callback_add
                0x000000001c003486       0x22 /module/examples/other/wifi-img-streamer/BUILD/GAP8_V2/GCC_RISCV_FREERTOS//gap_sdk/rtos/freeRTOS/vendors/gwt/gap8/pmsis/drivers/gpio/gpio.o
                0x000000001c003486                pi_gpio_callback_add
 .text.pi_pad_set_function
                0x000000001c0034a8       0x38 /module/examples/other/wifi-img-streamer/BUILD/GAP8_V2/GCC_RISCV_FREERTOS//gap_sdk/rtos/freeRTOS/vendors/gwt/gap8/pmsis/drivers/pad/pad.o
                0x000000001c0034a8                pi_pad_set_function
 .text.pi_pad_init
                0x000000001c0034e0       0x26 /module/examples/other/wifi-img-streamer/BUILD/GAP8_V2/GCC_RISCV_FREERTOS//gap_sdk/rtos/freeRTOS/vendors/gwt/gap8/pmsis/drivers/pad/pad.o
                0x000000001c0034e0                pi_pad_init
 .text.pi_pmu_voltage_set
                0x000000001c003506        0x2 /module/examples/other/wifi-img-streamer/BUILD/GAP8_V2/GCC_RISCV_FREERTOS//gap_sdk/rtos/freeRTOS/vendors/gwt/gap8/pmsis/drivers/pmu/pmu.o
                0x000000001c003506                pi_pmu_voltage_set
 .text.__pi_pmu_handler
                0x000000001c003508       0x1e /module/examples/other/wifi-img-streamer/BUILD/GAP8_V2/GCC_RISCV_FREERTOS//gap_sdk/rtos/freeRTOS/vendors/gwt/gap8/pmsis/drivers/pmu/pmu_internal.o
 .text.__pi_pmu_init
                0x000000001c003526       0xfa /module/examples/other/wifi-img-streamer/BUILD/GAP8_V2/GCC_RISCV_FREERTOS//gap_sdk/rtos/freeRTOS/vendors/gwt/gap8/pmsis/drivers/pmu/pmu_internal.o
                0x000000001c003526                __pi_pmu_init
 .text.__pi_pmu_voltage_set
                0x000000001c003620      0x140 /module/examples/other/wifi-img-streamer/BUILD/GAP8_V2/GCC_RISCV_FREERTOS//gap_sdk/rtos/freeRTOS/vendors/gwt/gap8/pmsis/drivers/pmu/pmu_internal.o
                0x000000001c003620                __pi_pmu_voltage_set
 .text.pi_timer_init
                0x000000001c003760       0x34 /module/examples/other/wifi-img-streamer/BUILD/GAP8_V2/GCC_RISCV_FREERTOS//gap_sdk/rtos/freeRTOS/vendors/gwt/gap8/pmsis/drivers/timer/timer.o
                0x000000001c003760                pi_timer_init
 .text.pi_timer_stop
                0x000000001c003794       0x28 /module/examples/other/wifi-img-streamer/BUILD/GAP8_V2/GCC_RISCV_FREERTOS//gap_sdk/rtos/freeRTOS/vendors/gwt/gap8/pmsis/drivers/timer/timer.o
                0x000000001c003794                pi_timer_stop
 .text.__pi_hyper_copy_aligned.isra.6
                0x000000001c0037bc       0x48 /module/examples/other/wifi-img-streamer/BUILD/GAP8_V2/GCC_RISCV_FREERTOS//gap_sdk/rtos/freeRTOS/vendors/gwt/gap8/pmsis/drivers/udma/hyperbus/hyperbus_internal.o
 .text.__pi_hyper_copy_misaligned
                0x000000001c003804      0x2ee /module/examples/other/wifi-img-streamer/BUILD/GAP8_V2/GCC_RISCV_FREERTOS//gap_sdk/rtos/freeRTOS/vendors/gwt/gap8/pmsis/drivers/udma/hyperbus/hyperbus_internal.o
 .text.pi_spi_open
                0x000000001c003af2       0x1c /module/examples/other/wifi-img-streamer/BUILD/GAP8_V2/GCC_RISCV_FREERTOS//gap_sdk/rtos/freeRTOS/vendors/gwt/gap8/pmsis/drivers/udma/spi/spi.o
                0x000000001c003af2                pi_spi_open
 .text.pi_spi_transfer
                0x000000001c003b0e       0x48 /module/examples/other/wifi-img-streamer/BUILD/GAP8_V2/GCC_RISCV_FREERTOS//gap_sdk/rtos/freeRTOS/vendors/gwt/gap8/pmsis/drivers/udma/spi/spi.o
                0x000000001c003b0e                pi_spi_transfer
 .text.__pi_spi_freq_cb
                0x000000001c003b56       0x84 /module/examples/other/wifi-img-streamer/BUILD/GAP8_V2/GCC_RISCV_FREERTOS//gap_sdk/rtos/freeRTOS/vendors/gwt/gap8/pmsis/drivers/udma/spi/spi_internal.o
                0x000000001c003b56                __pi_spi_freq_cb
 .text.pi_spi_conf_init
                0x000000001c003bda       0x26 /module/examples/other/wifi-img-streamer/BUILD/GAP8_V2/GCC_RISCV_FREERTOS//gap_sdk/rtos/freeRTOS/vendors/gwt/gap8/pmsis/drivers/udma/spi/spi_internal.o
                0x000000001c003bda                pi_spi_conf_init
 .text.__pi_spi_open
                0x000000001c003c00      0x300 /module/examples/other/wifi-img-streamer/BUILD/GAP8_V2/GCC_RISCV_FREERTOS//gap_sdk/rtos/freeRTOS/vendors/gwt/gap8/pmsis/drivers/udma/spi/spi_internal.o
                0x000000001c003c00                __pi_spi_open
 .text.__pi_spi_receive_async
                0x000000001c003f00      0x110 /module/examples/other/wifi-img-streamer/BUILD/GAP8_V2/GCC_RISCV_FREERTOS//gap_sdk/rtos/freeRTOS/vendors/gwt/gap8/pmsis/drivers/udma/spi/spi_internal.o
                0x000000001c003f00                __pi_spi_receive_async
 .text.__pi_spi_send_async
                0x000000001c004010      0x146 /module/examples/other/wifi-img-streamer/BUILD/GAP8_V2/GCC_RISCV_FREERTOS//gap_sdk/rtos/freeRTOS/vendors/gwt/gap8/pmsis/drivers/udma/spi/spi_internal.o
                0x000000001c004010                __pi_spi_send_async
 .text.__pi_spi_xfer_async
                0x000000001c004156      0x138 /module/examples/other/wifi-img-streamer/BUILD/GAP8_V2/GCC_RISCV_FREERTOS//gap_sdk/rtos/freeRTOS/vendors/gwt/gap8/pmsis/drivers/udma/spi/spi_internal.o
                0x000000001c004156                __pi_spi_xfer_async
 .text.__pi_spi_copy_async
                0x000000001c00428e      0x792 /module/examples/other/wifi-img-streamer/BUILD/GAP8_V2/GCC_RISCV_FREERTOS//gap_sdk/rtos/freeRTOS/vendors/gwt/gap8/pmsis/drivers/udma/spi/spi_internal.o
                0x000000001c00428e                __pi_spi_copy_async
 .text.__pi_spi_copy_async_2d
                0x000000001c004a20      0x700 /module/examples/other/wifi-img-streamer/BUILD/GAP8_V2/GCC_RISCV_FREERTOS//gap_sdk/rtos/freeRTOS/vendors/gwt/gap8/pmsis/drivers/udma/spi/spi_internal.o
                0x000000001c004a20                __pi_spi_copy_async_2d
 .text.spim_eot_handler
                0x000000001c005120      0x86a /module/examples/other/wifi-img-streamer/BUILD/GAP8_V2/GCC_RISCV_FREERTOS//gap_sdk/rtos/freeRTOS/vendors/gwt/gap8/pmsis/drivers/udma/spi/spi_internal.o
                0x000000001c005120                spim_eot_handler
 .text.spim_tx_handler
                0x000000001c00598a       0x3e /module/examples/other/wifi-img-streamer/BUILD/GAP8_V2/GCC_RISCV_FREERTOS//gap_sdk/rtos/freeRTOS/vendors/gwt/gap8/pmsis/drivers/udma/spi/spi_internal.o
                0x000000001c00598a                spim_tx_handler
 .text.spim_rx_handler
                0x000000001c0059c8       0x3a /module/examples/other/wifi-img-streamer/BUILD/GAP8_V2/GCC_RISCV_FREERTOS//gap_sdk/rtos/freeRTOS/vendors/gwt/gap8/pmsis/drivers/udma/spi/spi_internal.o
                0x000000001c0059c8                spim_rx_handler
 .text.pi_uart_conf_init
                0x000000001c005a02        0x2 /module/examples/other/wifi-img-streamer/BUILD/GAP8_V2/GCC_RISCV_FREERTOS//gap_sdk/rtos/freeRTOS/vendors/gwt/gap8/pmsis/drivers/udma/uart/uart.o
                0x000000001c005a02                pi_uart_conf_init
 .text.pi_uart_open
                0x000000001c005a04        0x6 /module/examples/other/wifi-img-streamer/BUILD/GAP8_V2/GCC_RISCV_FREERTOS//gap_sdk/rtos/freeRTOS/vendors/gwt/gap8/pmsis/drivers/udma/uart/uart.o
                0x000000001c005a04                pi_uart_open
 .text.pi_uart_close
                0x000000001c005a0a       0x1e /module/examples/other/wifi-img-streamer/BUILD/GAP8_V2/GCC_RISCV_FREERTOS//gap_sdk/rtos/freeRTOS/vendors/gwt/gap8/pmsis/drivers/udma/uart/uart.o
                0x000000001c005a0a                pi_uart_close
 .text.pi_uart_write
                0x000000001c005a28       0x4c /module/examples/other/wifi-img-streamer/BUILD/GAP8_V2/GCC_RISCV_FREERTOS//gap_sdk/rtos/freeRTOS/vendors/gwt/gap8/pmsis/drivers/udma/uart/uart.o
                0x000000001c005a28                pi_uart_write
 .text.__pi_uart_freq_cb
                0x000000001c005a74       0xa6 /module/examples/other/wifi-img-streamer/BUILD/GAP8_V2/GCC_RISCV_FREERTOS//gap_sdk/rtos/freeRTOS/vendors/gwt/gap8/pmsis/drivers/udma/uart/uart_internal.o
 .text.__pi_uart_handler
                0x000000001c005b1a       0xc0 /module/examples/other/wifi-img-streamer/BUILD/GAP8_V2/GCC_RISCV_FREERTOS//gap_sdk/rtos/freeRTOS/vendors/gwt/gap8/pmsis/drivers/udma/uart/uart_internal.o
 .text.__pi_uart_conf_init
                0x000000001c005bda       0x18 /module/examples/other/wifi-img-streamer/BUILD/GAP8_V2/GCC_RISCV_FREERTOS//gap_sdk/rtos/freeRTOS/vendors/gwt/gap8/pmsis/drivers/udma/uart/uart_internal.o
                0x000000001c005bda                __pi_uart_conf_init
 .text.__pi_uart_open
                0x000000001c005bf2      0x1ee /module/examples/other/wifi-img-streamer/BUILD/GAP8_V2/GCC_RISCV_FREERTOS//gap_sdk/rtos/freeRTOS/vendors/gwt/gap8/pmsis/drivers/udma/uart/uart_internal.o
                0x000000001c005bf2                __pi_uart_open
 .text.__pi_uart_close
                0x000000001c005de0      0x142 /module/examples/other/wifi-img-streamer/BUILD/GAP8_V2/GCC_RISCV_FREERTOS//gap_sdk/rtos/freeRTOS/vendors/gwt/gap8/pmsis/drivers/udma/uart/uart_internal.o
                0x000000001c005de0                __pi_uart_close
 .text.__pi_uart_copy
                0x000000001c005f22       0xb0 /module/examples/other/wifi-img-streamer/BUILD/GAP8_V2/GCC_RISCV_FREERTOS//gap_sdk/rtos/freeRTOS/vendors/gwt/gap8/pmsis/drivers/udma/uart/uart_internal.o
                0x000000001c005f22                __pi_uart_copy
 .text.semihost_exit
                0x000000001c005fd2       0x12 /module/examples/other/wifi-img-streamer/BUILD/GAP8_V2/GCC_RISCV_FREERTOS//gap_sdk/rtos/pmsis/pmsis_bsp/fs/host_fs/semihost.o
                0x000000001c005fd2                semihost_exit
 .text.pi_bsp_init
                0x000000001c005fe4       0x3c /module/examples/other/wifi-img-streamer/BUILD/GAP8_V2/GCC_RISCV_FREERTOS//gap_sdk/rtos/pmsis/pmsis_bsp/bsp/ai_deck.o
                0x000000001c005fe4                pi_bsp_init
 .text.pi_log_default_vprintf
                0x000000001c006020        0x4 /module/examples/other/wifi-img-streamer/BUILD/GAP8_V2/GCC_RISCV_FREERTOS//gap_sdk/rtos/freeRTOS/vendors/gwt/pmsis/rtos/pi_log.o
 .text.pmsis_event_push
                0x000000001c006024       0x4e /module/examples/other/wifi-img-streamer/BUILD/GAP8_V2/GCC_RISCV_FREERTOS//gap_sdk/rtos/freeRTOS/vendors/gwt/pmsis/rtos/event_kernel/event_kernel.o
                0x000000001c006024                pmsis_event_push
 .text.pmsis_event_kernel_init
                0x000000001c006072       0x78 /module/examples/other/wifi-img-streamer/BUILD/GAP8_V2/GCC_RISCV_FREERTOS//gap_sdk/rtos/freeRTOS/vendors/gwt/pmsis/rtos/event_kernel/event_kernel.o
                0x000000001c006072                pmsis_event_kernel_init
 .text.pmsis_event_kernel_main
                0x000000001c0060ea       0xa2 /module/examples/other/wifi-img-streamer/BUILD/GAP8_V2/GCC_RISCV_FREERTOS//gap_sdk/rtos/freeRTOS/vendors/gwt/pmsis/rtos/event_kernel/event_kernel.o
                0x000000001c0060ea                pmsis_event_kernel_main
 .text.pmsis_event_get_default_scheduler
                0x000000001c00618c        0xa /module/examples/other/wifi-img-streamer/BUILD/GAP8_V2/GCC_RISCV_FREERTOS//gap_sdk/rtos/freeRTOS/vendors/gwt/pmsis/rtos/event_kernel/event_kernel.o
                0x000000001c00618c                pmsis_event_get_default_scheduler
 .text.pmsis_event_set_default_scheduler
                0x000000001c006196        0xa /module/examples/other/wifi-img-streamer/BUILD/GAP8_V2/GCC_RISCV_FREERTOS//gap_sdk/rtos/freeRTOS/vendors/gwt/pmsis/rtos/event_kernel/event_kernel.o
                0x000000001c006196                pmsis_event_set_default_scheduler
 .text.pi_cl_l1_free
                0x000000001c0061a0       0x20 /module/examples/other/wifi-img-streamer/BUILD/GAP8_V2/GCC_RISCV_FREERTOS//gap_sdk/rtos/freeRTOS/vendors/gwt/pmsis/rtos/malloc/cl_l1_malloc.o
                0x000000001c0061a0                pi_cl_l1_free
 .text.pi_fc_l1_malloc
                0x000000001c0061c0       0x22 /module/examples/other/wifi-img-streamer/BUILD/GAP8_V2/GCC_RISCV_FREERTOS//gap_sdk/rtos/freeRTOS/vendors/gwt/pmsis/rtos/malloc/fc_l1_malloc.o
                0x000000001c0061c0                pi_fc_l1_malloc
 .text.pi_fc_l1_free
                0x000000001c0061e2       0x24 /module/examples/other/wifi-img-streamer/BUILD/GAP8_V2/GCC_RISCV_FREERTOS//gap_sdk/rtos/freeRTOS/vendors/gwt/pmsis/rtos/malloc/fc_l1_malloc.o
                0x000000001c0061e2                pi_fc_l1_free
 .text.pi_fc_l1_malloc_init
                0x000000001c006206       0x20 /module/examples/other/wifi-img-streamer/BUILD/GAP8_V2/GCC_RISCV_FREERTOS//gap_sdk/rtos/freeRTOS/vendors/gwt/pmsis/rtos/malloc/fc_l1_malloc.o
                0x000000001c006206                pi_fc_l1_malloc_init
 .text.pi_l2_malloc
                0x000000001c006226       0x5a /module/examples/other/wifi-img-streamer/BUILD/GAP8_V2/GCC_RISCV_FREERTOS//gap_sdk/rtos/freeRTOS/vendors/gwt/pmsis/rtos/malloc/l2_malloc.o
                0x000000001c006226                pi_l2_malloc
 .text.pi_l2_free
                0x000000001c006280       0x3a /module/examples/other/wifi-img-streamer/BUILD/GAP8_V2/GCC_RISCV_FREERTOS//gap_sdk/rtos/freeRTOS/vendors/gwt/pmsis/rtos/malloc/l2_malloc.o
                0x000000001c006280                pi_l2_free
 .text.pi_l2_malloc_init
                0x000000001c0062ba       0x20 /module/examples/other/wifi-img-streamer/BUILD/GAP8_V2/GCC_RISCV_FREERTOS//gap_sdk/rtos/freeRTOS/vendors/gwt/pmsis/rtos/malloc/l2_malloc.o
                0x000000001c0062ba                pi_l2_malloc_init
 .text.__malloc_init
                0x000000001c0062da       0x20 /module/examples/other/wifi-img-streamer/BUILD/GAP8_V2/GCC_RISCV_FREERTOS//gap_sdk/rtos/freeRTOS/vendors/gwt/pmsis/rtos/malloc/malloc_internal.o
                0x000000001c0062da                __malloc_init
 .text.__malloc
                0x000000001c0062fa       0x4a /module/examples/other/wifi-img-streamer/BUILD/GAP8_V2/GCC_RISCV_FREERTOS//gap_sdk/rtos/freeRTOS/vendors/gwt/pmsis/rtos/malloc/malloc_internal.o
                0x000000001c0062fa                __malloc
 .text.__malloc_free
                0x000000001c006344       0x5c /module/examples/other/wifi-img-streamer/BUILD/GAP8_V2/GCC_RISCV_FREERTOS//gap_sdk/rtos/freeRTOS/vendors/gwt/pmsis/rtos/malloc/malloc_internal.o
                0x000000001c006344                __malloc_free
 .text.pi_malloc_init
                0x000000001c0063a0       0x1c /module/examples/other/wifi-img-streamer/BUILD/GAP8_V2/GCC_RISCV_FREERTOS//gap_sdk/rtos/freeRTOS/vendors/gwt/pmsis/rtos/malloc/pi_malloc.o
                0x000000001c0063a0                pi_malloc_init
 .text.pi_malloc
                0x000000001c0063bc       0x2c /module/examples/other/wifi-img-streamer/BUILD/GAP8_V2/GCC_RISCV_FREERTOS//gap_sdk/rtos/freeRTOS/vendors/gwt/pmsis/rtos/malloc/pi_malloc.o
                0x000000001c0063bc                pi_malloc
 .text.pi_free  0x000000001c0063e8       0x1c /module/examples/other/wifi-img-streamer/BUILD/GAP8_V2/GCC_RISCV_FREERTOS//gap_sdk/rtos/freeRTOS/vendors/gwt/pmsis/rtos/malloc/pi_malloc.o
                0x000000001c0063e8                pi_free
 .text.pi_open_from_conf
                0x000000001c006404        0x4 /module/examples/other/wifi-img-streamer/BUILD/GAP8_V2/GCC_RISCV_FREERTOS//gap_sdk/rtos/freeRTOS/vendors/gwt/pmsis/rtos/os/device.o
                0x000000001c006404                pi_open_from_conf
 .text.__pi_task_block
                0x000000001c006408       0x36 /module/examples/other/wifi-img-streamer/BUILD/GAP8_V2/GCC_RISCV_FREERTOS//gap_sdk/rtos/freeRTOS/vendors/gwt/pmsis/rtos/os/pmsis_task.o
                0x000000001c006408                __pi_task_block
 .text.__pi_task_callback
                0x000000001c00643e       0x24 /module/examples/other/wifi-img-streamer/BUILD/GAP8_V2/GCC_RISCV_FREERTOS//gap_sdk/rtos/freeRTOS/vendors/gwt/pmsis/rtos/os/pmsis_task.o
                0x000000001c00643e                __pi_task_callback
 .text.__pi_task_destroy
                0x000000001c006462       0x10 /module/examples/other/wifi-img-streamer/BUILD/GAP8_V2/GCC_RISCV_FREERTOS//gap_sdk/rtos/freeRTOS/vendors/gwt/pmsis/rtos/os/pmsis_task.o
                0x000000001c006462                __pi_task_destroy
 .text.__pi_task_wait_on
                0x000000001c006472       0x42 /module/examples/other/wifi-img-streamer/BUILD/GAP8_V2/GCC_RISCV_FREERTOS//gap_sdk/rtos/freeRTOS/vendors/gwt/pmsis/rtos/os/pmsis_task.o
                0x000000001c006472                __pi_task_wait_on
 .text.__pi_task_push
                0x000000001c0064b4       0x24 /module/examples/other/wifi-img-streamer/BUILD/GAP8_V2/GCC_RISCV_FREERTOS//gap_sdk/rtos/freeRTOS/vendors/gwt/pmsis/rtos/os/pmsis_task.o
                0x000000001c0064b4                __pi_task_push
 .text.pi_task_release
                0x000000001c0064d8       0x4e /module/examples/other/wifi-img-streamer/BUILD/GAP8_V2/GCC_RISCV_FREERTOS//gap_sdk/rtos/freeRTOS/vendors/gwt/pmsis/rtos/os/pmsis_task.o
                0x000000001c0064d8                pi_task_release
 .text.pi_cl_pi_task_wait
                0x000000001c006526       0x28 /module/examples/other/wifi-img-streamer/BUILD/GAP8_V2/GCC_RISCV_FREERTOS//gap_sdk/rtos/freeRTOS/vendors/gwt/pmsis/rtos/os/pmsis_task.o
                0x000000001c006526                pi_cl_pi_task_wait
 .text.__os_native_kickoff
                0x000000001c00654e       0x9a /module/examples/other/wifi-img-streamer/BUILD/GAP8_V2/GCC_RISCV_FREERTOS//gap_sdk/rtos/freeRTOS/vendors/gwt/pmsis/backend/pmsis_backend_native_task_api.o
                0x000000001c00654e                __os_native_kickoff
 .text.pi_task_delayed_increment_push
                0x000000001c0065e8       0x6c /module/examples/other/wifi-img-streamer/BUILD/GAP8_V2/GCC_RISCV_FREERTOS//gap_sdk/rtos/freeRTOS/vendors/gwt/pmsis/backend/pmsis_backend_native_task_api.o
                0x000000001c0065e8                pi_task_delayed_increment_push
 .text.pxPortInitialiseStack
                0x000000001c006654       0x38 /module/examples/other/wifi-img-streamer/BUILD/GAP8_V2/GCC_RISCV_FREERTOS//gap_sdk/rtos/freeRTOS/freertos_kernel/portable/GCC/RI5CY-GAP8/port.o
                0x000000001c006654                pxPortInitialiseStack
 .text.prvSetupTimerInterrupt
                0x000000001c00668c        0x8 /module/examples/other/wifi-img-streamer/BUILD/GAP8_V2/GCC_RISCV_FREERTOS//gap_sdk/rtos/freeRTOS/freertos_kernel/portable/GCC/RI5CY-GAP8/port.o
                0x000000001c00668c                prvSetupTimerInterrupt
 .text.vPortEnter_Critical
                0x000000001c006694       0x14 /module/examples/other/wifi-img-streamer/BUILD/GAP8_V2/GCC_RISCV_FREERTOS//gap_sdk/rtos/freeRTOS/freertos_kernel/portable/GCC/RI5CY-GAP8/port.o
                0x000000001c006694                vPortEnter_Critical
 .text.vPortExit_Critical
                0x000000001c0066a8       0x1c /module/examples/other/wifi-img-streamer/BUILD/GAP8_V2/GCC_RISCV_FREERTOS//gap_sdk/rtos/freeRTOS/freertos_kernel/portable/GCC/RI5CY-GAP8/port.o
                0x000000001c0066a8                vPortExit_Critical
 .text.uPortSet_Interrupt_Mask_From_ISR
                0x000000001c0066c4        0x6 /module/examples/other/wifi-img-streamer/BUILD/GAP8_V2/GCC_RISCV_FREERTOS//gap_sdk/rtos/freeRTOS/freertos_kernel/portable/GCC/RI5CY-GAP8/port.o
                0x000000001c0066c4                uPortSet_Interrupt_Mask_From_ISR
 .text.vPortClear_Interrupt_Mask_From_ISR
                0x000000001c0066ca        0x6 /module/examples/other/wifi-img-streamer/BUILD/GAP8_V2/GCC_RISCV_FREERTOS//gap_sdk/rtos/freeRTOS/freertos_kernel/portable/GCC/RI5CY-GAP8/port.o
                0x000000001c0066ca                vPortClear_Interrupt_Mask_From_ISR
 .text._out_buffer
                0x000000001c0066d0        0xa /module/examples/other/wifi-img-streamer/BUILD/GAP8_V2/GCC_RISCV_FREERTOS//gap_sdk/rtos/freeRTOS/vendors/gwt/libs/printf/printf.o
 .text._out_null
                0x000000001c0066da        0x2 /module/examples/other/wifi-img-streamer/BUILD/GAP8_V2/GCC_RISCV_FREERTOS//gap_sdk/rtos/freeRTOS/vendors/gwt/libs/printf/printf.o
 .text._out_char
                0x000000001c0066dc        0x8 /module/examples/other/wifi-img-streamer/BUILD/GAP8_V2/GCC_RISCV_FREERTOS//gap_sdk/rtos/freeRTOS/vendors/gwt/libs/printf/printf.o
 .text._ntoa_long
                0x000000001c0066e4      0x34c /module/examples/other/wifi-img-streamer/BUILD/GAP8_V2/GCC_RISCV_FREERTOS//gap_sdk/rtos/freeRTOS/vendors/gwt/libs/printf/printf.o
 .text._etoa    0x000000001c006a30      0x68e /module/examples/other/wifi-img-streamer/BUILD/GAP8_V2/GCC_RISCV_FREERTOS//gap_sdk/rtos/freeRTOS/vendors/gwt/libs/printf/printf.o
 .text._ftoa.part.1
                0x000000001c0070be      0x53a /module/examples/other/wifi-img-streamer/BUILD/GAP8_V2/GCC_RISCV_FREERTOS//gap_sdk/rtos/freeRTOS/vendors/gwt/libs/printf/printf.o
 .text._vsnprintf
                0x000000001c0075f8      0x7dc /module/examples/other/wifi-img-streamer/BUILD/GAP8_V2/GCC_RISCV_FREERTOS//gap_sdk/rtos/freeRTOS/vendors/gwt/libs/printf/printf.o
 .text.printf_  0x000000001c007dd4       0x32 /module/examples/other/wifi-img-streamer/BUILD/GAP8_V2/GCC_RISCV_FREERTOS//gap_sdk/rtos/freeRTOS/vendors/gwt/libs/printf/printf.o
                0x000000001c007dd4                printf_
 .text.vprintf_
                0x000000001c007e06       0x1e /module/examples/other/wifi-img-streamer/BUILD/GAP8_V2/GCC_RISCV_FREERTOS//gap_sdk/rtos/freeRTOS/vendors/gwt/libs/printf/printf.o
                0x000000001c007e06                vprintf_
 .text.vsnprintf_
                0x000000001c007e24       0x14 /module/examples/other/wifi-img-streamer/BUILD/GAP8_V2/GCC_RISCV_FREERTOS//gap_sdk/rtos/freeRTOS/vendors/gwt/libs/printf/printf.o
                0x000000001c007e24                vsnprintf_
 .text.vListInitialise
                0x000000001c007e38       0x14 /module/examples/other/wifi-img-streamer/BUILD/GAP8_V2/GCC_RISCV_FREERTOS//gap_sdk/rtos/freeRTOS/freertos_kernel/list.o
                0x000000001c007e38                vListInitialise
 .text.vListInitialiseItem
                0x000000001c007e4c        0x6 /module/examples/other/wifi-img-streamer/BUILD/GAP8_V2/GCC_RISCV_FREERTOS//gap_sdk/rtos/freeRTOS/freertos_kernel/list.o
                0x000000001c007e4c                vListInitialiseItem
 .text.vListInsertEnd
                0x000000001c007e52       0x18 /module/examples/other/wifi-img-streamer/BUILD/GAP8_V2/GCC_RISCV_FREERTOS//gap_sdk/rtos/freeRTOS/freertos_kernel/list.o
                0x000000001c007e52                vListInsertEnd
 .text.vListInsert
                0x000000001c007e6a       0x2e /module/examples/other/wifi-img-streamer/BUILD/GAP8_V2/GCC_RISCV_FREERTOS//gap_sdk/rtos/freeRTOS/freertos_kernel/list.o
                0x000000001c007e6a                vListInsert
 .text.uxListRemove
                0x000000001c007e98       0x22 /module/examples/other/wifi-img-streamer/BUILD/GAP8_V2/GCC_RISCV_FREERTOS//gap_sdk/rtos/freeRTOS/freertos_kernel/list.o
                0x000000001c007e98                uxListRemove
 .text.xQueueGenericCreateStatic
                0x000000001c007eba       0x6a /module/examples/other/wifi-img-streamer/BUILD/GAP8_V2/GCC_RISCV_FREERTOS//gap_sdk/rtos/freeRTOS/freertos_kernel/queue.o
                0x000000001c007eba                xQueueGenericCreateStatic
 .text.xQueueGenericCreate
                0x000000001c007f24       0x7c /module/examples/other/wifi-img-streamer/BUILD/GAP8_V2/GCC_RISCV_FREERTOS//gap_sdk/rtos/freeRTOS/freertos_kernel/queue.o
                0x000000001c007f24                xQueueGenericCreate
 .text.xQueueGenericSend
                0x000000001c007fa0      0x35e /module/examples/other/wifi-img-streamer/BUILD/GAP8_V2/GCC_RISCV_FREERTOS//gap_sdk/rtos/freeRTOS/freertos_kernel/queue.o
                0x000000001c007fa0                xQueueGenericSend
 .text.xQueueCreateMutex
                0x000000001c0082fe       0x80 /module/examples/other/wifi-img-streamer/BUILD/GAP8_V2/GCC_RISCV_FREERTOS//gap_sdk/rtos/freeRTOS/freertos_kernel/queue.o
                0x000000001c0082fe                xQueueCreateMutex
 .text.xQueueGenericSendFromISR
                0x000000001c00837e      0x108 /module/examples/other/wifi-img-streamer/BUILD/GAP8_V2/GCC_RISCV_FREERTOS//gap_sdk/rtos/freeRTOS/freertos_kernel/queue.o
                0x000000001c00837e                xQueueGenericSendFromISR
 .text.xQueueReceive
                0x000000001c008486      0x2b6 /module/examples/other/wifi-img-streamer/BUILD/GAP8_V2/GCC_RISCV_FREERTOS//gap_sdk/rtos/freeRTOS/freertos_kernel/queue.o
                0x000000001c008486                xQueueReceive
 .text.xQueueSemaphoreTake
                0x000000001c00873c      0x2ea /module/examples/other/wifi-img-streamer/BUILD/GAP8_V2/GCC_RISCV_FREERTOS//gap_sdk/rtos/freeRTOS/freertos_kernel/queue.o
                0x000000001c00873c                xQueueSemaphoreTake
 .text.uxQueueMessagesWaiting
                0x000000001c008a26       0x1c /module/examples/other/wifi-img-streamer/BUILD/GAP8_V2/GCC_RISCV_FREERTOS//gap_sdk/rtos/freeRTOS/freertos_kernel/queue.o
                0x000000001c008a26                uxQueueMessagesWaiting
 .text.vQueueAddToRegistry
                0x000000001c008a42       0x58 /module/examples/other/wifi-img-streamer/BUILD/GAP8_V2/GCC_RISCV_FREERTOS//gap_sdk/rtos/freeRTOS/freertos_kernel/queue.o
                0x000000001c008a42                vQueueAddToRegistry
 .text.vQueueWaitForMessageRestricted
                0x000000001c008a9a       0xea /module/examples/other/wifi-img-streamer/BUILD/GAP8_V2/GCC_RISCV_FREERTOS//gap_sdk/rtos/freeRTOS/freertos_kernel/queue.o
                0x000000001c008a9a                vQueueWaitForMessageRestricted
 .text.prvAddNewTaskToReadyList
                0x000000001c008b84      0x15c /module/examples/other/wifi-img-streamer/BUILD/GAP8_V2/GCC_RISCV_FREERTOS//gap_sdk/rtos/freeRTOS/freertos_kernel/tasks.o
 .text.prvIdleTask
                0x000000001c008ce0       0x90 /module/examples/other/wifi-img-streamer/BUILD/GAP8_V2/GCC_RISCV_FREERTOS//gap_sdk/rtos/freeRTOS/freertos_kernel/tasks.o
 .text.xTaskIncrementTick.part.6
                0x000000001c008d70      0x168 /module/examples/other/wifi-img-streamer/BUILD/GAP8_V2/GCC_RISCV_FREERTOS//gap_sdk/rtos/freeRTOS/freertos_kernel/tasks.o
 .text.xTaskCreateStatic
                0x000000001c008ed8      0x17e /module/examples/other/wifi-img-streamer/BUILD/GAP8_V2/GCC_RISCV_FREERTOS//gap_sdk/rtos/freeRTOS/freertos_kernel/tasks.o
                0x000000001c008ed8                xTaskCreateStatic
 .text.xTaskCreate
                0x000000001c009056      0x1a2 /module/examples/other/wifi-img-streamer/BUILD/GAP8_V2/GCC_RISCV_FREERTOS//gap_sdk/rtos/freeRTOS/freertos_kernel/tasks.o
                0x000000001c009056                xTaskCreate
 .text.vTaskStartScheduler
                0x000000001c0091f8       0xec /module/examples/other/wifi-img-streamer/BUILD/GAP8_V2/GCC_RISCV_FREERTOS//gap_sdk/rtos/freeRTOS/freertos_kernel/tasks.o
                0x000000001c0091f8                vTaskStartScheduler
 .text.vTaskSuspendAll
                0x000000001c0092e4       0x10 /module/examples/other/wifi-img-streamer/BUILD/GAP8_V2/GCC_RISCV_FREERTOS//gap_sdk/rtos/freeRTOS/freertos_kernel/tasks.o
                0x000000001c0092e4                vTaskSuspendAll
 .text.xTaskResumeAll
                0x000000001c0092f4      0x13e /module/examples/other/wifi-img-streamer/BUILD/GAP8_V2/GCC_RISCV_FREERTOS//gap_sdk/rtos/freeRTOS/freertos_kernel/tasks.o
                0x000000001c0092f4                xTaskResumeAll
 .text.vTaskDelay
                0x000000001c009432       0x9c /module/examples/other/wifi-img-streamer/BUILD/GAP8_V2/GCC_RISCV_FREERTOS//gap_sdk/rtos/freeRTOS/freertos_kernel/tasks.o
                0x000000001c009432                vTaskDelay
 .text.xTaskGetTickCount
                0x000000001c0094ce        0xa /module/examples/other/wifi-img-streamer/BUILD/GAP8_V2/GCC_RISCV_FREERTOS//gap_sdk/rtos/freeRTOS/freertos_kernel/tasks.o
                0x000000001c0094ce                xTaskGetTickCount
 .text.xTaskIncrementTick
                0x000000001c0094d8       0x20 /module/examples/other/wifi-img-streamer/BUILD/GAP8_V2/GCC_RISCV_FREERTOS//gap_sdk/rtos/freeRTOS/freertos_kernel/tasks.o
                0x000000001c0094d8                xTaskIncrementTick
 .text.vTaskSwitchContext
                0x000000001c0094f8       0xb2 /module/examples/other/wifi-img-streamer/BUILD/GAP8_V2/GCC_RISCV_FREERTOS//gap_sdk/rtos/freeRTOS/freertos_kernel/tasks.o
                0x000000001c0094f8                vTaskSwitchContext
 .text.vTaskPlaceOnEventList
                0x000000001c0095aa       0x9c /module/examples/other/wifi-img-streamer/BUILD/GAP8_V2/GCC_RISCV_FREERTOS//gap_sdk/rtos/freeRTOS/freertos_kernel/tasks.o
                0x000000001c0095aa                vTaskPlaceOnEventList
 .text.vTaskPlaceOnUnorderedEventList
                0x000000001c009646       0xac /module/examples/other/wifi-img-streamer/BUILD/GAP8_V2/GCC_RISCV_FREERTOS//gap_sdk/rtos/freeRTOS/freertos_kernel/tasks.o
                0x000000001c009646                vTaskPlaceOnUnorderedEventList
 .text.vTaskPlaceOnEventListRestricted
                0x000000001c0096f2       0xaa /module/examples/other/wifi-img-streamer/BUILD/GAP8_V2/GCC_RISCV_FREERTOS//gap_sdk/rtos/freeRTOS/freertos_kernel/tasks.o
                0x000000001c0096f2                vTaskPlaceOnEventListRestricted
 .text.xTaskRemoveFromEventList
                0x000000001c00979c       0x8e /module/examples/other/wifi-img-streamer/BUILD/GAP8_V2/GCC_RISCV_FREERTOS//gap_sdk/rtos/freeRTOS/freertos_kernel/tasks.o
                0x000000001c00979c                xTaskRemoveFromEventList
 .text.vTaskRemoveFromUnorderedEventList
                0x000000001c00982a       0x74 /module/examples/other/wifi-img-streamer/BUILD/GAP8_V2/GCC_RISCV_FREERTOS//gap_sdk/rtos/freeRTOS/freertos_kernel/tasks.o
                0x000000001c00982a                vTaskRemoveFromUnorderedEventList
 .text.vTaskInternalSetTimeOutState
                0x000000001c00989e       0x16 /module/examples/other/wifi-img-streamer/BUILD/GAP8_V2/GCC_RISCV_FREERTOS//gap_sdk/rtos/freeRTOS/freertos_kernel/tasks.o
                0x000000001c00989e                vTaskInternalSetTimeOutState
 .text.xTaskCheckForTimeOut
                0x000000001c0098b4       0x84 /module/examples/other/wifi-img-streamer/BUILD/GAP8_V2/GCC_RISCV_FREERTOS//gap_sdk/rtos/freeRTOS/freertos_kernel/tasks.o
                0x000000001c0098b4                xTaskCheckForTimeOut
 .text.vTaskMissedYield
                0x000000001c009938        0xc /module/examples/other/wifi-img-streamer/BUILD/GAP8_V2/GCC_RISCV_FREERTOS//gap_sdk/rtos/freeRTOS/freertos_kernel/tasks.o
                0x000000001c009938                vTaskMissedYield
 .text.xTaskGetCurrentTaskHandle
                0x000000001c009944        0xa /module/examples/other/wifi-img-streamer/BUILD/GAP8_V2/GCC_RISCV_FREERTOS//gap_sdk/rtos/freeRTOS/freertos_kernel/tasks.o
                0x000000001c009944                xTaskGetCurrentTaskHandle
 .text.xTaskGetSchedulerState
                0x000000001c00994e       0x1c /module/examples/other/wifi-img-streamer/BUILD/GAP8_V2/GCC_RISCV_FREERTOS//gap_sdk/rtos/freeRTOS/freertos_kernel/tasks.o
                0x000000001c00994e                xTaskGetSchedulerState
 .text.xTaskPriorityInherit
                0x000000001c00996a       0xb0 /module/examples/other/wifi-img-streamer/BUILD/GAP8_V2/GCC_RISCV_FREERTOS//gap_sdk/rtos/freeRTOS/freertos_kernel/tasks.o
                0x000000001c00996a                xTaskPriorityInherit
 .text.xTaskPriorityDisinherit
                0x000000001c009a1a       0x70 /module/examples/other/wifi-img-streamer/BUILD/GAP8_V2/GCC_RISCV_FREERTOS//gap_sdk/rtos/freeRTOS/freertos_kernel/tasks.o
                0x000000001c009a1a                xTaskPriorityDisinherit
 .text.vTaskPriorityDisinheritAfterTimeout
                0x000000001c009a8a       0x94 /module/examples/other/wifi-img-streamer/BUILD/GAP8_V2/GCC_RISCV_FREERTOS//gap_sdk/rtos/freeRTOS/freertos_kernel/tasks.o
                0x000000001c009a8a                vTaskPriorityDisinheritAfterTimeout
 .text.uxTaskResetEventItemValue
                0x000000001c009b1e       0x1a /module/examples/other/wifi-img-streamer/BUILD/GAP8_V2/GCC_RISCV_FREERTOS//gap_sdk/rtos/freeRTOS/freertos_kernel/tasks.o
                0x000000001c009b1e                uxTaskResetEventItemValue
 .text.pvTaskIncrementMutexHeldCount
                0x000000001c009b38       0x18 /module/examples/other/wifi-img-streamer/BUILD/GAP8_V2/GCC_RISCV_FREERTOS//gap_sdk/rtos/freeRTOS/freertos_kernel/tasks.o
                0x000000001c009b38                pvTaskIncrementMutexHeldCount
 .text.ulTaskGenericNotifyTake
                0x000000001c009b50       0xf8 /module/examples/other/wifi-img-streamer/BUILD/GAP8_V2/GCC_RISCV_FREERTOS//gap_sdk/rtos/freeRTOS/freertos_kernel/tasks.o
                0x000000001c009b50                ulTaskGenericNotifyTake
 .text.vTaskGenericNotifyGiveFromISR
                0x000000001c009c48       0xc0 /module/examples/other/wifi-img-streamer/BUILD/GAP8_V2/GCC_RISCV_FREERTOS//gap_sdk/rtos/freeRTOS/freertos_kernel/tasks.o
                0x000000001c009c48                vTaskGenericNotifyGiveFromISR
 .text.prvTimerTask
                0x000000001c009d08      0x35e /module/examples/other/wifi-img-streamer/BUILD/GAP8_V2/GCC_RISCV_FREERTOS//gap_sdk/rtos/freeRTOS/freertos_kernel/timers.o
 .text.xTimerCreateTimerTask
                0x000000001c00a066       0xc2 /module/examples/other/wifi-img-streamer/BUILD/GAP8_V2/GCC_RISCV_FREERTOS//gap_sdk/rtos/freeRTOS/freertos_kernel/timers.o
                0x000000001c00a066                xTimerCreateTimerTask
 .text.xTimerPendFunctionCallFromISR
                0x000000001c00a128       0x28 /module/examples/other/wifi-img-streamer/BUILD/GAP8_V2/GCC_RISCV_FREERTOS//gap_sdk/rtos/freeRTOS/freertos_kernel/timers.o
                0x000000001c00a128                xTimerPendFunctionCallFromISR
 .text.xEventGroupCreate
                0x000000001c00a150       0x26 /module/examples/other/wifi-img-streamer/BUILD/GAP8_V2/GCC_RISCV_FREERTOS//gap_sdk/rtos/freeRTOS/freertos_kernel/event_groups.o
                0x000000001c00a150                xEventGroupCreate
 .text.xEventGroupWaitBits
                0x000000001c00a176       0xdc /module/examples/other/wifi-img-streamer/BUILD/GAP8_V2/GCC_RISCV_FREERTOS//gap_sdk/rtos/freeRTOS/freertos_kernel/event_groups.o
                0x000000001c00a176                xEventGroupWaitBits
 .text.xEventGroupSetBits
                0x000000001c00a252       0x9a /module/examples/other/wifi-img-streamer/BUILD/GAP8_V2/GCC_RISCV_FREERTOS//gap_sdk/rtos/freeRTOS/freertos_kernel/event_groups.o
                0x000000001c00a252                xEventGroupSetBits
 .text.vEventGroupSetBitsCallback
                0x000000001c00a2ec       0x96 /module/examples/other/wifi-img-streamer/BUILD/GAP8_V2/GCC_RISCV_FREERTOS//gap_sdk/rtos/freeRTOS/freertos_kernel/event_groups.o
                0x000000001c00a2ec                vEventGroupSetBitsCallback
 .text.vApplicationIdleHook
                0x000000001c00a382       0x16 /module/examples/other/wifi-img-streamer/BUILD/GAP8_V2/GCC_RISCV_FREERTOS//gap_sdk/rtos/freeRTOS/demos/gwt/config/gap8/FreeRTOS_util.o
                0x000000001c00a382                vApplicationIdleHook
 .text.vApplicationGetIdleTaskMemory
                0x000000001c00a398       0x18 /module/examples/other/wifi-img-streamer/BUILD/GAP8_V2/GCC_RISCV_FREERTOS//gap_sdk/rtos/freeRTOS/demos/gwt/config/gap8/FreeRTOS_util.o
                0x000000001c00a398                vApplicationGetIdleTaskMemory
 .text.vApplicationGetTimerTaskMemory
                0x000000001c00a3b0       0x1c /module/examples/other/wifi-img-streamer/BUILD/GAP8_V2/GCC_RISCV_FREERTOS//gap_sdk/rtos/freeRTOS/demos/gwt/config/gap8/FreeRTOS_util.o
                0x000000001c00a3b0                vApplicationGetTimerTaskMemory
                0x000000001c00a3cc                . = ALIGN (0x4)
                0x000000001c00a3cc                __cluster_text_start = .
 *(.cluster.text)
 *(.cluster.text.*)
                0x000000001c00a3cc                __cluster_text_end = .
                0x000000001c00a3cc                _etext = .
 *(.lit)
 *(.shdata)
                0x000000001c00a3cc                _endtext = .

.ctors          0x000000001c00a3cc        0x0
                0x000000001c00a3cc                . = ALIGN (0x4)
                0x000000001c00a3cc                __CTOR_LIST__ = .
 *crtbegin.o(.ctors)
 *crtbegin?.o(.ctors)
 *(EXCLUDE_FILE(*crtend.o *crtend?.o) .ctors)
 *(SORT(.ctors.*))
 *(.ctors)
                0x000000001c00a3cc                __CTOR_END__ = .

.dtors          0x000000001c00a3cc        0x0
                0x000000001c00a3cc                . = ALIGN (0x4)
                0x000000001c00a3cc                __DTOR_LIST__ = .
 *crtbegin.o(.dtors)
 *crtbegin?.o(.dtors)
 *(EXCLUDE_FILE(*crtend.o *crtend?.o) .dtors)
 *(SORT(.dtors.*))
 *(.dtors)
                0x000000001c00a3cc                __DTOR_END__ = .

.preinit_array  0x000000001c00a3cc        0x0
                [!provide]                        PROVIDE (__preinit_array_start, .)
 *(.preinit_array*)
                [!provide]                        PROVIDE (__preinit_array_end, .)

.init_array     0x000000001c00a3cc        0x0
                [!provide]                        PROVIDE (__init_array_start, .)
 *(SORT(.init_array.*))
 *(.init_array*)
                [!provide]                        PROVIDE (__init_array_end, .)

.fini_array     0x000000001c00a3cc        0x0
                [!provide]                        PROVIDE (__fini_array_start, .)
 *(SORT(.fini_array.*))
 *(.fini_array*)
                [!provide]                        PROVIDE (__fini_array_end, .)

.rodata         0x000000001c00a3d0      0x518
                0x000000001c00a3d0                . = ALIGN (0x4)
 *(.rodata)
 .rodata        0x000000001c00a3d0       0x3c /usr/lib/gap_riscv_toolchain/bin/../lib/gcc/riscv32-unknown-elf/7.1.1/rv32imcxgap8/ilp32/libgcc.a(divdf3.o)
 .rodata        0x000000001c00a40c       0x3c /usr/lib/gap_riscv_toolchain/bin/../lib/gcc/riscv32-unknown-elf/7.1.1/rv32imcxgap8/ilp32/libgcc.a(muldf3.o)
 *(.rodata.*)
 .rodata.task_main.str1.4
                0x000000001c00a448       0xe1 /module/examples/other/wifi-img-streamer/BUILD/GAP8_V2/GCC_RISCV_FREERTOS/wifi-img-streamer.o
 *fill*         0x000000001c00a529        0x3 
 .rodata.task_rw_uart.str1.4
                0x000000001c00a52c       0x9a /module/examples/other/wifi-img-streamer/BUILD/GAP8_V2/GCC_RISCV_FREERTOS/wifi-img-streamer.o
 *fill*         0x000000001c00a5c6        0x2 
 .rodata.com_init.str1.4
                0x000000001c00a5c8       0x35 /module/examples/other/wifi-img-streamer/BUILD/GAP8_V2/GCC_RISCV_FREERTOS/../../../lib/cpx/src/com.o
 *fill*         0x000000001c00a5fd        0x3 
 .rodata.cpxInit.str1.4
                0x000000001c00a600       0x2a /module/examples/other/wifi-img-streamer/BUILD/GAP8_V2/GCC_RISCV_FREERTOS/../../../lib/cpx/src/cpx.o
 *fill*         0x000000001c00a62a        0x2 
 .rodata.cpx_rx_task.str1.4
                0x000000001c00a62c       0x20 /module/examples/other/wifi-img-streamer/BUILD/GAP8_V2/GCC_RISCV_FREERTOS/../../../lib/cpx/src/cpx.o
 .rodata.__func__.10744
                0x000000001c00a64c        0xd /module/examples/other/wifi-img-streamer/BUILD/GAP8_V2/GCC_RISCV_FREERTOS//gap_sdk/rtos/freeRTOS/vendors/gwt/gap8/src/device/gap8_it.o
 *fill*         0x000000001c00a659        0x3 
 .rodata.__func__.10748
                0x000000001c00a65c       0x10 /module/examples/other/wifi-img-streamer/BUILD/GAP8_V2/GCC_RISCV_FREERTOS//gap_sdk/rtos/freeRTOS/vendors/gwt/gap8/src/device/gap8_it.o
 .rodata._ill_insn_print.str1.4
                0x000000001c00a66c       0x3f /module/examples/other/wifi-img-streamer/BUILD/GAP8_V2/GCC_RISCV_FREERTOS//gap_sdk/rtos/freeRTOS/vendors/gwt/gap8/src/device/gap8_it.o
 *fill*         0x000000001c00a6ab        0x1 
 .rodata._isr_default.str1.4
                0x000000001c00a6ac       0x3e /module/examples/other/wifi-img-streamer/BUILD/GAP8_V2/GCC_RISCV_FREERTOS//gap_sdk/rtos/freeRTOS/vendors/gwt/gap8/src/device/gap8_it.o
 *fill*         0x000000001c00a6ea        0x2 
 .rodata.__func__.10989
                0x000000001c00a6ec        0xe /module/examples/other/wifi-img-streamer/BUILD/GAP8_V2/GCC_RISCV_FREERTOS//gap_sdk/rtos/freeRTOS/vendors/gwt/gap8/pmsis/drivers/udma/spi/spi_internal.o
 *fill*         0x000000001c00a6fa        0x2 
 .rodata.__pi_spi_open.str1.4
                0x000000001c00a6fc       0x61 /module/examples/other/wifi-img-streamer/BUILD/GAP8_V2/GCC_RISCV_FREERTOS//gap_sdk/rtos/freeRTOS/vendors/gwt/gap8/pmsis/drivers/udma/spi/spi_internal.o
 *fill*         0x000000001c00a75d        0x3 
 .rodata.pmsis_event_kernel_init.str1.4
                0x000000001c00a760       0x2a /module/examples/other/wifi-img-streamer/BUILD/GAP8_V2/GCC_RISCV_FREERTOS//gap_sdk/rtos/freeRTOS/vendors/gwt/pmsis/rtos/event_kernel/event_kernel.o
 *fill*         0x000000001c00a78a        0x2 
 .rodata.pi_l2_malloc.str1.4
                0x000000001c00a78c        0xf /module/examples/other/wifi-img-streamer/BUILD/GAP8_V2/GCC_RISCV_FREERTOS//gap_sdk/rtos/freeRTOS/vendors/gwt/pmsis/rtos/malloc/l2_malloc.o
 *fill*         0x000000001c00a79b        0x1 
 .rodata.__os_native_kickoff.str1.4
                0x000000001c00a79c       0x3c /module/examples/other/wifi-img-streamer/BUILD/GAP8_V2/GCC_RISCV_FREERTOS//gap_sdk/rtos/freeRTOS/vendors/gwt/pmsis/backend/pmsis_backend_native_task_api.o
 .rodata._etoa.cst8
                0x000000001c00a7d8       0x90 /module/examples/other/wifi-img-streamer/BUILD/GAP8_V2/GCC_RISCV_FREERTOS//gap_sdk/rtos/freeRTOS/vendors/gwt/libs/printf/printf.o
 .rodata._etoa.str1.4
                0x000000001c00a868       0x15 /module/examples/other/wifi-img-streamer/BUILD/GAP8_V2/GCC_RISCV_FREERTOS//gap_sdk/rtos/freeRTOS/vendors/gwt/libs/printf/printf.o
 *fill*         0x000000001c00a87d        0x3 
 .rodata._ftoa.part.1.cst8
                0x000000001c00a880        0x8 /module/examples/other/wifi-img-streamer/BUILD/GAP8_V2/GCC_RISCV_FREERTOS//gap_sdk/rtos/freeRTOS/vendors/gwt/libs/printf/printf.o
 .rodata.pow10.1787
                0x000000001c00a888       0x50 /module/examples/other/wifi-img-streamer/BUILD/GAP8_V2/GCC_RISCV_FREERTOS//gap_sdk/rtos/freeRTOS/vendors/gwt/libs/printf/printf.o
 .rodata.xTimerCreateTimerTask.str1.4
                0x000000001c00a8d8       0x10 /module/examples/other/wifi-img-streamer/BUILD/GAP8_V2/GCC_RISCV_FREERTOS//gap_sdk/rtos/freeRTOS/freertos_kernel/timers.o
 *(.srodata)
 *(.srodata.*)
 *(.eh_frame*)

.rela.dyn       0x000000001c00a8e8        0x0
 .rela.text.task_main
                0x000000001c00a8e8        0x0 /module/examples/other/wifi-img-streamer/BUILD/GAP8_V2/GCC_RISCV_FREERTOS/wifi-img-streamer.o
 .rela.text.task_rw_uart
                0x000000001c00a8e8        0x0 /module/examples/other/wifi-img-streamer/BUILD/GAP8_V2/GCC_RISCV_FREERTOS/wifi-img-streamer.o
 .rela.text.startup.main
                0x000000001c00a8e8        0x0 /module/examples/other/wifi-img-streamer/BUILD/GAP8_V2/GCC_RISCV_FREERTOS/wifi-img-streamer.o
 .rela.text.vDataReadyISR
                0x000000001c00a8e8        0x0 /module/examples/other/wifi-img-streamer/BUILD/GAP8_V2/GCC_RISCV_FREERTOS/wifi-img-streamer.o
 .rela.text.com_task
                0x000000001c00a8e8        0x0 /module/examples/other/wifi-img-streamer/BUILD/GAP8_V2/GCC_RISCV_FREERTOS/wifi-img-streamer.o
 .rela.text.set_gap8_rtt_pin
                0x000000001c00a8e8        0x0 /module/examples/other/wifi-img-streamer/BUILD/GAP8_V2/GCC_RISCV_FREERTOS/wifi-img-streamer.o
 .rela.text.com_init
                0x000000001c00a8e8        0x0 /module/examples/other/wifi-img-streamer/BUILD/GAP8_V2/GCC_RISCV_FREERTOS/wifi-img-streamer.o
 .rela.text.com_read
                0x000000001c00a8e8        0x0 /module/examples/other/wifi-img-streamer/BUILD/GAP8_V2/GCC_RISCV_FREERTOS/wifi-img-streamer.o
 .rela.text.com_write
                0x000000001c00a8e8        0x0 /module/examples/other/wifi-img-streamer/BUILD/GAP8_V2/GCC_RISCV_FREERTOS/wifi-img-streamer.o
 .rela.text.cpx_rx_task
                0x000000001c00a8e8        0x0 /module/examples/other/wifi-img-streamer/BUILD/GAP8_V2/GCC_RISCV_FREERTOS/wifi-img-streamer.o
 .rela.text.cpxEnableFunction
                0x000000001c00a8e8        0x0 /module/examples/other/wifi-img-streamer/BUILD/GAP8_V2/GCC_RISCV_FREERTOS/wifi-img-streamer.o
 .rela.text.cpxReceivePacketBlocking
                0x000000001c00a8e8        0x0 /module/examples/other/wifi-img-streamer/BUILD/GAP8_V2/GCC_RISCV_FREERTOS/wifi-img-streamer.o
 .rela.text.cpxSendPacketBlocking
                0x000000001c00a8e8        0x0 /module/examples/other/wifi-img-streamer/BUILD/GAP8_V2/GCC_RISCV_FREERTOS/wifi-img-streamer.o
 .rela.text.cpxPrintToConsole
                0x000000001c00a8e8        0x0 /module/examples/other/wifi-img-streamer/BUILD/GAP8_V2/GCC_RISCV_FREERTOS/wifi-img-streamer.o
 .rela.text.cpxInit
                0x000000001c00a8e8        0x0 /module/examples/other/wifi-img-streamer/BUILD/GAP8_V2/GCC_RISCV_FREERTOS/wifi-img-streamer.o
 .rela.text.jpeg_encoder_process_async
                0x000000001c00a8e8        0x0 /module/examples/other/wifi-img-streamer/BUILD/GAP8_V2/GCC_RISCV_FREERTOS/wifi-img-streamer.o
 .rela.text.jpeg_encoder_process
                0x000000001c00a8e8        0x0 /module/examples/other/wifi-img-streamer/BUILD/GAP8_V2/GCC_RISCV_FREERTOS/wifi-img-streamer.o
 .rela.text.jpeg_encoder_start
                0x000000001c00a8e8        0x0 /module/examples/other/wifi-img-streamer/BUILD/GAP8_V2/GCC_RISCV_FREERTOS/wifi-img-streamer.o
 .rela.text.jpeg_encoder_stop
                0x000000001c00a8e8        0x0 /module/examples/other/wifi-img-streamer/BUILD/GAP8_V2/GCC_RISCV_FREERTOS/wifi-img-streamer.o
 .rela.text.AppendBytes_cl
                0x000000001c00a8e8        0x0 /module/examples/other/wifi-img-streamer/BUILD/GAP8_V2/GCC_RISCV_FREERTOS/wifi-img-streamer.o
 .rela.text.__jpeg_encoder_process_pe_entry
                0x000000001c00a8e8        0x0 /module/examples/other/wifi-img-streamer/BUILD/GAP8_V2/GCC_RISCV_FREERTOS/wifi-img-streamer.o
 .rela.text.__jpeg_encoder_process_cl_entry
                0x000000001c00a8e8        0x0 /module/examples/other/wifi-img-streamer/BUILD/GAP8_V2/GCC_RISCV_FREERTOS/wifi-img-streamer.o
 .rela.text.__jpeg_encoder_process_cl
                0x000000001c00a8e8        0x0 /module/examples/other/wifi-img-streamer/BUILD/GAP8_V2/GCC_RISCV_FREERTOS/wifi-img-streamer.o
 .rela.text.__jpeg_encoder_start_cl
                0x000000001c00a8e8        0x0 /module/examples/other/wifi-img-streamer/BUILD/GAP8_V2/GCC_RISCV_FREERTOS/wifi-img-streamer.o
 .rela.text.__jpeg_encoder_stop_cl
                0x000000001c00a8e8        0x0 /module/examples/other/wifi-img-streamer/BUILD/GAP8_V2/GCC_RISCV_FREERTOS/wifi-img-streamer.o
 .rela.text     0x000000001c00a8e8        0x0 /module/examples/other/wifi-img-streamer/BUILD/GAP8_V2/GCC_RISCV_FREERTOS/wifi-img-streamer.o
 .rela.text.reset
                0x000000001c00a8e8        0x0 /module/examples/other/wifi-img-streamer/BUILD/GAP8_V2/GCC_RISCV_FREERTOS/wifi-img-streamer.o
 .rela.vectors_irq
                0x000000001c00a8e8        0x0 /module/examples/other/wifi-img-streamer/BUILD/GAP8_V2/GCC_RISCV_FREERTOS/wifi-img-streamer.o
 .rela.text.system_init
                0x000000001c00a8e8        0x0 /module/examples/other/wifi-img-streamer/BUILD/GAP8_V2/GCC_RISCV_FREERTOS/wifi-img-streamer.o
 .rela.text.system_setup_systick
                0x000000001c00a8e8        0x0 /module/examples/other/wifi-img-streamer/BUILD/GAP8_V2/GCC_RISCV_FREERTOS/wifi-img-streamer.o
 .rela.text.system_core_clock_update
                0x000000001c00a8e8        0x0 /module/examples/other/wifi-img-streamer/BUILD/GAP8_V2/GCC_RISCV_FREERTOS/wifi-img-streamer.o
 .rela.text.system_usermode_entry
                0x000000001c00a8e8        0x0 /module/examples/other/wifi-img-streamer/BUILD/GAP8_V2/GCC_RISCV_FREERTOS/wifi-img-streamer.o
 .rela.text.system_exit
                0x000000001c00a8e8        0x0 /module/examples/other/wifi-img-streamer/BUILD/GAP8_V2/GCC_RISCV_FREERTOS/wifi-img-streamer.o
 .rela.text.pi_log_write.constprop.0
                0x000000001c00a8e8        0x0 /module/examples/other/wifi-img-streamer/BUILD/GAP8_V2/GCC_RISCV_FREERTOS/wifi-img-streamer.o
 .rela.text._isr_default
                0x000000001c00a8e8        0x0 /module/examples/other/wifi-img-streamer/BUILD/GAP8_V2/GCC_RISCV_FREERTOS/wifi-img-streamer.o
 .rela.text.uTaskCheckQuantum
                0x000000001c00a8e8        0x0 /module/examples/other/wifi-img-streamer/BUILD/GAP8_V2/GCC_RISCV_FREERTOS/wifi-img-streamer.o
 .rela.text._ill_insn_print
                0x000000001c00a8e8        0x0 /module/examples/other/wifi-img-streamer/BUILD/GAP8_V2/GCC_RISCV_FREERTOS/wifi-img-streamer.o
 .rela.text.__uart_putc_cluster_req
                0x000000001c00a8e8        0x0 /module/examples/other/wifi-img-streamer/BUILD/GAP8_V2/GCC_RISCV_FREERTOS/wifi-img-streamer.o
 .rela.text.printf_uart_init
                0x000000001c00a8e8        0x0 /module/examples/other/wifi-img-streamer/BUILD/GAP8_V2/GCC_RISCV_FREERTOS/wifi-img-streamer.o
 .rela.text.__io_lock
                0x000000001c00a8e8        0x0 /module/examples/other/wifi-img-streamer/BUILD/GAP8_V2/GCC_RISCV_FREERTOS/wifi-img-streamer.o
 .rela.text.__io_unlock
                0x000000001c00a8e8        0x0 /module/examples/other/wifi-img-streamer/BUILD/GAP8_V2/GCC_RISCV_FREERTOS/wifi-img-streamer.o
 .rela.text._putchar
                0x000000001c00a8e8        0x0 /module/examples/other/wifi-img-streamer/BUILD/GAP8_V2/GCC_RISCV_FREERTOS/wifi-img-streamer.o
 .rela.text.puts
                0x000000001c00a8e8        0x0 /module/examples/other/wifi-img-streamer/BUILD/GAP8_V2/GCC_RISCV_FREERTOS/wifi-img-streamer.o
 .rela.text.system_exit_printf_flush
                0x000000001c00a8e8        0x0 /module/examples/other/wifi-img-streamer/BUILD/GAP8_V2/GCC_RISCV_FREERTOS/wifi-img-streamer.o
 .rela.sdata.g_lock
                0x000000001c00a8e8        0x0 /module/examples/other/wifi-img-streamer/BUILD/GAP8_V2/GCC_RISCV_FREERTOS/wifi-img-streamer.o
 .rela.sdata.g_unlock
                0x000000001c00a8e8        0x0 /module/examples/other/wifi-img-streamer/BUILD/GAP8_V2/GCC_RISCV_FREERTOS/wifi-img-streamer.o
 .rela.text.__pi_cl_delegate_l2_alloc
                0x000000001c00a8e8        0x0 /module/examples/other/wifi-img-streamer/BUILD/GAP8_V2/GCC_RISCV_FREERTOS/wifi-img-streamer.o
 .rela.text.__pi_cl_delegate_l2_free
                0x000000001c00a8e8        0x0 /module/examples/other/wifi-img-streamer/BUILD/GAP8_V2/GCC_RISCV_FREERTOS/wifi-img-streamer.o
 .rela.text.pi_cl_l2_malloc
                0x000000001c00a8e8        0x0 /module/examples/other/wifi-img-streamer/BUILD/GAP8_V2/GCC_RISCV_FREERTOS/wifi-img-streamer.o
 .rela.text.pi_cl_l2_free
                0x000000001c00a8e8        0x0 /module/examples/other/wifi-img-streamer/BUILD/GAP8_V2/GCC_RISCV_FREERTOS/wifi-img-streamer.o
 .rela.text.cl_notify_fc_event_handler
                0x000000001c00a8e8        0x0 /module/examples/other/wifi-img-streamer/BUILD/GAP8_V2/GCC_RISCV_FREERTOS/wifi-img-streamer.o
 .rela.text.pi_cl_send_task_to_fc
                0x000000001c00a8e8        0x0 /module/examples/other/wifi-img-streamer/BUILD/GAP8_V2/GCC_RISCV_FREERTOS/wifi-img-streamer.o
 .rela.text.__os_native_api_mutex_lock
                0x000000001c00a8e8        0x0 /module/examples/other/wifi-img-streamer/BUILD/GAP8_V2/GCC_RISCV_FREERTOS/wifi-img-streamer.o
 .rela.text.__os_native_api_mutex_release
                0x000000001c00a8e8        0x0 /module/examples/other/wifi-img-streamer/BUILD/GAP8_V2/GCC_RISCV_FREERTOS/wifi-img-streamer.o
 .rela.text.pi_cluster_open_async
                0x000000001c00a8e8        0x0 /module/examples/other/wifi-img-streamer/BUILD/GAP8_V2/GCC_RISCV_FREERTOS/wifi-img-streamer.o
 .rela.text.pi_cluster_close
                0x000000001c00a8e8        0x0 /module/examples/other/wifi-img-streamer/BUILD/GAP8_V2/GCC_RISCV_FREERTOS/wifi-img-streamer.o
 .rela.text.pi_cluster_open
                0x000000001c00a8e8        0x0 /module/examples/other/wifi-img-streamer/BUILD/GAP8_V2/GCC_RISCV_FREERTOS/wifi-img-streamer.o
 .rela.text.cl_task_finish
                0x000000001c00a8e8        0x0 /module/examples/other/wifi-img-streamer/BUILD/GAP8_V2/GCC_RISCV_FREERTOS/wifi-img-streamer.o
 .rela.text.pi_cluster_send_task_to_cl
                0x000000001c00a8e8        0x0 /module/examples/other/wifi-img-streamer/BUILD/GAP8_V2/GCC_RISCV_FREERTOS/wifi-img-streamer.o
 .rela.text.pi_cluster_send_task_to_cl_async
                0x000000001c00a8e8        0x0 /module/examples/other/wifi-img-streamer/BUILD/GAP8_V2/GCC_RISCV_FREERTOS/wifi-img-streamer.o
 .rela.text.__pi_cl_delegate_hyper_alloc
                0x000000001c00a8e8        0x0 /module/examples/other/wifi-img-streamer/BUILD/GAP8_V2/GCC_RISCV_FREERTOS/wifi-img-streamer.o
 .rela.text.__pi_cl_delegate_hyper_free
                0x000000001c00a8e8        0x0 /module/examples/other/wifi-img-streamer/BUILD/GAP8_V2/GCC_RISCV_FREERTOS/wifi-img-streamer.o
 .rela.text.__pi_cl_delegate_hyper_copy
                0x000000001c00a8e8        0x0 /module/examples/other/wifi-img-streamer/BUILD/GAP8_V2/GCC_RISCV_FREERTOS/wifi-img-streamer.o
 .rela.text.__pi_cl_hyper_copy_task_done
                0x000000001c00a8e8        0x0 /module/examples/other/wifi-img-streamer/BUILD/GAP8_V2/GCC_RISCV_FREERTOS/wifi-img-streamer.o
 .rela.text.__pi_cl_hyper_copy
                0x000000001c00a8e8        0x0 /module/examples/other/wifi-img-streamer/BUILD/GAP8_V2/GCC_RISCV_FREERTOS/wifi-img-streamer.o
 .rela.text.__pi_cl_hyper_copy_2d
                0x000000001c00a8e8        0x0 /module/examples/other/wifi-img-streamer/BUILD/GAP8_V2/GCC_RISCV_FREERTOS/wifi-img-streamer.o
 .rela.text.pi_cl_hyperram_alloc
                0x000000001c00a8e8        0x0 /module/examples/other/wifi-img-streamer/BUILD/GAP8_V2/GCC_RISCV_FREERTOS/wifi-img-streamer.o
 .rela.text.pi_cl_hyperram_free
                0x000000001c00a8e8        0x0 /module/examples/other/wifi-img-streamer/BUILD/GAP8_V2/GCC_RISCV_FREERTOS/wifi-img-streamer.o
 .rela.text.__pi_cl_uart_delegate_copy
                0x000000001c00a8e8        0x0 /module/examples/other/wifi-img-streamer/BUILD/GAP8_V2/GCC_RISCV_FREERTOS/wifi-img-streamer.o
 .rela.text.pi_cl_uart_write
                0x000000001c00a8e8        0x0 /module/examples/other/wifi-img-streamer/BUILD/GAP8_V2/GCC_RISCV_FREERTOS/wifi-img-streamer.o
 .rela.text.pi_cl_uart_write_byte
                0x000000001c00a8e8        0x0 /module/examples/other/wifi-img-streamer/BUILD/GAP8_V2/GCC_RISCV_FREERTOS/wifi-img-streamer.o
 .rela.text.pi_cl_uart_read
                0x000000001c00a8e8        0x0 /module/examples/other/wifi-img-streamer/BUILD/GAP8_V2/GCC_RISCV_FREERTOS/wifi-img-streamer.o
 .rela.text.pi_cl_uart_read_byte
                0x000000001c00a8e8        0x0 /module/examples/other/wifi-img-streamer/BUILD/GAP8_V2/GCC_RISCV_FREERTOS/wifi-img-streamer.o
 .rela.text.gpio_handler
                0x000000001c00a8e8        0x0 /module/examples/other/wifi-img-streamer/BUILD/GAP8_V2/GCC_RISCV_FREERTOS/wifi-img-streamer.o
 .rela.text.pi_gpio_open
                0x000000001c00a8e8        0x0 /module/examples/other/wifi-img-streamer/BUILD/GAP8_V2/GCC_RISCV_FREERTOS/wifi-img-streamer.o
 .rela.text.pi_gpio_close
                0x000000001c00a8e8        0x0 /module/examples/other/wifi-img-streamer/BUILD/GAP8_V2/GCC_RISCV_FREERTOS/wifi-img-streamer.o
 .rela.text.pi_gpio_pin_configure
                0x000000001c00a8e8        0x0 /module/examples/other/wifi-img-streamer/BUILD/GAP8_V2/GCC_RISCV_FREERTOS/wifi-img-streamer.o
 .rela.text.pi_pmu_voltage_set
                0x000000001c00a8e8        0x0 /module/examples/other/wifi-img-streamer/BUILD/GAP8_V2/GCC_RISCV_FREERTOS/wifi-img-streamer.o
 .rela.text.pi_pmu_state_get
                0x000000001c00a8e8        0x0 /module/examples/other/wifi-img-streamer/BUILD/GAP8_V2/GCC_RISCV_FREERTOS/wifi-img-streamer.o
 .rela.text.pi_pmu_boot_state_get
                0x000000001c00a8e8        0x0 /module/examples/other/wifi-img-streamer/BUILD/GAP8_V2/GCC_RISCV_FREERTOS/wifi-img-streamer.o
 .rela.text.pi_pmu_sleep_mode_set
                0x000000001c00a8e8        0x0 /module/examples/other/wifi-img-streamer/BUILD/GAP8_V2/GCC_RISCV_FREERTOS/wifi-img-streamer.o
 .rela.text.pi_pmu_sleep_mode_enable
                0x000000001c00a8e8        0x0 /module/examples/other/wifi-img-streamer/BUILD/GAP8_V2/GCC_RISCV_FREERTOS/wifi-img-streamer.o
 .rela.text.__pi_pmu_handler
                0x000000001c00a8e8        0x0 /module/examples/other/wifi-img-streamer/BUILD/GAP8_V2/GCC_RISCV_FREERTOS/wifi-img-streamer.o
 .rela.text.__pi_pmu_voltage_set
                0x000000001c00a8e8        0x0 /module/examples/other/wifi-img-streamer/BUILD/GAP8_V2/GCC_RISCV_FREERTOS/wifi-img-streamer.o
 .rela.text.__pi_pmu_sleep_mode_enable
                0x000000001c00a8e8        0x0 /module/examples/other/wifi-img-streamer/BUILD/GAP8_V2/GCC_RISCV_FREERTOS/wifi-img-streamer.o
 .rela.text.__pi_pmu_cluster_power_on
                0x000000001c00a8e8        0x0 /module/examples/other/wifi-img-streamer/BUILD/GAP8_V2/GCC_RISCV_FREERTOS/wifi-img-streamer.o
 .rela.text.__pi_pmu_cluster_power_off
                0x000000001c00a8e8        0x0 /module/examples/other/wifi-img-streamer/BUILD/GAP8_V2/GCC_RISCV_FREERTOS/wifi-img-streamer.o
 .rela.text.pi_pwm_conf_init
                0x000000001c00a8e8        0x0 /module/examples/other/wifi-img-streamer/BUILD/GAP8_V2/GCC_RISCV_FREERTOS/wifi-img-streamer.o
 .rela.text.pi_pwm_open
                0x000000001c00a8e8        0x0 /module/examples/other/wifi-img-streamer/BUILD/GAP8_V2/GCC_RISCV_FREERTOS/wifi-img-streamer.o
 .rela.text.pi_pwm_close
                0x000000001c00a8e8        0x0 /module/examples/other/wifi-img-streamer/BUILD/GAP8_V2/GCC_RISCV_FREERTOS/wifi-img-streamer.o
 .rela.text.pi_pwm_ioctl
                0x000000001c00a8e8        0x0 /module/examples/other/wifi-img-streamer/BUILD/GAP8_V2/GCC_RISCV_FREERTOS/wifi-img-streamer.o
 .rela.text.pi_pwm_counter_get